04-22 22:46:00.325  8433  8433 W IgMetaConfig: 	at android.app.Instrumentation.callApplicationOnCreate(Instrumentation.java:1401)
04-22 22:46:00.325  8433  8433 W IgMetaConfig: 	at android.app.ActivityThread.handleBindApplication(ActivityThread.java:7978)
04-22 22:46:00.325  8433  8433 W IgMetaConfig: 	at android.app.ActivityThread.-$$Nest$mhandleBindApplication(Unknown Source:0)
04-22 22:46:00.325  8433  8433 W IgMetaConfig: 	at android.app.ActivityThread$H.handleMessage(ActivityThread.java:2583)
04-22 22:46:00.325  8433  8433 W IgMetaConfig: 	at android.os.Handler.dispatchMessage(Handler.java:110)
04-22 22:46:00.325  8433  8433 W IgMetaConfig: 	at android.os.Looper.loopOnce(Looper.java:283)
04-22 22:46:00.325  8433  8433 W IgMetaConfig: 	at android.os.Looper.loop(Looper.java:392)
04-22 22:46:00.325  8433  8433 W IgMetaConfig: 	at android.app.ActivityThread.main(ActivityThread.java:9248)
04-22 22:46:00.325  8433  8433 W IgMetaConfig: 	at java.lang.reflect.Method.invoke(Native Method)
04-22 22:46:00.325  8433  8433 W IgMetaConfig: 	at com.android.internal.os.RuntimeInit$MethodAndArgsCaller.run(RuntimeInit.java:611)
04-22 22:46:00.325  8433  8433 W IgMetaConfig: 	at com.android.internal.os.ZygoteInit.main(ZygoteInit.java:944)
04-22 22:46:00.325  8433  8433 W IgMetaConfig: Could not obtain MC: null_factory 
04-22 22:46:00.325  8433  8433 W IgMetaConfig: java.lang.RuntimeException: Could not obtain MC, call-site will receive default values
04-22 22:46:00.325  8433  8433 W IgMetaConfig: 	at X.2iW.A05(Unknown Source:4)
04-22 22:46:00.325  8433  8433 W IgMetaConfig: 	at X.2iW.A04(Unknown Source:7)
04-22 22:46:00.325  8433  8433 W IgMetaConfig: 	at X.2iW.A02(Unknown Source:2)
04-22 22:46:00.325  8433  8433 W IgMetaConfig: 	at X.113.invoke(Unknown Source:774)
04-22 22:46:00.325  8433  8433 W IgMetaConfig: 	at X.058.invoke(Unknown Source:111)
04-22 22:46:00.325  8433  8433 W IgMetaConfig: 	at X.280.getValue(Unknown Source:20)
04-22 22:46:00.325  8433  8433 W IgMetaConfig: 	at X.3jX.A01(Unknown Source:8)
04-22 22:46:00.325  8433  8433 W IgMetaConfig: 	at X.2fb.A00(:10)
04-22 22:46:00.325  8433  8433 W IgMetaConfig: 	at X.2ev.invoke(:44)
04-22 22:46:00.325  8433  8433 W IgMetaConfig: 	at X.280.getValue(Unknown Source:20)
04-22 22:46:00.325  8433  8433 W IgMetaConfig: 	at X.2eo.A01(:2)
04-22 22:46:00.325  8433  8433 W IgMetaConfig: 	at X.4Uh.invoke(Unknown Source:1169)
04-22 22:46:00.325  8433  8433 W IgMetaConfig: 	at X.280.getValue(Unknown Source:20)
04-22 22:46:00.325  8433  8433 W IgMetaConfig: 	at com.instagram.user.model.User.A08(Unknown Source:47)
04-22 22:46:00.325  8433  8433 W IgMetaConfig: 	at X.3jL.invoke(Unknown Source:440)
04-22 22:46:00.325  8433  8433 W IgMetaConfig: 	at X.3gO.apply(Unknown Source:4)
04-22 22:46:00.325  8433  8433 W IgMetaConfig: 	at java.util.concurrent.ConcurrentMap.computeIfAbsent(ConcurrentMap.java:330)
04-22 22:46:00.325  8433  8433 W IgMetaConfig: 	at com.instagram.user.model.UserCache.A03(Unknown Source:64)
04-22 22:46:00.325  8433  8433 W IgMetaConfig: 	at X.2aS.A02(:16)
04-22 22:46:00.325  8433  8433 W IgMetaConfig: 	at X.2aS.A01(:28)
04-22 22:46:00.325  8433  8433 W IgMetaConfig: 	at X.2aS.A00(:1)
04-22 22:46:00.325  8433  8433 W IgMetaConfig: 	at X.1fO.<init>(Unknown Source:209)
04-22 22:46:00.325  8433  8433 W IgMetaConfig: 	at X.3gc.invoke(Unknown Source:663)
04-22 22:46:00.325  8433  8433 W IgMetaConfig: 	at X.280.getValue(Unknown Source:20)
04-22 22:46:00.325  8433  8433 W IgMetaConfig: 	at X.1fP.A00(Unknown Source:4)
04-22 22:46:00.325  8433  8433 W IgMetaConfig: 	at X.1fP.A0A(Unknown Source:4)
04-22 22:46:00.325  8433  8433 W IgMetaConfig: 	at X.1xc.A03(:83)
04-22 22:46:00.325  8433  8433 W IgMetaConfig: 	at X.2eH.A01(Unknown Source:39)
04-22 22:46:00.325  8433  8433 W IgMetaConfig: 	at com.instagram.barcelona.process.main.BarcelonaApplicationForMainProcess.A07(:2684)
04-22 22:46:00.325  8433  8433 W IgMetaConfig: 	at com.instagram.barcelona.app.BarcelonaAppShell.onCreate(Unknown Source:707)
04-22 22:46:00.325  8433  8433 W IgMetaConfig: 	at android.app.Instrumentation.callApplicationOnCreate(Instrumentation.java:1401)
04-22 22:46:00.325  8433  8433 W IgMetaConfig: 	at android.app.ActivityThread.handleBindApplication(ActivityThread.java:7978)
04-22 22:46:00.325  8433  8433 W IgMetaConfig: 	at android.app.ActivityThread.-$$Nest$mhandleBindApplication(Unknown Source:0)
04-22 22:46:00.325  8433  8433 W IgMetaConfig: 	at android.app.ActivityThread$H.handleMessage(ActivityThread.java:2583)
04-22 22:46:00.325  8433  8433 W IgMetaConfig: 	at android.os.Handler.dispatchMessage(Handler.java:110)
04-22 22:46:00.325  8433  8433 W IgMetaConfig: 	at android.os.Looper.loopOnce(Looper.java:283)
04-22 22:46:00.325  8433  8433 W IgMetaConfig: 	at android.os.Looper.loop(Looper.java:392)
04-22 22:46:00.325  8433  8433 W IgMetaConfig: 	at android.app.ActivityThread.main(ActivityThread.java:9248)
04-22 22:46:00.325  8433  8433 W IgMetaConfig: 	at java.lang.reflect.Method.invoke(Native Method)
04-22 22:46:00.325  8433  8433 W IgMetaConfig: 	at com.android.internal.os.RuntimeInit$MethodAndArgsCaller.run(RuntimeInit.java:611)
04-22 22:46:00.325  8433  8433 W IgMetaConfig: 	at com.android.internal.os.ZygoteInit.main(ZygoteInit.java:944)
04-22 22:46:00.325  8433  8433 W SoLoader: Loading live-tree-jni on the main thread
04-22 22:46:00.325  8433  8433 W SoLoader: Loading live-tree-jni on the main thread
04-22 22:46:00.326  8433  8433 W SoLoader: Loading pando-jni on the main thread
04-22 22:46:00.326  8433  8433 W SoLoader: Loading live-tree-jni on the main thread
04-22 22:46:00.328  8424  8468 W BackupSoSource: adding backup source from split: ExtractFromZipSoSource[/data/app/~~MVFdS6bURCRBP_UVgKBxNA==/com.instagram.android-wMtXTGFsutubrGAkkwETCg==/split_heliumcore.apk]
04-22 22:46:00.328  8424  8468 W BackupSoSource: adding backup source from split: ExtractFromZipSoSource[/data/app/~~MVFdS6bURCRBP_UVgKBxNA==/com.instagram.android-wMtXTGFsutubrGAkkwETCg==/split_heliumiab.apk]
04-22 22:46:00.328  8424  8468 W SoLoader: SoLoader initialized: 2
04-22 22:46:00.328  8433  8463 W DexLibLoader: integrateWithLibSigChain: disable=false
04-22 22:46:00.329  8433  8433 W SoLoader: Loading bandwidth_estimator_jni on the main thread
04-22 22:46:00.329  8424  8468 W FbSoLoader: Will use precomputed native lib dependencies file, reading directly from the APK using AssetManager true
04-22 22:46:00.329  8433  8463 W dalvik-internals: sigaction64 succeeded
04-22 22:46:00.329  8433  8463 D dalvik-internals: SuspendAndroid11: Found all symbols
04-22 22:46:00.329  8433  8463 D dalvik-internals: SuspendAndroid11: Suspending threads.
04-22 22:46:00.329  8433  8463 D dalvik-internals: SuspendAndroid11: Resuming threads.
04-22 22:46:00.330  8433  8463 V dalvik-internals: hooked signal using trap ()
04-22 22:46:00.330  8433  8463 V dalvik-internals: hooked sigaction using trap ()
04-22 22:46:00.330  8433  8463 I dalvik-internals: integrateWithCrashLog crashlog: /data/user/0/com.instagram.barcelona/crash_log, insta_crashlog: /data/user/0/com.instagram.barcelona/insta_crash_log
04-22 22:46:00.330  8433  8463 I dalvik-internals: installed sigmux crash handler for crash log
04-22 22:46:00.330  8433  8463 W lacrima : LacrimaInitializer.init
04-22 22:46:00.330  8433  8463 W lacrima : Cannot find registered detector
04-22 22:46:00.319  8424  8424 W Lacrima_single_: type=1400 audit(0.0:16705): avc:  denied  { read } for  name="sdcard" dev="tmpfs" ino=35 scontext=u:r:untrusted_app:s0:c50,c257,c512,c768 tcontext=u:object_r:mnt_sdcard_file:s0 tclass=lnk_file permissive=0 app=com.instagram.android
04-22 22:46:00.331  8424  8468 W SoLoader: Prepending SoSource lib-compressed: SuperpackSoSource[root = /data/data/com.instagram.android/lib-compressed flags = 1 split = dynamic split:base compressedPath = assets/lib/libs.spo identity = base]
04-22 22:46:00.331  8433  8463 W SoLoader[NativeDeps]: Falling back to custom ELF parsing when loading libscrollmerged.so, this can be slow
04-22 22:46:00.331  8424  8468 W FbSoLoader: Initialized FBSoLoader
04-22 22:46:00.332  8424  8424 W MultiDexInstaller: Vanilla class loader is installed
04-22 22:46:00.332  8433  8462 W lacrima : FixedLengthFiles.init() called twice.
04-22 22:46:00.332  8433  8462 W lacrima : FixedLengthFiles.init() called twice.
04-22 22:46:00.332  8433  8433 W IgMetaConfig: Could not obtain MC: null_factory 
04-22 22:46:00.332  8433  8433 W IgMetaConfig: java.lang.RuntimeException: Could not obtain MC, call-site will receive default values
04-22 22:46:00.332  8433  8433 W IgMetaConfig: 	at X.2iW.A05(Unknown Source:4)
04-22 22:46:00.332  8433  8433 W IgMetaConfig: 	at X.2iW.A04(Unknown Source:7)
04-22 22:46:00.332  8433  8433 W IgMetaConfig: 	at X.2iW.A02(Unknown Source:2)
04-22 22:46:00.332  8433  8433 W IgMetaConfig: 	at X.2lo.A00(:4)
04-22 22:46:00.332  8433  8433 W IgMetaConfig: 	at X.2ln.A02(:4)
04-22 22:46:00.332  8433  8433 W IgMetaConfig: 	at X.1xm.A03(:171)
04-22 22:46:00.332  8433  8433 W IgMetaConfig: 	at X.2eH.A01(Unknown Source:39)
04-22 22:46:00.332  8433  8433 W IgMetaConfig: 	at com.instagram.barcelona.process.main.BarcelonaApplicationForMainProcess.A07(:2684)
04-22 22:46:00.332  8433  8433 W IgMetaConfig: 	at com.instagram.barcelona.app.BarcelonaAppShell.onCreate(Unknown Source:707)
04-22 22:46:00.332  8433  8433 W IgMetaConfig: 	at android.app.Instrumentation.callApplicationOnCreate(Instrumentation.java:1401)
04-22 22:46:00.332  8433  8433 W IgMetaConfig: 	at android.app.ActivityThread.handleBindApplication(ActivityThread.java:7978)
04-22 22:46:00.332  8433  8433 W IgMetaConfig: 	at android.app.ActivityThread.-$$Nest$mhandleBindApplication(Unknown Source:0)
04-22 22:46:00.332  8433  8433 W IgMetaConfig: 	at android.app.ActivityThread$H.handleMessage(ActivityThread.java:2583)
04-22 22:46:00.332  8433  8433 W IgMetaConfig: 	at android.os.Handler.dispatchMessage(Handler.java:110)
04-22 22:46:00.332  8433  8433 W IgMetaConfig: 	at android.os.Looper.loopOnce(Looper.java:283)
04-22 22:46:00.332  8433  8433 W IgMetaConfig: 	at android.os.Looper.loop(Looper.java:392)
04-22 22:46:00.332  8433  8433 W IgMetaConfig: 	at android.app.ActivityThread.main(ActivityThread.java:9248)
04-22 22:46:00.332  8433  8433 W IgMetaConfig: 	at java.lang.reflect.Method.invoke(Native Method)
04-22 22:46:00.332  8433  8433 W IgMetaConfig: 	at com.android.internal.os.RuntimeInit$MethodAndArgsCaller.run(RuntimeInit.java:611)
04-22 22:46:00.332  8433  8433 W IgMetaConfig: 	at com.android.internal.os.ZygoteInit.main(ZygoteInit.java:944)
04-22 22:46:00.333  8433  8433 W IgMetaConfig: Could not obtain MC: null_factory 
04-22 22:46:00.333  8433  8433 W IgMetaConfig: java.lang.RuntimeException: Could not obtain MC, call-site will receive default values
04-22 22:46:00.333  8433  8433 W IgMetaConfig: 	at X.2iW.A05(Unknown Source:4)
04-22 22:46:00.333  8433  8433 W IgMetaConfig: 	at X.2iW.A04(Unknown Source:7)
04-22 22:46:00.333  8433  8433 W IgMetaConfig: 	at X.2iW.A02(Unknown Source:2)
04-22 22:46:00.333  8433  8433 W IgMetaConfig: 	at X.1xm.A03(:242)
04-22 22:46:00.333  8433  8433 W IgMetaConfig: 	at X.2eH.A01(Unknown Source:39)
04-22 22:46:00.333  8433  8433 W IgMetaConfig: 	at com.instagram.barcelona.process.main.BarcelonaApplicationForMainProcess.A07(:2684)
04-22 22:46:00.333  8433  8433 W IgMetaConfig: 	at com.instagram.barcelona.app.BarcelonaAppShell.onCreate(Unknown Source:707)
04-22 22:46:00.333  8433  8433 W IgMetaConfig: 	at android.app.Instrumentation.callApplicationOnCreate(Instrumentation.java:1401)
04-22 22:46:00.333  8433  8433 W IgMetaConfig: 	at android.app.ActivityThread.handleBindApplication(ActivityThread.java:7978)
04-22 22:46:00.333  8433  8433 W IgMetaConfig: 	at android.app.ActivityThread.-$$Nest$mhandleBindApplication(Unknown Source:0)
04-22 22:46:00.333  8433  8433 W IgMetaConfig: 	at android.app.ActivityThread$H.handleMessage(ActivityThread.java:2583)
04-22 22:46:00.333  8433  8433 W IgMetaConfig: 	at android.os.Handler.dispatchMessage(Handler.java:110)
04-22 22:46:00.333  8433  8433 W IgMetaConfig: 	at android.os.Looper.loopOnce(Looper.java:283)
04-22 22:46:00.333  8433  8433 W IgMetaConfig: 	at android.os.Looper.loop(Looper.java:392)
04-22 22:46:00.333  8433  8433 W IgMetaConfig: 	at android.app.ActivityThread.main(ActivityThread.java:9248)
04-22 22:46:00.333  8433  8433 W IgMetaConfig: 	at java.lang.reflect.Method.invoke(Native Method)
04-22 22:46:00.333  8433  8433 W IgMetaConfig: 	at com.android.internal.os.RuntimeInit$MethodAndArgsCaller.run(RuntimeInit.java:611)
04-22 22:46:00.333  8433  8433 W IgMetaConfig: 	at com.android.internal.os.ZygoteInit.main(ZygoteInit.java:944)
04-22 22:46:00.333  8433  8433 W IgMetaConfig: Could not obtain MC: null_factory 
04-22 22:46:00.333  8433  8433 W IgMetaConfig: java.lang.RuntimeException: Could not obtain MC, call-site will receive default values
04-22 22:46:00.333  8433  8433 W IgMetaConfig: 	at X.2iW.A05(Unknown Source:4)
04-22 22:46:00.333  8433  8433 W IgMetaConfig: 	at X.2iW.A04(Unknown Source:7)
04-22 22:46:00.333  8433  8433 W IgMetaConfig: 	at X.2iW.A02(Unknown Source:2)
04-22 22:46:00.333  8433  8433 W IgMetaConfig: 	at X.1xm.A03(:257)
04-22 22:46:00.333  8433  8433 W IgMetaConfig: 	at X.2eH.A01(Unknown Source:39)
04-22 22:46:00.333  8433  8433 W IgMetaConfig: 	at com.instagram.barcelona.process.main.BarcelonaApplicationForMainProcess.A07(:2684)
04-22 22:46:00.333  8433  8433 W IgMetaConfig: 	at com.instagram.barcelona.app.BarcelonaAppShell.onCreate(Unknown Source:707)
04-22 22:46:00.333  8433  8433 W IgMetaConfig: 	at android.app.Instrumentation.callApplicationOnCreate(Instrumentation.java:1401)
04-22 22:46:00.333  8433  8433 W IgMetaConfig: 	at android.app.ActivityThread.handleBindApplication(ActivityThread.java:7978)
04-22 22:46:00.333  8433  8433 W IgMetaConfig: 	at android.app.ActivityThread.-$$Nest$mhandleBindApplication(Unknown Source:0)
04-22 22:46:00.333  8433  8433 W IgMetaConfig: 	at android.app.ActivityThread$H.handleMessage(ActivityThread.java:2583)
04-22 22:46:00.333  8433  8433 W IgMetaConfig: 	at android.os.Handler.dispatchMessage(Handler.java:110)
04-22 22:46:00.333  8433  8433 W IgMetaConfig: 	at android.os.Looper.loopOnce(Looper.java:283)
04-22 22:46:00.333  8433  8433 W IgMetaConfig: 	at android.os.Looper.loop(Looper.java:392)
04-22 22:46:00.333  8433  8433 W IgMetaConfig: 	at android.app.ActivityThread.main(ActivityThread.java:9248)
04-22 22:46:00.333  8433  8433 W IgMetaConfig: 	at java.lang.reflect.Method.invoke(Native Method)
04-22 22:46:00.333  8433  8433 W IgMetaConfig: 	at com.android.internal.os.RuntimeInit$MethodAndArgsCaller.run(RuntimeInit.java:611)
04-22 22:46:00.333  8433  8433 W IgMetaConfig: 	at com.android.internal.os.ZygoteInit.main(ZygoteInit.java:944)
04-22 22:46:00.333  8433  8433 W IgMetaConfig: Could not obtain MC: null_factory 
04-22 22:46:00.333  8433  8433 W IgMetaConfig: java.lang.RuntimeException: Could not obtain MC, call-site will receive default values
04-22 22:46:00.333  8433  8433 W IgMetaConfig: 	at X.2iW.A05(Unknown Source:4)
04-22 22:46:00.333  8433  8433 W IgMetaConfig: 	at X.2iW.A04(Unknown Source:7)
04-22 22:46:00.333  8433  8433 W IgMetaConfig: 	at X.2iW.A02(Unknown Source:2)
04-22 22:46:00.333  8433  8433 W IgMetaConfig: 	at X.2lo.A00(:4)
04-22 22:46:00.333  8433  8433 W IgMetaConfig: 	at X.2ln.A02(:4)
04-22 22:46:00.333  8433  8433 W IgMetaConfig: 	at X.1xm.A03(:297)
04-22 22:46:00.333  8433  8433 W IgMetaConfig: 	at X.2eH.A01(Unknown Source:39)
04-22 22:46:00.333  8433  8433 W IgMetaConfig: 	at com.instagram.barcelona.process.main.BarcelonaApplicationForMainProcess.A07(:2684)
04-22 22:46:00.333  8433  8433 W IgMetaConfig: 	at com.instagram.barcelona.app.BarcelonaAppShell.onCreate(Unknown Source:707)
04-22 22:46:00.333  8433  8433 W IgMetaConfig: 	at android.app.Instrumentation.callApplicationOnCreate(Instrumentation.java:1401)
04-22 22:46:00.333  8433  8433 W IgMetaConfig: 	at android.app.ActivityThread.handleBindApplication(ActivityThread.java:7978)
04-22 22:46:00.333  8433  8433 W IgMetaConfig: 	at android.app.ActivityThread.-$$Nest$mhandleBindApplication(Unknown Source:0)
04-22 22:46:00.333  8433  8433 W IgMetaConfig: 	at android.app.ActivityThread$H.handleMessage(ActivityThread.java:2583)
04-22 22:46:00.333  8433  8433 W IgMetaConfig: 	at android.os.Handler.dispatchMessage(Handler.java:110)
04-22 22:46:00.333  8433  8433 W IgMetaConfig: 	at android.os.Looper.loopOnce(Looper.java:283)
04-22 22:46:00.333  8433  8433 W IgMetaConfig: 	at android.os.Looper.loop(Looper.java:392)
04-22 22:46:00.333  8433  8433 W IgMetaConfig: 	at android.app.ActivityThread.main(ActivityThread.java:9248)
04-22 22:46:00.333  8433  8433 W IgMetaConfig: 	at java.lang.reflect.Method.invoke(Native Method)
04-22 22:46:00.333  8433  8433 W IgMetaConfig: 	at com.android.internal.os.RuntimeInit$MethodAndArgsCaller.run(RuntimeInit.java:611)
04-22 22:46:00.333  8433  8433 W IgMetaConfig: 	at com.android.internal.os.ZygoteInit.main(ZygoteInit.java:944)
04-22 22:46:00.333  8433  8433 W IgMetaConfig: Could not obtain MC: null_factory 
04-22 22:46:00.333  8433  8433 W IgMetaConfig: java.lang.RuntimeException: Could not obtain MC, call-site will receive default values
04-22 22:46:00.333  8433  8433 W IgMetaConfig: 	at X.2iW.A05(Unknown Source:4)
04-22 22:46:00.333  8433  8433 W IgMetaConfig: 	at X.2iW.A04(Unknown Source:7)
04-22 22:46:00.333  8433  8433 W IgMetaConfig: 	at X.2iW.A02(Unknown Source:2)
04-22 22:46:00.333  8433  8433 W IgMetaConfig: 	at X.1xm.A03(:315)
04-22 22:46:00.333  8433  8433 W IgMetaConfig: 	at X.2eH.A01(Unknown Source:39)
04-22 22:46:00.333  8433  8433 W IgMetaConfig: 	at com.instagram.barcelona.process.main.BarcelonaApplicationForMainProcess.A07(:2684)
04-22 22:46:00.333  8433  8433 W IgMetaConfig: 	at com.instagram.barcelona.app.BarcelonaAppShell.onCreate(Unknown Source:707)
04-22 22:46:00.333  8433  8433 W IgMetaConfig: 	at android.app.Instrumentation.callApplicationOnCreate(Instrumentation.java:1401)
04-22 22:46:00.333  8433  8433 W IgMetaConfig: 	at android.app.ActivityThread.handleBindApplication(ActivityThread.java:7978)
04-22 22:46:00.333  8433  8433 W IgMetaConfig: 	at android.app.ActivityThread.-$$Nest$mhandleBindApplication(Unknown Source:0)
04-22 22:46:00.333  8433  8433 W IgMetaConfig: 	at android.app.ActivityThread$H.handleMessage(ActivityThread.java:2583)
04-22 22:46:00.333  8433  8433 W IgMetaConfig: 	at android.os.Handler.dispatchMessage(Handler.java:110)
04-22 22:46:00.333  8433  8433 W IgMetaConfig: 	at android.os.Looper.loopOnce(Looper.java:283)
04-22 22:46:00.333  8433  8433 W IgMetaConfig: 	at android.os.Looper.loop(Looper.java:392)
04-22 22:46:00.333  8433  8433 W IgMetaConfig: 	at android.app.ActivityThread.main(ActivityThread.java:9248)
04-22 22:46:00.333  8433  8433 W IgMetaConfig: 	at java.lang.reflect.Method.invoke(Native Method)
04-22 22:46:00.333  8433  8433 W IgMetaConfig: 	at com.android.internal.os.RuntimeInit$MethodAndArgsCaller.run(RuntimeInit.java:611)
04-22 22:46:00.333  8433  8433 W IgMetaConfig: 	at com.android.internal.os.ZygoteInit.main(ZygoteInit.java:944)
04-22 22:46:00.335  8433  8463 D nativeloader: Load /data/app/~~bJw5MccA52bJCb3fMIY7rA==/com.instagram.barcelona-_2ub7Ao-jQIAu8ot4o44GA==/split_config.arm64_v8a.apk!/lib/arm64-v8a/libscrollmerged.so using class loader ns clns-9 (caller=/data/app/~~bJw5MccA52bJCb3fMIY7rA==/com.instagram.barcelona-_2ub7Ao-jQIAu8ot4o44GA==/base.apk!classes8.dex): ok
04-22 22:46:00.337  8433  8433 W SoLoader: Loading mobileconfig-jni on the main thread
04-22 22:46:00.340  8433  8433 W IgMetaConfig: Could not obtain MC: not_user_session session=X.3kJ@21ec06a
04-22 22:46:00.340  8433  8433 W IgMetaConfig: java.lang.RuntimeException: Could not obtain MC, call-site will receive default values
04-22 22:46:00.340  8433  8433 W IgMetaConfig: 	at X.2iW.A05(Unknown Source:4)
04-22 22:46:00.340  8433  8433 W IgMetaConfig: 	at X.2iW.A04(Unknown Source:7)
04-22 22:46:00.340  8433  8433 W IgMetaConfig: 	at X.2iW.A02(Unknown Source:2)
04-22 22:46:00.340  8433  8433 W IgMetaConfig: 	at X.3an.A00(:8)
04-22 22:46:00.340  8433  8433 W IgMetaConfig: 	at X.3an.A01(:2)
04-22 22:46:00.340  8433  8433 W IgMetaConfig: 	at X.3al.A00(:8)
04-22 22:46:00.340  8433  8433 W IgMetaConfig: 	at X.3aj.<init>(:19)
04-22 22:46:00.340  8433  8433 W IgMetaConfig: 	at X.3fI.A01(Unknown Source:977)
04-22 22:46:00.340  8433  8433 W IgMetaConfig: 	at X.3fI.invoke(Unknown Source:5)
04-22 22:46:00.340  8433  8433 W IgMetaConfig: 	at X.280.getValue(Unknown Source:20)
04-22 22:46:00.340  8433  8433 W IgMetaConfig: 	at X.3fI.A01(Unknown Source:991)
04-22 22:46:00.340  8433  8433 W IgMetaConfig: 	at X.3fI.invoke(Unknown Source:5)
04-22 22:46:00.340  8433  8433 W IgMetaConfig: 	at X.1fs.A05(Unknown Source:32)
04-22 22:46:00.340  8433  8433 W IgMetaConfig: 	at X.2eU.A03(Unknown Source:184)
04-22 22:46:00.340  8433  8433 W IgMetaConfig: 	at X.2eH.A01(Unknown Source:39)
04-22 22:46:00.340  8433  8433 W IgMetaConfig: 	at com.instagram.barcelona.process.main.BarcelonaApplicationForMainProcess.A07(:2684)
04-22 22:46:00.340  8433  8433 W IgMetaConfig: 	at com.instagram.barcelona.app.BarcelonaAppShell.onCreate(Unknown Source:707)
04-22 22:46:00.340  8433  8433 W IgMetaConfig: 	at android.app.Instrumentation.callApplicationOnCreate(Instrumentation.java:1401)
04-22 22:46:00.340  8433  8433 W IgMetaConfig: 	at android.app.ActivityThread.handleBindApplication(ActivityThread.java:7978)
04-22 22:46:00.340  8433  8433 W IgMetaConfig: 	at android.app.ActivityThread.-$$Nest$mhandleBindApplication(Unknown Source:0)
04-22 22:46:00.340  8433  8433 W IgMetaConfig: 	at android.app.ActivityThread$H.handleMessage(ActivityThread.java:2583)
04-22 22:46:00.340  8433  8433 W IgMetaConfig: 	at android.os.Handler.dispatchMessage(Handler.java:110)
04-22 22:46:00.340  8433  8433 W IgMetaConfig: 	at android.os.Looper.loopOnce(Looper.java:283)
04-22 22:46:00.340  8433  8433 W IgMetaConfig: 	at android.os.Looper.loop(Looper.java:392)
04-22 22:46:00.340  8433  8433 W IgMetaConfig: 	at android.app.ActivityThread.main(ActivityThread.java:9248)
04-22 22:46:00.340  8433  8433 W IgMetaConfig: 	at java.lang.reflect.Method.invoke(Native Method)
04-22 22:46:00.340  8433  8433 W IgMetaConfig: 	at com.android.internal.os.RuntimeInit$MethodAndArgsCaller.run(RuntimeInit.java:611)
04-22 22:46:00.340  8433  8433 W IgMetaConfig: 	at com.android.internal.os.ZygoteInit.main(ZygoteInit.java:944)
04-22 22:46:00.340  8433  8433 W SoLoader: Loading mobileconfig-jni on the main thread
04-22 22:46:00.341  8433  8433 W SoLoader: Loading mobileconfig-stub-funcs on the main thread
04-22 22:46:00.341  8424  8508 D nativeloader: Load /data/app/~~MVFdS6bURCRBP_UVgKBxNA==/com.instagram.android-wMtXTGFsutubrGAkkwETCg==/lib/arm64/libbreakpad.so using class loader ns clns-10 (caller=/data/app/~~MVFdS6bURCRBP_UVgKBxNA==/com.instagram.android-wMtXTGFsutubrGAkkwETCg==/base.apk!classes11.dex): ok
04-22 22:46:00.342  8424  8424 W MultiDexInstaller: Vanilla class loader is installed
04-22 22:46:00.342  8424  8424 W IgProfiloInitializer: Using loom default init
04-22 22:46:00.342  8424  8424 W SoLoader: Loading fbjni on the main thread
04-22 22:46:00.343  8433  8433 W SoLoader: Loading mobileconfig-stub-funcs on the main thread
04-22 22:46:00.339  8424  8424 W Lacrima_startup: type=1400 audit(0.0:16706): avc:  granted  { execute } for  path="/data/data/com.instagram.android/lib-compressed/libearlystartup.so" dev="dm-59" ino=842 scontext=u:r:untrusted_app:s0:c50,c257,c512,c768 tcontext=u:object_r:app_data_file:s0:c50,c257,c512,c768 tclass=file app=com.instagram.android
04-22 22:46:00.343  8424  8508 D nativeloader: Load /data/data/com.instagram.android/lib-compressed/libearlystartup.so using class loader ns clns-10 (caller=/data/app/~~MVFdS6bURCRBP_UVgKBxNA==/com.instagram.android-wMtXTGFsutubrGAkkwETCg==/base.apk!classes11.dex): ok
04-22 22:46:00.344  2962  6458 D ConnectivityService: requestNetwork for uid/pid:10318/8433 activeRequest: null callbackRequest: 5294 [NetworkRequest [ REQUEST id=5295, [ Capabilities: INTERNET&NOT_RESTRICTED&TRUSTED&NOT_VCN_MANAGED&NOT_BANDWIDTH_CONSTRAINED Uid: 10318 RequestorUid: 10318 RequestorPkg: com.instagram.barcelona UnderlyingNetworks: Null] ]] callback flags: 0 order: 2147483647 isUidTracked: false declaredMethods: AVAIL|LOST|NC
04-22 22:46:00.344  2962  4221 D FileUtils: Rounded bytes from 11809792000 to 16000000000
04-22 22:46:00.345  8424  8424 W SoLoader: Loading profilo_apiimpl on the main thread
04-22 22:46:00.345  8424  8424 W SoLoader: Loading fb on the main thread
04-22 22:46:00.345  8424  8424 W SoLoader: Loading fb on the main thread
04-22 22:46:00.347  8424  8424 W SoLoader: Loading profilo_configjni on the main thread
04-22 22:46:00.347  2962  3661 D WifiNetworkFactory: got request NetworkRequest [ REQUEST id=5295, [ Capabilities: INTERNET&NOT_RESTRICTED&TRUSTED&NOT_VCN_MANAGED&NOT_BANDWIDTH_CONSTRAINED Uid: 10318 RequestorUid: 10318 RequestorPkg: com.instagram.barcelona UnderlyingNetworks: Null] ]
04-22 22:46:00.347  2962  3661 D UntrustedWifiNetworkFactory: got request NetworkRequest [ REQUEST id=5295, [ Capabilities: INTERNET&NOT_RESTRICTED&TRUSTED&NOT_VCN_MANAGED&NOT_BANDWIDTH_CONSTRAINED Uid: 10318 RequestorUid: 10318 RequestorPkg: com.instagram.barcelona UnderlyingNetworks: Null] ]
04-22 22:46:00.347  8424  8424 W SoLoader: Loading profilo_configjni on the main thread
04-22 22:46:00.348  2962  3661 D OemPaidWifiNetworkFactory: got request NetworkRequest [ REQUEST id=5295, [ Capabilities: INTERNET&NOT_RESTRICTED&TRUSTED&NOT_VCN_MANAGED&NOT_BANDWIDTH_CONSTRAINED Uid: 10318 RequestorUid: 10318 RequestorPkg: com.instagram.barcelona UnderlyingNetworks: Null] ]
04-22 22:46:00.348  8424  8424 W SoLoader: Loading profilo_mmapbuf on the main thread
04-22 22:46:00.348  8424  8424 W SoLoader: Loading profilo on the main thread
04-22 22:46:00.348  2962  3661 D MultiInternetWifiNetworkFactory: got request NetworkRequest [ REQUEST id=5295, [ Capabilities: INTERNET&NOT_RESTRICTED&TRUSTED&NOT_VCN_MANAGED&NOT_BANDWIDTH_CONSTRAINED Uid: 10318 RequestorUid: 10318 RequestorPkg: com.instagram.barcelona UnderlyingNetworks: Null] ]
04-22 22:46:00.348  8424  8424 W Profilo/TraceControl: Loom client config id: 3235804871311209543
04-22 22:46:00.348  2962  3668 D ConnectivityService: NetReassign [5295 : null в†’ 101] [c 0] [a 1] [i 2]
04-22 22:46:00.348  8433  8433 E agram.barcelona: No implementation found for void com.facebook.quicklog.QuickPerformanceLoggerNativeProvider.nativeUpdateQPLInstance() (tried Java_com_facebook_quicklog_QuickPerformanceLoggerNativeProvider_nativeUpdateQPLInstance and Java_com_facebook_quicklog_QuickPerformanceLoggerNativeProvider_nativeUpdateQPLInstance__) - is the library loaded, e.g. System.loadLibrary?
04-22 22:46:00.348  8433  8433 W QPLProvider: QuickPerformanceLoggerProvider failed to update native QPL instance, native library. This is expected during early app initialization
04-22 22:46:00.349  8433  8433 W SoLoader: Loading xanalyticsadapter-jni on the main thread
04-22 22:46:00.351  8424  8424 W AppProfiloInitializer: Cold start marker: 0
04-22 22:46:00.351  8424  8424 E AppProfiloInitializer: Cold start trace failed: no marker
04-22 22:46:00.352  8424  8424 W Profilo/TraceControl: Loom client config id: 3235804871311209543
04-22 22:46:00.352  8433  8483 W QPLConfig: failed to load config
04-22 22:46:00.352  8433  8483 W QPLConfig: java.io.FileNotFoundException: /data/user/0/com.instagram.barcelona/app_qpl/qpl_sampling_config_v2.null: open failed: ENOENT (No such file or directory)
04-22 22:46:00.352  8433  8483 W QPLConfig: 	at libcore.io.IoBridge.open(IoBridge.java:574)
04-22 22:46:00.352  8433  8483 W QPLConfig: 	at java.io.FileInputStream.<init>(FileInputStream.java:179)
04-22 22:46:00.352  8433  8483 W QPLConfig: 	at X.3jx.A00(:36)
04-22 22:46:00.352  8433  8483 W QPLConfig: 	at X.3ju.run(:159)
04-22 22:46:00.352  8433  8483 W QPLConfig: 	at X.2fu.run(:2)
04-22 22:46:00.352  8433  8483 W QPLConfig: 	at X.1rs.run(:25)
04-22 22:46:00.352  8433  8483 W QPLConfig: 	at X.2ql.run(:2)
04-22 22:46:00.352  8433  8483 W QPLConfig: 	at X.1rs.run(:25)
04-22 22:46:00.352  8433  8483 W QPLConfig: 	at java.util.concurrent.ThreadPoolExecutor.runWorker(ThreadPoolExecutor.java:1154)
04-22 22:46:00.352  8433  8483 W QPLConfig: 	at java.util.concurrent.ThreadPoolExecutor$Worker.run(ThreadPoolExecutor.java:652)
04-22 22:46:00.352  8433  8483 W QPLConfig: 	at X.1rv.run(:113)
04-22 22:46:00.352  8433  8483 W QPLConfig: 	at java.lang.Thread.run(Thread.java:1564)
04-22 22:46:00.352  8433  8483 W QPLConfig: 	at X.1rw.run(:8)
04-22 22:46:00.352  8433  8483 W QPLConfig: Caused by: android.system.ErrnoException: open failed: ENOENT (No such file or directory)
04-22 22:46:00.352  8433  8483 W QPLConfig: 	at libcore.io.Linux.open(Native Method)
04-22 22:46:00.352  8433  8483 W QPLConfig: 	at libcore.io.ForwardingOs.open(ForwardingOs.java:574)
04-22 22:46:00.352  8433  8483 W QPLConfig: 	at libcore.io.BlockGuardOs.open(BlockGuardOs.java:274)
04-22 22:46:00.352  8433  8483 W QPLConfig: 	at libcore.io.ForwardingOs.open(ForwardingOs.java:574)
04-22 22:46:00.352  8433  8483 W QPLConfig: 	at android.app.ActivityThread$AndroidOs.open(ActivityThread.java:9134)
04-22 22:46:00.352  8433  8483 W QPLConfig: 	at libcore.io.IoBridge.open(IoBridge.java:560)
04-22 22:46:00.352  8433  8483 W QPLConfig: 	... 12 more
04-22 22:46:00.353  8424  8424 W Profilo/TraceControl: START PROFILO_TRACEID: HrioG1v3Iof 30539777
04-22 22:46:00.354  8424  8424 W SoLoader: Loading profilo_mmapbuf on the main thread
04-22 22:46:00.356  8433  8433 W SoLoader: Loading perfloggerxplat_init on the main thread
04-22 22:46:00.358  8424  8508 W lacrima : The minidump file is empty!
04-22 22:46:00.360  8424  8508 W lacrima : Start AnrAppDeathDetector... X.0Zx
04-22 22:46:00.360  8424  8508 E HeliumCrashReporter: Pending crash path /data/data/com.instagram.android/cache/webview_embedded/Helium Crashpad/pending/ is not a directory
04-22 22:46:00.361  8424  8424 W SoLoader: Loading profilo on the main thread
04-22 22:46:00.361  8424  8424 W SoLoader: Loading profilo on the main thread
04-22 22:46:00.362  8424  8424 W SoLoader: Loading profilo on the main thread
04-22 22:46:00.362  8424  8424 W SoLoader: Loading profilo on the main thread
04-22 22:46:00.363  8424  8424 W AppProfiloInitializer: Cold start marker: 0
04-22 22:46:00.363  8424  8424 E AppProfiloInitializer: Cold start trace failed: no marker
04-22 22:46:00.366  2962  3668 D ConnectivityService: NetReassign [no changes] [c 0] [a 1] [i 0]
04-22 22:46:00.367  8424  8508 V v9p     : Not disabled
04-22 22:46:00.368  8424  8508 I rtvip   : done
04-22 22:46:00.363  8424  8424 W Prflo:TraceCtl: type=1400 audit(0.0:16707): avc:  granted  { execute } for  path="/data/data/com.instagram.android/lib-compressed/libstartup.so" dev="dm-59" ino=65834 scontext=u:r:untrusted_app:s0:c50,c257,c512,c768 tcontext=u:object_r:app_data_file:s0:c50,c257,c512,c768 tclass=file app=com.instagram.android
04-22 22:46:00.368  8433  8433 W SoLoader: Loading cache_key_generator_jni on the main thread
04-22 22:46:00.369  2962  4393 D ConnectivityService: requestNetwork for uid/pid:10318/8433 activeRequest: null callbackRequest: 5297 [NetworkRequest [ REQUEST id=5298, [ Capabilities: INTERNET&NOT_RESTRICTED&TRUSTED&NOT_VCN_MANAGED&NOT_BANDWIDTH_CONSTRAINED Uid: 10318 RequestorUid: 10318 RequestorPkg: com.instagram.barcelona UnderlyingNetworks: Null] ]] callback flags: 0 order: 2147483647 isUidTracked: false declaredMethods: AVAIL
04-22 22:46:00.369  2962  6458 D ConnectivityService: Returning BLOCKED NetworkInfo to uid=10318
04-22 22:46:00.370  8424  8517 D nativeloader: Load /data/data/com.instagram.android/lib-compressed/libstartup.so using class loader ns clns-10 (caller=/data/app/~~MVFdS6bURCRBP_UVgKBxNA==/com.instagram.android-wMtXTGFsutubrGAkkwETCg==/base.apk!classes11.dex): ok
04-22 22:46:00.373  2962  6458 D FileUtils: Rounded bytes from 11809792000 to 16000000000
04-22 22:46:00.373  8433  8433 W FrscLanguagePackLoader: Loading FRSC strings for locale (zh_TW)
04-22 22:46:00.375  2962  3661 D WifiNetworkFactory: got request NetworkRequest [ REQUEST id=5298, [ Capabilities: INTERNET&NOT_RESTRICTED&TRUSTED&NOT_VCN_MANAGED&NOT_BANDWIDTH_CONSTRAINED Uid: 10318 RequestorUid: 10318 RequestorPkg: com.instagram.barcelona UnderlyingNetworks: Null] ]
04-22 22:46:00.375  2962  3661 D UntrustedWifiNetworkFactory: got request NetworkRequest [ REQUEST id=5298, [ Capabilities: INTERNET&NOT_RESTRICTED&TRUSTED&NOT_VCN_MANAGED&NOT_BANDWIDTH_CONSTRAINED Uid: 10318 RequestorUid: 10318 RequestorPkg: com.instagram.barcelona UnderlyingNetworks: Null] ]
04-22 22:46:00.375  8433  8543 W FrscLanguagePackLoader: FRSC English strings buffer size - (limit : 408756, capacity : 408756)
04-22 22:46:00.375  8424  8424 D SceneManager: init SceneManager
04-22 22:46:00.375  2962  3661 D OemPaidWifiNetworkFactory: got request NetworkRequest [ REQUEST id=5298, [ Capabilities: INTERNET&NOT_RESTRICTED&TRUSTED&NOT_VCN_MANAGED&NOT_BANDWIDTH_CONSTRAINED Uid: 10318 RequestorUid: 10318 RequestorPkg: com.instagram.barcelona UnderlyingNetworks: Null] ]
04-22 22:46:00.376  8433  8433 D CACHE_HINTS: Entering madvise file
04-22 22:46:00.376  2962  3661 D MultiInternetWifiNetworkFactory: got request NetworkRequest [ REQUEST id=5298, [ Capabilities: INTERNET&NOT_RESTRICTED&TRUSTED&NOT_VCN_MANAGED&NOT_BANDWIDTH_CONSTRAINED Uid: 10318 RequestorUid: 10318 RequestorPkg: com.instagram.barcelona UnderlyingNetworks: Null] ]
04-22 22:46:00.376  2962  3668 D ConnectivityService: NetReassign [5298 : null в†’ 101] [c 1] [a 1] [i 2]
04-22 22:46:00.383  8424  8424 W AppInitScheduler|Schedule: Schedule 1:EarlyCpuBoostInitializer, deps=[] (0 pending tasks, PriorityHint=null, isCritical=false)
04-22 22:46:00.383  8424  8424 W AppInitScheduler|Schedule:   Executing 1:EarlyCpuBoostInitializer
04-22 22:46:00.383  8424  8545 W AppInitScheduler|Run: DeadlockMonitor active...
04-22 22:46:00.383  8424  8424 W AppInitScheduler|Schedule: Schedule 2:DnsInitializer, deps=[1] (1 pending tasks, PriorityHint=null, isCritical=false)
04-22 22:46:00.383  8424  8424 W AppInitScheduler|Schedule: Schedule 147:NetworkProberInitializer, deps=[] (2 pending tasks, PriorityHint=null, isCritical=false)
04-22 22:46:00.383  8424  8424 W AppInitScheduler|Schedule:   Executing 147:NetworkProberInitializer
04-22 22:46:00.383  8424  8424 W AppInitScheduler|Schedule: Schedule 3:MlockInitializer, deps=[] (3 pending tasks, PriorityHint=null, isCritical=false)
04-22 22:46:00.383  8424  8424 W AppInitScheduler|Schedule:   Executing 3:MlockInitializer
04-22 22:46:00.383  8424  8546 W AppInitScheduler|Run: Running EarlyCpuBoostInitializer, order=0, priorityHint=null 
04-22 22:46:00.383  8424  8424 W AppInitScheduler|Schedule: Schedule 156:PageLoadProfilerInitializer, deps=[] (4 pending tasks, PriorityHint=null, isCritical=false)
04-22 22:46:00.383  8424  8424 W AppInitScheduler|Schedule:   Executing 156:PageLoadProfilerInitializer
04-22 22:46:00.384  8424  8424 W AppInitScheduler|Schedule: Schedule 107:IgFixieEarlyInitializer, deps=[3] (5 pending tasks, PriorityHint=null, isCritical=false)
04-22 22:46:00.384  8424  8424 W AppInitScheduler|Schedule: Schedule 5:SessionInitializer, deps=[107] (6 pending tasks, PriorityHint=null, isCritical=false)
04-22 22:46:00.384  8424  8424 W AppInitScheduler|Schedule: Schedule 7:LiteProviderInitializer, deps=[5] (7 pending tasks, PriorityHint=null, isCritical=false)
04-22 22:46:00.384  8424  8424 W AppInitScheduler|Schedule: Schedule 8:LightweightQPLInitializerImpl, deps=[7] (8 pending tasks, PriorityHint=null, isCritical=false)
04-22 22:46:00.384  8424  8424 W AppInitScheduler|Schedule: Schedule 9:LacrimaHealthInitializer, deps=[8] (9 pending tasks, PriorityHint=null, isCritical=false)
04-22 22:46:00.384  8424  8424 W AppInitScheduler|Schedule: Schedule 10:IgSharedPreferencesQPLInitializer, deps=[9] (10 pending tasks, PriorityHint=null, isCritical=false)
04-22 22:46:00.384  8424  8424 W AppInitScheduler|Schedule: Schedule 11:QEInitializer, deps=[10] (11 pending tasks, PriorityHint=null, isCritical=false)
04-22 22:46:00.384  8424  8424 W AppInitScheduler|Schedule: Schedule 12:StorageInitializer, deps=[11, 120] (12 pending tasks, PriorityHint=null, isCritical=false)
04-22 22:46:00.384  8424  8424 W AppInitScheduler|Schedule: Schedule 135:SDBInitializer, deps=[5, 79] (13 pending tasks, PriorityHint=null, isCritical=false)
04-22 22:46:00.384  8424  8424 W AppInitScheduler|Schedule: Schedule 44:DevToolInitializer, deps=[12] (14 pending tasks, PriorityHint=null, isCritical=false)
04-22 22:46:00.384  8424  8424 W AppInitScheduler|Schedule: Schedule 15:TNTSInitializer, deps=[115] (15 pending tasks, PriorityHint=null, isCritical=false)
04-22 22:46:00.384  8424  8424 W AppInitScheduler|Schedule: Schedule 16:HttpServiceInitializer, deps=[15] (16 pending tasks, PriorityHint=null, isCritical=false)
04-22 22:46:00.384  8424  8424 W AppInitScheduler|Schedule: Schedule 133:HttpStoresInitializer, deps=[16] (17 pending tasks, PriorityHint=null, isCritical=false)
04-22 22:46:00.384  8424  8424 W AppInitScheduler|Schedule: Schedule 17:FeedRequestInitializer, deps=[133] (18 pending tasks, PriorityHint=null, isCritical=false)
04-22 22:46:00.384  8424  8424 W AppInitScheduler|Schedule: Schedule 148:HomecomingClipsTabInitializer, deps=[133, 18] (19 pending tasks, PriorityHint=null, isCritical=false)
04-22 22:46:00.384  8424  8424 W AppInitScheduler|Schedule: Schedule 120:MainFeedRequestHeaderInitializer, deps=[11] (20 pending tasks, PriorityHint=null, isCritical=false)
04-22 22:46:00.384  8424  8424 W AppInitScheduler|Schedule: Schedule 157:CdnConnectionPrewarmInitializer, deps=[17, 148] (21 pending tasks, PriorityHint=null, isCritical=false)
04-22 22:46:00.384  8424  8424 W AppInitScheduler|Schedule: Schedule 60:IndependentSingletonInitializer, deps=[11, 93] (22 pending tasks, PriorityHint=null, isCritical=false)
04-22 22:46:00.384  8424  8424 W AppInitScheduler|Schedule: Schedule 25:AppStartupTrackerInitializer, deps=[72] (23 pending tasks, PriorityHint=null, isCritical=false)
04-22 22:46:00.384  8424  8424 W AppInitScheduler|Schedule: Schedule 89:PushNotificationInitializerForInstagram, deps=[11, 93] (24 pending tasks, PriorityHint=null, isCritical=false)
04-22 22:46:00.384  8424  8424 W AppInitScheduler|Schedule: Schedule 41:ConfigFromQEInitializer, deps=[11, 93] (25 pending tasks, PriorityHint=null, isCritical=false)
04-22 22:46:00.384  8424  8424 W AppInitScheduler|Schedule: Schedule 66:LanguageInitializer, deps=[100] (26 pending tasks, PriorityHint=null, isCritical=false)
04-22 22:46:00.384  8424  8424 W AppInitScheduler|Schedule: Schedule 47:FacebookAccountInitializer, deps=[25] (27 pending tasks, PriorityHint=null, isCritical=false)
04-22 22:46:00.384  8424  8424 W AppInitScheduler|Schedule: Schedule 117:IgSharedPreferencesInitializer, deps=[114] (28 pending tasks, PriorityHint=null, isCritical=false)
04-22 22:46:00.384  8424  8424 W AppInitScheduler|Schedule: Schedule 122:IgDataStoreInitializer, deps=[117] (29 pending tasks, PriorityHint=null, isCritical=false)
04-22 22:46:00.384  8424  8424 W AppInitScheduler|Schedule: Schedule 142:DirectBootstrapInitializer, deps=[5, 79, 127] (30 pending tasks, PriorityHint=null, isCritical=false)
04-22 22:46:00.384  8424  8424 W AppInitScheduler|Schedule: Schedule 18:QPLInitializer, deps=[122] (31 pending tasks, PriorityHint=null, isCritical=false)
04-22 22:46:00.384  8424  8424 W AppInitScheduler|Schedule: Schedule 129:LwQPLReplay, deps=[18] (32 pending tasks, PriorityHint=null, isCritical=false)
04-22 22:46:00.384  8424  8424 W AppInitScheduler|Schedule: Schedule 124:MessageQueueRedInitializer, deps=[129] (33 pending tasks, PriorityHint=null, isCritical=false)
04-22 22:46:00.384  8424  8424 W AppInitScheduler|Schedule: Schedule 103:UnexpectedEventReporterInitializer, deps=[18] (34 pending tasks, PriorityHint=null, isCritical=false)
04-22 22:46:00.384  8424  8424 W AppInitScheduler|Schedule: Schedule 158:AppInitNotRespondingReporterInitializer, deps=[103, 5] (35 pending tasks, PriorityHint=null, isCritical=false)
04-22 22:46:00.384  8424  8424 W AppInitScheduler|Schedule: Schedule 74:MessageQueueTimelineInitializer, deps=[103] (36 pending tasks, PriorityHint=null, isCritical=false)
04-22 22:46:00.384  8424  8424 W AppInitScheduler|Schedule: Schedule 19:QplXplatDelayedInitializer, deps=[96] (37 pending tasks, PriorityHint=null, isCritical=false)
04-22 22:46:00.384  8424  8424 W AppInitScheduler|Schedule: Schedule 24:AppBackgroundListenerInitializer, deps=[5, 11, 12, 144] (38 pending tasks, PriorityHint=null, isCritical=false)
04-22 22:46:00.384  8424  8424 W AppInitScheduler|Schedule: Schedule 95:ShareToFeedInitializer, deps=[5, 11, 144] (39 pending tasks, PriorityHint=null, isCritical=false)
04-22 22:46:00.384  8424  8424 W AppInitScheduler|Schedule: Schedule 48:FeedCacheInitializer, deps=[5, 11, 25, 144] (40 pending tasks, PriorityHint=null, isCritical=false)
04-22 22:46:00.384  8424  8424 W AppInitScheduler|Schedule: Schedule 22:AdsCacheInitializer, deps=[5, 11, 144] (41 pending tasks, PriorityHint=null, isCritical=false)
04-22 22:46:00.384  8424  8424 W AppInitScheduler|Schedule: Schedule 23:AnalyticsInitializer, deps=[5, 12, 18, 11, 66, 61] (42 pending tasks, PriorityHint=null, isCritical=false)
04-22 22:46:00.384  8424  8424 W AppInitScheduler|Schedule: Schedule 152:DownloadableModulesInitializer, deps=[66] (43 pending tasks, PriorityHint=null, isCritical=false)
04-22 22:46:00.384  8424  8424 W AppInitScheduler|Schedule: Schedule 114:EagerReelNetworkRequestInitializer, deps=[17] (44 pending tasks, PriorityHint=null, isCritical=false)
04-22 22:46:00.384  8424  8424 W AppInitScheduler|Schedule: Schedule 91:ReelRequestInitializer, deps=[66] (45 pending tasks, PriorityHint=null, isCritical=false)
04-22 22:46:00.384  8424  8424 W AppInitScheduler|Schedule: Schedule 136:TNTSPostInitializer, deps=[15, 17, 114, 91] (46 pending tasks, PriorityHint=null, isCritical=false)
04-22 22:46:00.384  8424  8424 W AppInitScheduler|Schedule: Schedule 64:JestE2EInitializer, deps=[91] (47 pending tasks, PriorityHint=null, isCritical=false)
04-22 22:46:00.384  8424  8424 W AppInitScheduler|Schedule: Schedule 108:ReelsCacheInitializer, deps=[11, 5, 12, 18, 144] (48 pending tasks, PriorityHint=null, isCritical=false)
04-22 22:46:00.384  8424  8424 W AppInitScheduler|Schedule: Schedule 128:ClipsTabInitializer, deps=[11, 5, 12, 18, 144] (49 pending tasks, PriorityHint=null, isCritical=false)
04-22 22:46:00.384  8424  8424 W AppInitScheduler|Schedule: Schedule 155:ClipsDiscoverNetworkCacheInitializer, deps=[11, 18] (50 pending tasks, PriorityHint=null, isCritical=false)
04-22 22:46:00.384  8424  8424 W AppInitScheduler|Schedule: Schedule 80:PendingMediaInitializer, deps=[11, 5, 144] (51 pending tasks, PriorityHint=null, isCritical=false)
04-22 22:46:00.384  8424  8424 W AppInitScheduler|Schedule: Schedule 71:MemoryDumperInitializer, deps=[11, 93] (52 pending tasks, PriorityHint=null, isCritical=false)
04-22 22:46:00.384  8424  8424 W AppInitScheduler|Schedule: Schedule 56:IgMemoryTimelineInitializer, deps=[11, 93] (53 pending tasks, PriorityHint=null, isCritical=false)
04-22 22:46:00.384  8424  8424 W AppInitScheduler|Schedule: Schedule 55:IgMemoryProgramQplInitializer, deps=[11, 93] (54 pending tasks, PriorityHint=null, isCritical=false)
04-22 22:46:00.384  8424  8424 W AppInitScheduler|Schedule: Schedule 72:MemoryManagerInitializer, deps=[74] (55 pending tasks, PriorityHint=null, isCritical=false)
04-22 22:46:00.384  8424  8424 W AppInitScheduler|Schedule: Schedule 57:ImageInfraInitializer, deps=[119] (56 pending tasks, PriorityHint=null, isCritical=false)
04-22 22:46:00.384  8424  8424 W AppInitScheduler|Schedule: Schedule 144:MarkSequentialLoadComplete, deps=[57] (57 pending tasks, PriorityHint=null, isCritical=false)
04-22 22:46:00.384  8424  8424 W AppInitScheduler|Schedule: Schedule 99:SystemMessageInitializer, deps=[11, 93] (58 pending tasks, PriorityHint=null, isCritical=false)
04-22 22:46:00.384  8424  8424 W AppInitScheduler|Schedule: Schedule 69:MapConfigInitializer, deps=[11, 93] (59 pending tasks, PriorityHint=null, isCritical=false)
04-22 22:46:00.384  8424  8424 W AppInitScheduler|Schedule: Schedule 59:IndependentColdStartJobs, deps=[11, 93] (60 pending tasks, PriorityHint=null, isCritical=false)
04-22 22:46:00.384  8424  8424 W AppInitScheduler|Schedule: Schedule 100:ThemeInitializer, deps=[20] (61 pending tasks, PriorityHint=null, isCritical=false)
04-22 22:46:00.384  8424  8424 W AppInitScheduler|Schedule: Schedule 132:TypefaceInitializer, deps=[11, 5, 144] (62 pending tasks, PriorityHint=null, isCritical=false)
04-22 22:46:00.384  8424  8424 W AppInitScheduler|Schedule: Schedule 127:ActivityViewInflaterInitializer, deps=[5, 66, 100, 144] (63 pending tasks, PriorityHint=null, isCritical=false)
04-22 22:46:00.384  8424  8424 W AppInitScheduler|Schedule: Schedule 43:DebugHeadInitializer, deps=[11, 93] (64 pending tasks, PriorityHint=null, isCritical=false)
04-22 22:46:00.384  8424  8424 W AppInitScheduler|Schedule: Schedule 61:InstagramPluginInitializer, deps=[5, 11, 18, 144] (65 pending tasks, PriorityHint=null, isCritical=false)
04-22 22:46:00.384  8424  8424 W AppInitScheduler|Schedule: Schedule 140:DirectInitializer, deps=[127] (66 pending tasks, PriorityHint=null, isCritical=false)
04-22 22:46:00.384  8424  8424 W AppInitScheduler|Schedule: Schedule 93:SessionScopedProviderInitializer, deps=[5, 61, 18, 16, 12, 11, 79, 57, 144, 66, 23] (67 pending tasks, PriorityHint=null, isCritical=false)
04-22 22:46:00.384  8424  8424 W AppInitScheduler|Schedule: Schedule 126:SessionScopedProviderInitializerCompletion, deps=[5, 93] (68 pending tasks, PriorityHint=null, isCritical=false)
04-22 22:46:00.384  8424  8424 W AppInitScheduler|Schedule: Schedule 81:PeriodicThreadBoostInitializer, deps=[11, 93] (69 pending tasks, PriorityHint=null, isCritical=false)
04-22 22:46:00.384  8424  8424 W AppInitScheduler|Schedule: Schedule 37:BloksInitializer, deps=[64] (70 pending tasks, PriorityHint=null, isCritical=false)
04-22 22:46:00.384  8424  8424 W AppInitScheduler|Schedule: Schedule 76:MultiProcessTrackerInitializer, deps=[11, 93] (71 pending tasks, PriorityHint=null, isCritical=false)
04-22 22:46:00.384  8424  8424 W AppInitScheduler|Schedule: Schedule 106:IgMmapBufferProcessJob, deps=[11, 93] (72 pending tasks, PriorityHint=null, isCritical=false)
04-22 22:46:00.384  8424  8424 W AppInitScheduler|Schedule: Schedule 83:PrivacyFlowInitializer, deps=[11, 93] (73 pending tasks, PriorityHint=null, isCritical=false)
04-22 22:46:00.384  8424  8424 W AppInitScheduler|Schedule: Schedule 121:QpLoginInterstitialNeedInitInitializer, deps=[11, 93] (74 pending tasks, PriorityHint=null, isCritical=false)
04-22 22:46:00.384  8424  8424 W AppInitScheduler|Schedule: Schedule 92:ScreenTimeInitializer, deps=[11, 93] (75 pending tasks, PriorityHint=null, isCritical=false)
04-22 22:46:00.384  8424  8424 W AppInitScheduler|Schedule: Schedule 90:QuietModeInitializer, deps=[11, 93] (76 pending tasks, PriorityHint=null, isCritical=false)
04-22 22:46:00.384  8424  8424 W AppInitScheduler|Schedule: Schedule 20:IgFixieAppInitializer, deps=[38] (77 pending tasks, PriorityHint=null, isCritical=false)
04-22 22:46:00.384  8424  8424 W AppInitScheduler|Schedule: Schedule 123:ComposeInitializer, deps=[11, 93] (78 pending tasks, PriorityHint=null, isCritical=false)
04-22 22:46:00.384  8424  8424 W AppInitScheduler|Schedule: Schedule 67:LithoInitializer, deps=[11, 93] (79 pending tasks, PriorityHint=null, isCritical=false)
04-22 22:46:00.384  8424  8424 W AppInitScheduler|Schedule: Schedule 104:YogaInitializer, deps=[37] (80 pending tasks, PriorityHint=null, isCritical=false)
04-22 22:46:00.384  8424  8424 W AppInitScheduler|Schedule: Schedule 73:MessageQueueInterceptorInitializer, deps=[11, 93] (81 pending tasks, PriorityHint=null, isCritical=false)
04-22 22:46:00.384  8424  8424 W AppInitScheduler|Schedule: Schedule 79:PandoGraphQLInitializer, deps=[11, 5, 16, 25, 144] (82 pending tasks, PriorityHint=null, isCritical=false)
04-22 22:46:00.384  8424  8424 W AppInitScheduler|Schedule: Schedule 84:ProxyServiceInitializer, deps=[11, 93] (83 pending tasks, PriorityHint=null, isCritical=false)
04-22 22:46:00.384  8424  8424 W AppInitScheduler|Schedule: Schedule 96:SignalManagerEarlyInitializer, deps=[104] (84 pending tasks, PriorityHint=null, isCritical=false)
04-22 22:46:00.384  8424  8424 W AppInitScheduler|Schedule: Schedule 54:IgMemoryLoggingManagerInitializer, deps=[11, 93] (85 pending tasks, PriorityHint=null, isCritical=false)
04-22 22:46:00.384  8424  8424 W AppInitScheduler|Schedule: Schedule 102:UXLoggingInitializer, deps=[11, 93] (86 pending tasks, PriorityHint=null, isCritical=false)
04-22 22:46:00.384  8424  8424 W AppInitScheduler|Schedule: Schedule 58:ImageUltraHdrModeInitializer, deps=[11, 93] (87 pending tasks, PriorityHint=null, isCritical=false)
04-22 22:46:00.384  8424  8424 W AppInitScheduler|Schedule: Schedule 146:CacheMetadataLookupInitializer, deps=[11] (88 pending tasks, PriorityHint=null, isCritical=false)
04-22 22:46:00.384  8424  8424 W AppInitScheduler|Schedule: Schedule 52:HeroServiceControllerInitializer, deps=[11, 93] (89 pending tasks, PriorityHint=null, isCritical=false)
04-22 22:46:00.384  8424  8424 W AppInitScheduler|Schedule: Schedule 119:HeroServiceControllerEarlyInitializer, deps=[19] (90 pending tasks, PriorityHint=null, isCritical=false)
04-22 22:46:00.384  8424  8424 W AppInitScheduler|Schedule: Schedule 38:CacheKeyGeneratorInitializer, deps=[47] (91 pending tasks, PriorityHint=null, isCritical=false)
04-22 22:46:00.384  8424  8424 W AppInitScheduler|Schedule: Schedule 70:MediaCodecTrackingInitializer, deps=[11, 93] (92 pending tasks, PriorityHint=null, isCritical=false)
