04-22 22:45:31.160     0     0 I [    C0] [soft_i][0xaac7c9153b5][14: 45:34.491037] qca6750: [0:I:WMA] wma_wake_event_packet: Wake event packet:
04-22 22:45:34.499 32327  6564 D AlertNotificationMgr: йќћдё»иЈќзЅ®пјЊз•ҐйЃЋйЂљзџҐпјљA059P
04-22 22:45:34.499 32327  6564 D RealtimeRepository: UPDATE: A059P
04-22 22:45:34.501 32327  6564 D AlertNotificationMgr: йќћдё»иЈќзЅ®пјЊз•ҐйЃЋйЂљзџҐпјљA024
04-22 22:45:34.501 32327  6564 D RealtimeRepository: UPDATE: A024
04-22 22:45:34.503 32327  8315 D AlertNotificationMgr: йќћдё»иЈќзЅ®пјЊз•ҐйЃЋйЂљзџҐпјљASUSAI2501H
04-22 22:45:34.503 32327  8315 D RealtimeRepository: UPDATE: ASUSAI2501H
04-22 22:45:34.565  3964  4508 D IpClient/wlan0: interfaceLinkStateChanged: ifindex 23 up
04-22 22:45:34.740 32327 32327 D DeviceListViewModel: е€·ж–°е®Њж€ђпјљ8 еЏ°иЈќзЅ®
04-22 22:45:34.830 32327  8315 D DeviceMonitorService: е®љж™‚е€·ж–° 8 еЏ°иЈќзЅ®
04-22 22:45:34.830 32327  8315 D AlertNotificationMgr: йќћдё»иЈќзЅ®пјЊз•ҐйЃЋйЂљзџҐпјљASUS_AI2205_C
04-22 22:45:34.830 32327  8315 D AlertNotificationMgr: йќћдё»иЈќзЅ®пјЊз•ҐйЃЋйЂљзџҐпјљA059P
04-22 22:45:34.830 32327  8315 D AlertNotificationMgr: йќћдё»иЈќзЅ®пјЊз•ҐйЃЋйЂљзџҐпјљA024
04-22 22:45:34.830 32327  8315 D AlertNotificationMgr: йќћдё»иЈќзЅ®пјЊз•ҐйЃЋйЂљзџҐпјљASUSAI2501H
04-22 22:45:34.830 32327  8315 D AlertNotificationMgr: йќћдё»иЈќзЅ®пјЊз•ҐйЃЋйЂљзџҐпјљA069P
04-22 22:45:34.830 32327  8315 D AlertNotificationMgr: йќћдё»иЈќзЅ®пјЊз•ҐйЃЋйЂљзџҐпјљTaro for arm64
04-22 22:45:34.830 32327  8315 D AlertNotificationMgr: йќћдё»иЈќзЅ®пјЊз•ҐйЃЋйЂљзџҐпјљA142
04-22 22:45:34.830 32327  8315 D AlertNotificationMgr: йќћдё»иЈќзЅ®пјЊз•ҐйЃЋйЂљзџҐпјљA065
04-22 22:45:33.622  1885  1885 E healthd : soc_b:95, soc:65, soc_c:65, Vol:4088, Cur:470,chg_s:1,t_l:220,b_s:2,OffTlast:620,lcd_off:1,Vu:4711,Vw:0,pid:1885,brightness:0.000000,rmCap:3906
04-22 22:45:33.622  1885  1885 E healthd : battery l=65 v=4088 t=29.0 h=2 st=2 c=470592 fc=6005000 cc=6 chg=u
04-22 22:45:33.642  1885  1885 E healthd : soc_b:95, soc:65, soc_c:65, Vol:4088, Cur:470,chg_s:1,t_l:220,b_s:2,OffTlast:620,lcd_off:1,Vu:4706,Vw:0,pid:1885,brightness:0.000000,rmCap:3906
04-22 22:45:33.643  1885  1885 W HealthLoop: debug.tracing.screen_brightness:0.000000
04-22 22:45:38.304 32327  8315 D DeviceMonitorService: еїѓи·і tick вЂ” wakeLockHeld=true, cachedUid=da90a378
04-22 22:45:34.988  8351  8351 I [kworke][0xaac80f2eaf8][14:45:38.319400] qca6750: [8351:I:PMO] pmo_core_psoc_send_host_wakeup_ind_to_fw: Host wakeup indication sent to fw
04-22 22:45:38.489 32327  8317 D DeviceMonitorService: [е®љж™‚дёЉе‚і] upsert ж€ђеЉџпјљй›»й‡Џ=65% з¶Іи·Ї=Wi-Fi
04-22 22:45:38.705  2962  2962 D NtNotificationManagerService: playGlyphEffect glyphNotificationEnable = true
04-22 22:45:38.705  2962  2962 E NtNotificationManagerService: getSound supportGenerativeRingtone = false, isDefaultRingtone = true
04-22 22:45:38.705  2962  2962 D NtNotificationManagerService: skip playGlyphEffect, mGlyphNotificationEnable = true, FLAG_ONGOING_EVENT = 2, FLAG_FOREGROUND_SERVICE = 64, isInCall = false, isScreenOn = false, isSoundOnly = false, is silent Notification = true, skipPlayGlyphForNotEssentialNotification = false
04-22 22:45:38.717 19648 19648 I NotificationListener: received notification posted event - tw.bluehomewu.devicemonitor#UserHandle{0},category=-1
04-22 22:45:38.718  4994  4994 W LocaleConfig: The resource file pointed to by the given resource ID isn't found.
04-22 22:45:38.719  6326  6326 D GlyphNotification.GlyphAdapterManager: GlyphAdapterManager init = true, gm = com.nothing.glyphnotification.GlyphMatrixAdapter@c5f49a9, model = A069P, obj = com.nothing.glyphnotification.GlyphAdapterManager@ae16b1b
04-22 22:45:38.720  6326  6326 D GlyphNotification.GlyphNotificationManagerV2: getOrCreateController obj = null, isProgressNotification = false
04-22 22:45:38.740  3874  4545 W LocaleConfig: The resource file pointed to by the given resource ID isn't found.
04-22 22:45:38.742  3874  4545 W LocaleConfig: The resource file pointed to by the given resource ID isn't found.
04-22 22:45:38.749  1995 12597 I SnapAlloc: Using graphics libs for alignment calculations
04-22 22:45:38.764  3874  4545 W HWUI    : Image decoding logging dropped!
04-22 22:45:38.769  1995 12597 I SnapAlloc: Using graphics libs for alignment calculations
04-22 22:45:38.773  3874  4545 W HWUI    : Image decoding logging dropped!
04-22 22:45:35.765  8351  8351 E [kworke][0xaac81d648ae][14:45:39.095476] qca6750: [8351:E:PMO] pmo_core_enable_wow_in_fw: FW not ready to WOW reason code: 7
04-22 22:45:39.104 32327 32410 D AlertNotificationMgr: йќћдё»иЈќзЅ®пјЊз•ҐйЃЋйЂљзџҐпјљA069P
04-22 22:45:39.105 32327 32410 D RealtimeRepository: UPDATE: A069P
04-22 22:45:39.562  2962  3569 D ActivityManager: freezing 2614 com.google.android.googlequicksearchbox:search
04-22 22:45:39.570  2962  3569 D ActivityManager: freezing 5676 com.google.android.webview:sandboxed_process0:org.chromium.content.app.SandboxedProcessService0:0
04-22 22:45:39.577  2962  3668 D InetDiagMessage: Destroyed 0 sockets, proto=IPPROTO_TCP, family=AF_INET, states=14
04-22 22:45:39.581  2962  3668 D InetDiagMessage: Destroyed 0 sockets, proto=IPPROTO_TCP, family=AF_INET6, states=14
04-22 22:45:39.582  2962  3668 D InetDiagMessage: Destroyed live tcp sockets for uids={99043} in 9ms
04-22 22:45:38.479  8351  8351 I [kworke][0xaac84f1902c][14:45:41.810029] qca6750: [8351:I:PMO] pmo_core_psoc_send_host_wakeup_ind_to_fw: Host wakeup indication sent to fw
04-22 22:45:41.846 32327  6564 D AlertNotificationMgr: йќћдё»иЈќзЅ®пјЊз•ҐйЃЋйЂљзџҐпјљA142
04-22 22:45:41.846 32327  6564 D RealtimeRepository: UPDATE: A142
04-22 22:45:41.941 32327 32410 I Supabase-Realtime: Heartbeat received
04-22 22:45:42.568  2962  4062 D NtMemoryManager: com.google.android.googlequicksearchbox last pss: 178924
04-22 22:45:42.568  2962  4062 D NtMemoryManager: com.android.settings last pss: 414892
04-22 22:45:42.568  2962  4062 D NtMemoryManager: com.nothing.camera last pss: 523076
04-22 22:45:42.999  1880  2011 D vendor.qti.bluetooth@1.0-ibs_handler: SerialClockVote: vote for UART CLK ON
04-22 22:45:43.002  1880  2011 D vendor.qti.bluetooth@1.0-wake_lock: Acquire wakelock is acquired 
04-22 22:45:43.003  1880  2011 I vendor.qti.bluetooth@1.0-ibs_handler: DeviceWakeUp: Writing IBS_WAKE_IND
04-22 22:45:43.010  1880  4686 I vendor.qti.bluetooth@1.0-ibs_handler: ProcessIbsCmd: Received IBS_WAKE_ACK: 0xFC
04-22 22:45:43.010  1880  4686 I vendor.qti.bluetooth@1.0-ibs_handler: ProcessIbsCmd: Signal wack_cond_
04-22 22:45:43.010  1880  2011 D vendor.qti.bluetooth@1.0-ibs_handler: DeviceWakeUp: Unblocked from waiting for FC, pthread_cond_timedwait ret = 0
04-22 22:45:43.012  4001  4431 I bluetooth: system/gd/hci/le_address_manager.cc:578 GetNextPrivateAddressIntervalRange: client=LeAddressManager, nonwake=7m43s, wake=13m28s
04-22 22:45:43.013  1880  4686 I vendor.qti.bluetooth@1.0-ibs_handler: ProcessIbsCmd: Received IBS_WAKE_IND: 0xFD
04-22 22:45:43.013  1880  4686 I vendor.qti.bluetooth@1.0-ibs_handler: ProcessIbsCmd: Writing IBS_WAKE_ACK
04-22 22:45:43.017  4001  4431 I bluetooth: system/gd/hci/le_address_manager.cc:779 OnCommandComplete: Received command complete with op_code LE_SET_RANDOM_ADDRESS(0x2005)
04-22 22:45:43.017  4001  4431 I bluetooth: system/gd/hci/le_address_manager.cc:799 OnCommandComplete: update random address : xx:xx:xx:xx:af:d9
04-22 22:45:43.017  4001  4431 I bluetooth: system/gd/hci/le_address_manager.cc:394 resume_registered_clients: Resuming registered clients
04-22 22:45:43.060  1880  4686 I vendor.qti.bluetooth@1.0-ibs_handler: ProcessIbsCmd: Received IBS_SLEEP_IND: 0xFE
04-22 22:45:39.762     0     0 E [    C1] [soft_i][0xaac866955e7][14: 45:43.092667] qca6750: [0:E:QDF] htc_rx_completion_handler: Received initial wake up
04-22 22:45:39.762  7642  7642 I [kworke][0xaac86697428][14:45:43.093069] qca6750: [7642:I:PMO] pmo_core_psoc_send_host_wakeup_ind_to_fw: Host wakeup indication sent to fw
04-22 22:45:39.770     0     0 I [    C1] [soft_i][0xaac866bd7cd][14: 45:43.101225] qca6750: [0:I:WMA] WLAN triggered wakeup: BPF_ALLOW (39), vdev: 0 (STA)
04-22 22:45:39.771     0     0 I [    C1] [soft_i][0xaac866bf488][14: 45:43.101608] qca6750: [0:I:WMA] wma_wake_event_packet: Wake event packet:
04-22 22:45:43.245  2017  2017 I vendor.qti.hardware.servicetrackeraidl-service: bindService is called for service : com.google.android.gms/.chimera.PersistentDirectBootAwareApiService and for client com.google.android.apps.messaging:rcs
04-22 22:45:43.245  2017  2017 I vendor.qti.hardware.servicetrackeraidl-service: total connections for service : com.google.android.gms/.chimera.PersistentDirectBootAwareApiServiceare :26
04-22 22:45:43.245  2017  2017 I vendor.qti.hardware.servicetrackeraidl-service: total connections for client : com.google.android.apps.messaging:rcsare :1
04-22 22:45:43.268  1880  4689 I vendor.qti.bluetooth@1.0-ibs_handler: DeviceSleep: TX Awake, Sending SLEEP_IND
04-22 22:45:43.268  1880  4689 D vendor.qti.bluetooth@1.0-ibs_handler: SerialClockVote: vote for UART CLK OFF
04-22 22:45:43.300 32327 32410 D AlertNotificationMgr: йќћдё»иЈќзЅ®пјЊз•ҐйЃЋйЂљзџҐпјљA065
04-22 22:45:43.301 32327 32410 D RealtimeRepository: UPDATE: A065
04-22 22:45:43.420  1880  4445 D vendor.qti.bluetooth@1.0-wake_lock: Release wakelock is released 
04-22 22:45:44.598  2017  2017 I vendor.qti.hardware.servicetrackeraidl-service: unbindService is called for service : com.google.android.gms/.chimera.PersistentDirectBootAwareApiService and for client com.google.android.googlequicksearchbox:googleapp
04-22 22:45:44.599  2017  2017 I vendor.qti.hardware.servicetrackeraidl-service: size of client connections for client: com.google.android.googlequicksearchbox:googleappafter removal is 3
04-22 22:45:44.601  2962  6458 W ProcessStats: Tracking association SourceState{658d19a com.google.android.gms.persistent/10187 BFgs #205485} whose proc state 4 is better than process ProcessState{90498c4 com.google.android.adservices.api/10279 pkg=com.google.android.adservices.api} proc state 8 (21 skipped)
04-22 22:45:43.446     0     0 E [    C0] [soft_i][0xaac8aa0a731][14: 45:46.776737] qca6750: [0:E:QDF] htc_rx_completion_handler: Received initial wake up
04-22 22:45:43.446  8351  8351 I [kworke][0xaac8aa0c4d5][14:45:46.777132] qca6750: [8351:I:PMO] pmo_core_psoc_send_host_wakeup_ind_to_fw: Host wakeup indication sent to fw
04-22 22:45:43.449     0     0 I [    C0] [soft_i][0xaac8aa17ed6][14: 45:46.779612] qca6750: [0:I:WMA] WLAN triggered wakeup: BPF_ALLOW (39), vdev: 0 (STA)
04-22 22:45:43.449     0     0 I [    C0] [soft_i][0xaac8aa191e5][14: 45:46.779866] qca6750: [0:I:WMA] wma_wake_event_packet: Wake event packet:
04-22 22:45:46.789 32327  8317 D AlertNotificationMgr: йќћдё»иЈќзЅ®пјЊз•ҐйЃЋйЂљзџҐпјљASUS_AI2205_C
04-22 22:45:46.789 32327  8317 D RealtimeRepository: UPDATE: ASUS_AI2205_C
04-22 22:45:44.548  8376  8376 I [kworke][0xaac8be37d55][14:45:47.878685] qca6750: [8376:I:PMO] pmo_core_psoc_send_host_wakeup_ind_to_fw: Host wakeup indication sent to fw
04-22 22:45:45.801     0     0 E [    C1] [soft_i][0xaac8d52c4f9][14: 45:49.132334] qca6750: [0:E:QDF] htc_rx_completion_handler: Received initial wake up
04-22 22:45:45.802  7642  7642 I [kworke][0xaac8d52e38e][14:45:49.132741] qca6750: [7642:I:PMO] pmo_core_psoc_send_host_wakeup_ind_to_fw: Host wakeup indication sent to fw
04-22 22:45:45.804     0     0 I [    C1] [soft_i][0xaac8d539a42][14: 45:49.135178] qca6750: [0:I:WMA] WLAN triggered wakeup: BPF_ALLOW (39), vdev: 0 (STA)
04-22 22:45:45.805     0     0 I [    C1] [soft_i][0xaac8d53b2cb][14: 45:49.135504] qca6750: [0:I:WMA] wma_wake_event_packet: Wake event packet:
04-22 22:45:49.144 32327  8317 D AlertNotificationMgr: йќћдё»иЈќзЅ®пјЊз•ҐйЃЋйЂљзџҐпјљA059P
04-22 22:45:49.144 32327  8317 D RealtimeRepository: UPDATE: A059P
04-22 22:45:49.145 32327  8317 D AlertNotificationMgr: йќћдё»иЈќзЅ®пјЊз•ҐйЃЋйЂљзџҐпјљA024
04-22 22:45:49.145 32327  8317 D RealtimeRepository: UPDATE: A024
04-22 22:45:49.164 32327  6564 D AlertNotificationMgr: йќћдё»иЈќзЅ®пјЊз•ҐйЃЋйЂљзџҐпјљASUSAI2501H
04-22 22:45:49.164 32327  6564 D RealtimeRepository: UPDATE: ASUSAI2501H
04-22 22:45:46.415     0     0 E [    C2] [soft_i][0xaac8e067690][14: 45:49.745688] qca6750: [0:E:QDF] htc_rx_completion_handler: Received initial wake up
04-22 22:45:46.415  8376  8376 I [kworke][0xaac8e0692ad][14:45:49.746063] qca6750: [8376:I:PMO] pmo_core_psoc_send_host_wakeup_ind_to_fw: Host wakeup indication sent to fw
04-22 22:45:46.417     0     0 I [    C2] [soft_i][0xaac8e07465a][14: 45:49.748459] qca6750: [0:I:WMA] WLAN triggered wakeup: BPF_ALLOW (39), vdev: 0 (STA)
04-22 22:45:46.418     0     0 I [    C2] [soft_i][0xaac8e076074][14: 45:49.748807] qca6750: [0:I:WMA] wma_wake_event_packet: Wake event packet:
04-22 22:45:51.944  2962  3067 I SensorService: checkAndReportAmbientLightSensorStateChangeLocked new 0 old 0 force 0
04-22 22:45:53.305 32327  6564 D DeviceMonitorService: еїѓи·і tick вЂ” wakeLockHeld=true, cachedUid=da90a378
04-22 22:45:49.990  8351  8351 I [kworke][0xaac921df4ca][14:45:53.321131] qca6750: [8351:I:PMO] pmo_core_psoc_send_host_wakeup_ind_to_fw: Host wakeup indication sent to fw
04-22 22:45:53.541 32327  8317 D DeviceMonitorService: [е®љж™‚дёЉе‚і] upsert ж€ђеЉџпјљй›»й‡Џ=65% з¶Іи·Ї=Wi-Fi
04-22 22:45:53.760  2962  2962 D NtNotificationManagerService: playGlyphEffect glyphNotificationEnable = true
04-22 22:45:53.761  2962  2962 E NtNotificationManagerService: getSound supportGenerativeRingtone = false, isDefaultRingtone = true
04-22 22:45:53.762  2962  2962 D NtNotificationManagerService: skip playGlyphEffect, mGlyphNotificationEnable = true, FLAG_ONGOING_EVENT = 2, FLAG_FOREGROUND_SERVICE = 64, isInCall = false, isScreenOn = false, isSoundOnly = false, is silent Notification = true, skipPlayGlyphForNotEssentialNotification = false
04-22 22:45:53.775  4994  4994 W LocaleConfig: The resource file pointed to by the given resource ID isn't found.
04-22 22:45:53.775  6326  6326 D GlyphNotification.GlyphAdapterManager: GlyphAdapterManager init = true, gm = com.nothing.glyphnotification.GlyphMatrixAdapter@c5f49a9, model = A069P, obj = com.nothing.glyphnotification.GlyphAdapterManager@ae16b1b
04-22 22:45:53.775  6326  6326 D GlyphNotification.GlyphNotificationManagerV2: getOrCreateController obj = null, isProgressNotification = false
04-22 22:45:53.777 19648 19648 I NotificationListener: received notification posted event - tw.bluehomewu.devicemonitor#UserHandle{0},category=-1
04-22 22:45:53.798  3874  4545 W LocaleConfig: The resource file pointed to by the given resource ID isn't found.
04-22 22:45:53.800  3874  4545 W LocaleConfig: The resource file pointed to by the given resource ID isn't found.
04-22 22:45:53.808  1995 12597 I SnapAlloc: Using graphics libs for alignment calculations
04-22 22:45:53.824  3874  4545 W HWUI    : Image decoding logging dropped!
04-22 22:45:53.828  1995 12597 I SnapAlloc: Using graphics libs for alignment calculations
04-22 22:45:53.833  3874  4545 W HWUI    : Image decoding logging dropped!
04-22 22:45:53.951 32327  6564 D AlertNotificationMgr: йќћдё»иЈќзЅ®пјЊз•ҐйЃЋйЂљзџҐпјљA069P
04-22 22:45:53.951 32327  6564 D RealtimeRepository: UPDATE: A069P
04-22 22:45:54.229 21935 22497 W PersonalSafety: Reject: No sufficient displacement. [CONTEXT service_id=310 ]
04-22 22:45:54.230 21935 22497 W PersonalSafety: BleScanner not running, ignore location update [CONTEXT service_id=310 ]
04-22 22:45:54.232 21935  8414 I FusedLocation: (REDACTED) location delivery to %s blocked - too close
04-22 22:45:54.232 21935  8414 I FusedLocation: (REDACTED) location delivery to %s blocked - too close
04-22 22:45:54.248  2017  2017 I vendor.qti.hardware.servicetrackeraidl-service: bindService is called for service : com.google.android.gms/.chimera.PersistentApiService and for client com.google.android.gms.persistent
04-22 22:45:54.248  2017  2017 I vendor.qti.hardware.servicetrackeraidl-service: total connections for service : com.google.android.gms/.chimera.PersistentApiServiceare :33
04-22 22:45:54.248  2017  2017 I vendor.qti.hardware.servicetrackeraidl-service: total connections for client : com.google.android.gms.persistentare :6
04-22 22:45:54.311 21935  8405 I TFLite-in-PlayServices: Created interpreter.
04-22 22:45:54.323 21935  8405 I TFLite-in-PlayServices: Created interpreter.
04-22 22:45:54.327 21935  8405 I SemanticLocation: (REDACTED) [Inferrer] %s%s
04-22 22:45:54.354 21935  8405 W SemanticLocation: [AddAdditionalPlaceDetailsUtil] Failed to fetch place info for fprint from place index. [CONTEXT service_id=173 ]
04-22 22:45:55.250  2017  2017 I vendor.qti.hardware.servicetrackeraidl-service: bindService is called for service : com.google.android.gms/.chimera.PersistentDirectBootAwareApiService and for client com.google.android.gms.persistent
04-22 22:45:55.250  2017  2017 I vendor.qti.hardware.servicetrackeraidl-service: total connections for service : com.google.android.gms/.chimera.PersistentDirectBootAwareApiServiceare :26
04-22 22:45:55.251  2017  2017 I vendor.qti.hardware.servicetrackeraidl-service: total connections for client : com.google.android.gms.persistentare :6
04-22 22:45:55.253 21935 21935 D BoundBrokerSvc: onRebind: Intent { act=com.google.android.gms.libs.gmscorelogger.service.START dat=chimera-action:/... xflg=0x4 cmp=com.google.android.gms/.chimera.PersistentDirectBootAwareApiService }
04-22 22:45:53.479  7642  7642 I [kworke][0xaac961c1427][14:45:56.809976] qca6750: [7642:I:PMO] pmo_core_psoc_send_host_wakeup_ind_to_fw: Host wakeup indication sent to fw
04-22 22:45:56.822 32327  4821 D AlertNotificationMgr: йќћдё»иЈќзЅ®пјЊз•ҐйЃЋйЂљзџҐпјљA142
04-22 22:45:56.822 32327  4821 D RealtimeRepository: UPDATE: A142
04-22 22:45:56.924 32327  4821 I Supabase-Realtime: Heartbeat received
04-22 22:45:53.621  1885  1885 E healthd : soc_b:95, soc:65, soc_c:65, Vol:4089, Cur:482,chg_s:1,t_l:240,b_s:2,OffTlast:640,lcd_off:1,Vu:4709,Vw:0,pid:1885,brightness:0.000000,rmCap:3909
04-22 22:45:53.621  1885  1885 E healthd : battery l=65 v=4089 t=29.0 h=2 st=2 c=482494 fc=6005000 cc=6 chg=u
04-22 22:45:53.641  1885  1885 E healthd : soc_b:95, soc:65, soc_c:65, Vol:4089, Cur:482,chg_s:1,t_l:240,b_s:2,OffTlast:640,lcd_off:1,Vu:4708,Vw:0,pid:1885,brightness:0.000000,rmCap:3909
04-22 22:45:53.642  1885  1885 W HealthLoop: debug.tracing.screen_brightness:0.000000
04-22 22:45:54.637  1977  1977 E BATTERY_CHG: battery_health_show: end read batt_soh:100
04-22 22:45:58.289  2962  4393 W ProcessStats: Tracking association SourceState{658d19a com.google.android.gms.persistent/10187 BFgs #205489} whose proc state 4 is better than process ProcessState{90498c4 com.google.android.adservices.api/10279 pkg=com.google.android.adservices.api} proc state 8 (3 skipped)
04-22 22:45:58.290  2017  2017 I vendor.qti.hardware.servicetrackeraidl-service: unbindService is called for service : com.google.android.gms/.chimera.PersistentDirectBootAwareApiService and for client com.google.android.apps.messaging:rcs
04-22 22:45:54.652  1977  1977 E BATTERY_CHG: battery_health_show: end read batt_soh:100
04-22 22:45:55.119     0     0 E [    C2] [soft_i][0xaac97fc8a90][14: 45:58.449955] qca6750: [0:E:QDF] htc_rx_completion_handler: Received initial wake up
04-22 22:45:55.119  8376  8376 I [kworke][0xaac97fcac68][14:45:58.450406] qca6750: [8376:I:PMO] pmo_core_psoc_send_host_wakeup_ind_to_fw: Host wakeup indication sent to fw
04-22 22:45:55.122     0     0 I [    C1] [soft_i][0xaac97fd5eeb][14: 45:58.452786] qca6750: [0:I:WMA] WLAN triggered wakeup: BPF_ALLOW (39), vdev: 0 (STA)
04-22 22:45:55.122     0     0 I [    C1] [soft_i][0xaac97fd7458][14: 45:58.453072] qca6750: [0:I:WMA] wma_wake_event_packet: Wake event packet:
04-22 22:45:58.461 32327  6564 D AlertNotificationMgr: йќћдё»иЈќзЅ®пјЊз•ҐйЃЋйЂљзџҐпјљA065
04-22 22:45:58.462 32327  6564 D RealtimeRepository: UPDATE: A065
04-22 22:46:00.015  2962  4393 W ActivityManager: pid 4119 com.nothing.thirdparty sent binder code 1 with flags 1 to frozen apps and got error -32
04-22 22:46:00.019  4119  4119 E GlyphToy: Can't send msg
04-22 22:46:00.019  4119  4119 E GlyphToy: android.os.DeadObjectException
04-22 22:46:00.019  4119  4119 E GlyphToy: 	at android.os.BinderProxy.transactNative(Native Method)
04-22 22:46:00.019  4119  4119 E GlyphToy: 	at android.os.BinderProxy.transact(BinderProxy.java:599)
04-22 22:46:00.019  4119  4119 E GlyphToy: 	at android.os.IMessenger$Stub$Proxy.send(IMessenger.java:120)
04-22 22:46:00.019  4119  4119 E GlyphToy: 	at android.os.Messenger.send(Messenger.java:59)
04-22 22:46:00.019  4119  4119 E GlyphToy: 	at com.nothing.thirdparty.bmo.ofl(go/retraceme 9a59b3ef8e9b391fdd0c898ef13bb9596010281b99082a06ea396c2e0a0831b6:53)
04-22 22:46:00.019  4119  4119 E GlyphToy: 	at com.nothing.thirdparty.bmo.edu(go/retraceme 9a59b3ef8e9b391fdd0c898ef13bb9596010281b99082a06ea396c2e0a0831b6:41)
04-22 22:46:00.019  4119  4119 E GlyphToy: 	at com.nothing.thirdparty.ihd.onAlarm(go/retraceme 9a59b3ef8e9b391fdd0c898ef13bb9596010281b99082a06ea396c2e0a0831b6:16)
04-22 22:46:00.019  4119  4119 E GlyphToy: 	at android.app.AlarmManager$ListenerWrapper.run(AlarmManager.java:375)
04-22 22:46:00.019  4119  4119 E GlyphToy: 	at android.os.Handler.handleCallback(Handler.java:995)
04-22 22:46:00.019  4119  4119 E GlyphToy: 	at android.os.Handler.dispatchMessage(Handler.java:103)
04-22 22:46:00.019  4119  4119 E GlyphToy: 	at android.os.Looper.loopOnce(Looper.java:283)
04-22 22:46:00.019  4119  4119 E GlyphToy: 	at android.os.Looper.loop(Looper.java:392)
04-22 22:46:00.019  4119  4119 E GlyphToy: 	at android.app.ActivityThread.main(ActivityThread.java:9248)
04-22 22:46:00.019  4119  4119 E GlyphToy: 	at java.lang.reflect.Method.invoke(Native Method)
04-22 22:46:00.019  4119  4119 E GlyphToy: 	at com.android.internal.os.RuntimeInit$MethodAndArgsCaller.run(RuntimeInit.java:611)
04-22 22:46:00.019  4119  4119 E GlyphToy: 	at com.android.internal.os.ZygoteInit.main(ZygoteInit.java:944)
04-22 22:46:00.024  2017  2017 I vendor.qti.hardware.servicetrackeraidl-service: bindService is called for service : com.instagram.android/androidx.work.impl.background.systemjob.SystemJobService and for client system
04-22 22:46:00.024  2017  2017 I vendor.qti.hardware.servicetrackeraidl-service: total connections for service : com.instagram.android/androidx.work.impl.background.systemjob.SystemJobServiceare :1
04-22 22:46:00.024  2017  2017 I vendor.qti.hardware.servicetrackeraidl-service: total connections for client : systemare :34
04-22 22:46:00.030  2962  3550 V GrammaticalInflectionUtils: AttributionSource: android.content.AttributionSource@96619eef does not have READ_SYSTEM_GRAMMATICAL_GENDER permission.
04-22 22:46:00.041  3874  3874 D OLDQuickLookClockView: refreshInfo hasCalendar:false hasWeather:true
04-22 22:46:00.045  3874  3874 D OLDQuickLookClockView: refreshInfo hasCalendar:false hasWeather:false
04-22 22:46:00.050  2017  2017 I vendor.qti.hardware.servicetrackeraidl-service: bindService is called for service : com.instagram.barcelona/androidx.work.impl.background.systemjob.SystemJobService and for client system
04-22 22:46:00.050  2017  2017 I vendor.qti.hardware.servicetrackeraidl-service: total connections for service : com.instagram.barcelona/androidx.work.impl.background.systemjob.SystemJobServiceare :1
04-22 22:46:00.050  2017  2017 I vendor.qti.hardware.servicetrackeraidl-service: total connections for client : systemare :35
04-22 22:46:00.051  2962  3550 V GrammaticalInflectionUtils: AttributionSource: android.content.AttributionSource@aadbc663 does not have READ_SYSTEM_GRAMMATICAL_GENDER permission.
04-22 22:46:00.056  2962  3550 D OomAdjuster: process : com.google.android.as.oss, pid = 5300, isTop = false, uid = 10182
04-22 22:46:00.056  2962  3550 D OomAdjuster: process : com.google.android.as.oss is not top!
04-22 22:46:00.057  2017  2017 I vendor.qti.hardware.servicetrackeraidl-service: bindService is called for service : com.google.android.as.oss/com.google.android.gms.learning.internal.training.InAppJobService and for client system
04-22 22:46:00.057  2017  2017 I vendor.qti.hardware.servicetrackeraidl-service: total connections for service : com.google.android.as.oss/com.google.android.gms.learning.internal.training.InAppJobServiceare :1
04-22 22:46:00.057  2017  2017 I vendor.qti.hardware.servicetrackeraidl-service: total connections for client : systemare :36
04-22 22:46:00.070  1788  1788 D Zygote  : Forked child process 8424
04-22 22:46:00.076  2962  3550 D ActivityManager: sync unfroze 5300 com.google.android.as.oss for 6
04-22 22:46:00.080  2962  3078 I ActivityManager: Start proc 8424:com.instagram.android/u0a306 for service {com.instagram.android/androidx.work.impl.background.systemjob.SystemJobService}
04-22 22:46:00.080  2962  3078 I ActivityManager: ProcessObserver broadcast disabled
04-22 22:46:00.087  2962  3550 W JobServiceContext: Sending onNetworkChanged for a job that isn't started. JobStatus{7bf961b #u0a182/-546068258 com.google.android.as.oss/com.google.android.gms.learning.internal.training.InAppJobService u=0 s=10182 TIME=-11s483ms:none NET CHARGING PERSISTED READY}
04-22 22:46:00.095  8424  8424 I stagram.android: Using CollectorTypeCMC GC.
04-22 22:46:00.102  1788  1788 D Zygote  : Forked child process 8433
04-22 22:46:00.103  2962  3078 W ActivityManager: Slow operation: 52ms so far, now at startProcess: returned from zygote!
04-22 22:46:00.103  8424  8424 D nativeloader: Load libframework-connectivity-tiramisu-jni.so using APEX ns com_android_tethering for caller /apex/com.android.tethering/javalib/framework-connectivity-t.jar: ok
04-22 22:46:00.108  2962  3078 W ActivityManager: Slow operation: 57ms so far, now at startProcess: done updating battery stats
04-22 22:46:00.109  2962  3078 W ActivityManager: Slow operation: 58ms so far, now at startProcess: building log message
04-22 22:46:00.111  2962  3078 I ActivityManager: Start proc 8433:com.instagram.barcelona/u0a318 for service {com.instagram.barcelona/androidx.work.impl.background.systemjob.SystemJobService}
04-22 22:46:00.111  2962  3078 W ActivityManager: Slow operation: 60ms so far, now at startProcess: starting to update pids map
04-22 22:46:00.113  2962  3078 I ActivityManager: ProcessObserver broadcast disabled
04-22 22:46:00.113  2962  3078 W ActivityManager: Slow operation: 62ms so far, now at startProcess: done updating pids map
04-22 22:46:00.118  2962  4393 D CompatibilityInfo: mCompatibilityFlags - 0
04-22 22:46:00.118  2962  4393 D CompatibilityInfo: applicationDensity - 440
04-22 22:46:00.118  2962  4393 D CompatibilityInfo: applicationScale - 1.0
04-22 22:46:00.124  2962  4393 D OomAdjuster: process : com.instagram.android, pid = 8424, isTop = false, uid = 10306, hasActivity = false
04-22 22:46:00.124  2962  4393 D OomAdjuster: process : com.instagram.android is not top!
04-22 22:46:00.126  5421  5466 V OsAgent : broadcastSystemEvent - 7
04-22 22:46:00.131  8424  8424 D NtScrollerManagerImpl: init NtScrollerManagerImpl
04-22 22:46:00.132  2962  3079 D ActivityManager: uid = 10306, pid = 8424, processName = com.instagram.android is not top app, set nt foreground
04-22 22:46:00.133  8433  8433 I agram.barcelona: Using CollectorTypeCMC GC.
04-22 22:46:00.141  8433  8433 D nativeloader: Load libframework-connectivity-tiramisu-jni.so using APEX ns com_android_tethering for caller /apex/com.android.tethering/javalib/framework-connectivity-t.jar: ok
04-22 22:46:00.146  3874  3874 D OLDQuickLookClockView:  getFormattedDateLocked:zh_TW_#Hant
04-22 22:46:00.147  3874  3874 D OLDQuickLookClockView: updateDateInfo: 4жњ€22ж—Ґ йЂ±дё‰
04-22 22:46:00.147  3874  3874 D OLDQuickLookClockView: refreshInfo hasCalendar:false hasWeather:true
04-22 22:46:00.149  3874  3874 D OLDQuickLookClockView:  getFormattedDateLocked:zh_TW_#Hant
04-22 22:46:00.149  3874  3874 D OLDQuickLookClockView: updateDateInfo: 4жњ€22ж—Ґ йЂ±дё‰
04-22 22:46:00.149  3874  3874 D OLDQuickLookClockView: refreshInfo hasCalendar:false hasWeather:false
04-22 22:46:00.153  2962  3079 D ActivityManager: uid = 10318, pid = 8433, processName = com.instagram.barcelona is not top app, set nt foreground
04-22 22:46:00.156  8424  8424 D ApplicationLoaders: Returning zygote-cached class loader: /system/framework/org.apache.http.legacy.jar
04-22 22:46:00.157  2962  6458 D CompatibilityInfo: mCompatibilityFlags - 0
04-22 22:46:00.158  2962  6458 D CompatibilityInfo: applicationDensity - 440
04-22 22:46:00.158  2962  6458 D CompatibilityInfo: applicationScale - 1.0
04-22 22:46:00.159  8424  8424 D nativeloader: Configuring clns-9 for other apk /system_ext/framework/androidx.camera.extensions.impl.advanced.jar. target_sdk_version=36, uses_libraries=ALL, library_path=/data/app/~~MVFdS6bURCRBP_UVgKBxNA==/com.instagram.android-wMtXTGFsutubrGAkkwETCg==/lib/arm64:/data/app/~~MVFdS6bURCRBP_UVgKBxNA==/com.instagram.android-wMtXTGFsutubrGAkkwETCg==/base.apk!/lib/arm64-v8a:/data/app/~~MVFdS6bURCRBP_UVgKBxNA==/com.instagram.android-wMtXTGFsutubrGAkkwETCg==/split_config.xxhdpi.apk!/lib/arm64-v8a:/data/app/~~MVFdS6bURCRBP_UVgKBxNA==/com.instagram.android-wMtXTGFsutubrGAkkwETCg==/split_executorch.apk!/lib/arm64-v8a:/data/app/~~MVFdS6bURCRBP_UVgKBxNA==/com.instagram.android-wMtXTGFsutubrGAkkwETCg==/split_heliumcore.apk!/lib/arm64-v8a:/data/app/~~MVFdS6bURCRBP_UVgKBxNA==/com.instagram.android-wMtXTGFsutubrGAkkwETCg==/split_heliumiab.apk!/lib/arm64-v8a:/data/app/~~MVFdS6bURCRBP_UVgKBxNA==/com.instagram.android-wMtXTGFsutubrGAkkwETCg==/split_i18n_zh_TW.apk!/lib/arm64-v8a:/data/app/~~MVFdS6bURCRBP_UVgKBxNA==/com.instagram.android-wMt
04-22 22:46:00.159  8424  8424 D nativeloader: Extending system_exposed_libraries: libbinauralrenderer_wrapper.qti.so:libhoaeffects.qti.so:libupdateprof.qti.so:libthermalclient.qti.so:libdiag_system.qti.so:libqape.qti.so:libqesdk_ndk_platform.qti.so:liblistenjni.qti.so
04-22 22:46:00.160  2962  6458 D OomAdjuster: process : com.instagram.barcelona, pid = 8433, isTop = false, uid = 10318, hasActivity = false
04-22 22:46:00.160  2962  6458 D OomAdjuster: process : com.instagram.barcelona is not top!
04-22 22:46:00.160  8424  8424 D ApplicationLoaders: Returning zygote-cached class loader: /system_ext/framework/androidx.window.extensions.jar
04-22 22:46:00.160  8424  8424 D ApplicationLoaders: Returning zygote-cached class loader: /system_ext/framework/androidx.window.sidecar.jar
04-22 22:46:00.163  2017  2017 I vendor.qti.hardware.servicetrackeraidl-service: bindService is called for service : com.google.android.as.oss/com.google.android.gms.learning.internal.training.InAppTrainingService and for client com.google.android.as.oss
04-22 22:46:00.164  2017  2017 I vendor.qti.hardware.servicetrackeraidl-service: total connections for service : com.google.android.as.oss/com.google.android.gms.learning.internal.training.InAppTrainingServiceare :1
04-22 22:46:00.164  2017  2017 I vendor.qti.hardware.servicetrackeraidl-service: total connections for client : com.google.android.as.ossare :1
04-22 22:46:00.164  2962  4393 D ActivityManager: sync unfroze 5336 com.google.android.as.oss:learning_bg for 6
04-22 22:46:00.168  5300  5306 W .android.as.oss: userfaultfd: MOVE ioctl seems unsupported: Connection timed out
04-22 22:46:00.168  5421  5466 V OsAgent : broadcastSystemEvent - 7
04-22 22:46:00.173  8433  8433 D NtScrollerManagerImpl: init NtScrollerManagerImpl
04-22 22:46:00.190  8433  8433 D ApplicationLoaders: Returning zygote-cached class loader: /system/framework/org.apache.http.legacy.jar
04-22 22:46:00.190  8433  8433 D ApplicationLoaders: Returning zygote-cached class loader: /system_ext/framework/androidx.window.extensions.jar
04-22 22:46:00.190  8433  8433 D ApplicationLoaders: Returning zygote-cached class loader: /system_ext/framework/androidx.window.sidecar.jar
04-22 22:46:00.198  8424  8424 W stagram.android: Failed to find entry 'classes.dex': Entry not found
04-22 22:46:00.199  8424  8424 W stagram.android: Failed to find entry 'classes.dex': Entry not found
04-22 22:46:00.199  8424  8424 W stagram.android: Failed to find entry 'classes.dex': Entry not found
04-22 22:46:00.200  8424  8424 W stagram.android: Failed to find entry 'classes.dex': Entry not found
04-22 22:46:00.200  8424  8424 W stagram.android: Failed to find entry 'classes.dex': Entry not found
04-22 22:46:00.200  8424  8424 W stagram.android: Failed to find entry 'classes.dex': Entry not found
04-22 22:46:00.201  8424  8424 D nativeloader: Configuring clns-10 for other apk /data/app/~~MVFdS6bURCRBP_UVgKBxNA==/com.instagram.android-wMtXTGFsutubrGAkkwETCg==/base.apk:/data/app/~~MVFdS6bURCRBP_UVgKBxNA==/com.instagram.android-wMtXTGFsutubrGAkkwETCg==/split_config.xxhdpi.apk:/data/app/~~MVFdS6bURCRBP_UVgKBxNA==/com.instagram.android-wMtXTGFsutubrGAkkwETCg==/split_executorch.apk:/data/app/~~MVFdS6bURCRBP_UVgKBxNA==/com.instagram.android-wMtXTGFsutubrGAkkwETCg==/split_heliumcore.apk:/data/app/~~MVFdS6bURCRBP_UVgKBxNA==/com.instagram.android-wMtXTGFsutubrGAkkwETCg==/split_heliumiab.apk:/data/app/~~MVFdS6bURCRBP_UVgKBxNA==/com.instagram.android-wMtXTGFsutubrGAkkwETCg==/split_i18n_zh_TW.apk:/data/app/~~MVFdS6bURCRBP_UVgKBxNA==/com.instagram.android-wMtXTGFsutubrGAkkwETCg==/split_pytorch.apk. target_sdk_version=36, uses_libraries=, library_path=/data/app/~~MVFdS6bURCRBP_UVgKBxNA==/com.instagram.android-wMtXTGFsutubrGAkkwETCg==/lib/arm64:/data/app/~~MVFdS6bURCRBP_UVgKBxNA==/com.instagram.android-wMtXTGFsutubrGAkkwETCg==/base.apk!/lib/arm64-v8a:/data/app/~
04-22 22:46:00.207  8433  8433 W agram.barcelona: Failed to find entry 'classes.dex': Entry not found
04-22 22:46:00.208  8433  8433 W agram.barcelona: Failed to find entry 'classes.dex': Entry not found
04-22 22:46:00.209  8433  8433 D nativeloader: Configuring clns-9 for other apk /data/app/~~bJw5MccA52bJCb3fMIY7rA==/com.instagram.barcelona-_2ub7Ao-jQIAu8ot4o44GA==/base.apk:/data/app/~~bJw5MccA52bJCb3fMIY7rA==/com.instagram.barcelona-_2ub7Ao-jQIAu8ot4o44GA==/split_config.arm64_v8a.apk:/data/app/~~bJw5MccA52bJCb3fMIY7rA==/com.instagram.barcelona-_2ub7Ao-jQIAu8ot4o44GA==/split_config.xxhdpi.apk. target_sdk_version=36, uses_libraries=, library_path=/data/app/~~bJw5MccA52bJCb3fMIY7rA==/com.instagram.barcelona-_2ub7Ao-jQIAu8ot4o44GA==/lib/arm64:/data/app/~~bJw5MccA52bJCb3fMIY7rA==/com.instagram.barcelona-_2ub7Ao-jQIAu8ot4o44GA==/base.apk!/lib/arm64-v8a:/data/app/~~bJw5MccA52bJCb3fMIY7rA==/com.instagram.barcelona-_2ub7Ao-jQIAu8ot4o44GA==/split_config.arm64_v8a.apk!/lib/arm64-v8a:/data/app/~~bJw5MccA52bJCb3fMIY7rA==/com.instagram.barcelona-_2ub7Ao-jQIAu8ot4o44GA==/split_config.xxhdpi.apk!/lib/arm64-v8a, permitted_path=/data:/mnt/expand:/data/user/0/com.instagram.barcelona
04-22 22:46:00.216  8433  8433 I agram.barcelona: AssetManager2(0xb400007b6e3e2958) locale list changing from [] to [zh-Hant-TW]
04-22 22:46:00.219  8433  8433 I Perf    : Connecting to perf service.
04-22 22:46:00.223  8433  8433 V GraphicsEnvironment: Currently set values for:
04-22 22:46:00.223  8433  8433 V GraphicsEnvironment:   angle_gl_driver_selection_pkgs=[com.android.angle, com.linecorp.b612.android, com.campmobile.snow, com.google.android.apps.tachyon]
04-22 22:46:00.223  8433  8433 V GraphicsEnvironment:   angle_gl_driver_selection_values=[angle, native, native, native]
04-22 22:46:00.223  8433  8433 V GraphicsEnvironment: com.instagram.barcelona is not listed in per-application setting
04-22 22:46:00.223  8433  8433 V GraphicsEnvironment: ANGLE allowlist from config: 
04-22 22:46:00.223  8433  8433 V GraphicsEnvironment: com.instagram.barcelona is not listed in ANGLE allowlist or settings, returning default
04-22 22:46:00.223  8433  8433 V GraphicsEnvironment: Updatable production driver is not supported on the device.
04-22 22:46:00.237  5336  5344 W oss:learning_bg: userfaultfd: MOVE ioctl seems unsupported: Connection timed out
04-22 22:46:00.246  8433  8456 W SoLoader: Initializing SoLoader: 1034
04-22 22:46:00.246  8433  8456 W SoLoader: context.getApplicationContext returned null, holding reference to original context.ApplicationSoSource fallbacks to: /data/app/~~bJw5MccA52bJCb3fMIY7rA==/com.instagram.barcelona-_2ub7Ao-jQIAu8ot4o44GA==/lib/arm64
04-22 22:46:00.247  8424  8424 W AppComponentFactory: requestVanillaClassLoader : true
04-22 22:46:00.248  8433  8455 W CrashLoopRemedyLog: unable to delete remedy log, instaCrash: false
04-22 22:46:00.248  8433  8455 W CrashLoopRemedyLog: unable to delete remedy log, instaCrash: true
04-22 22:46:00.249  8433  8456 W SoLoader: SoLoader initialized: 1034
04-22 22:46:00.249  8433  8456 W FbSoLoader: Setting up native deps, useAssetManager=true
04-22 22:46:00.249  8433  8456 W FbSoLoader: Failed to read native deps: native_deps.txt
04-22 22:46:00.249  8433  8456 W FbSoLoader: Failed to use precomputed native lib dependencies file
04-22 22:46:00.250  8433  8456 E FbSoLoader: FbSoLoader unable to determine primary compression type .spo
04-22 22:46:00.252  8424  8424 I stagram.android: AssetManager2(0xb400007b6e3e2958) locale list changing from [] to [zh-Hant-TW]
04-22 22:46:00.253  8433  8456 W FbSoLoader: Initialized FBSoLoader
04-22 22:46:00.255  8433  8455 W lacrima : LacrimaConfigBuilder.setUserIdActorId not called, using 0
04-22 22:46:00.255  8433  8455 W lacrima : LacrimaConfigBuilder.setUserIdActingAccountId not called, using 0
04-22 22:46:00.256  8424  8424 I Perf    : Connecting to perf service.
04-22 22:46:00.259  8433  8455 W MemProcWatermarkReader: [AI] Failed to open zoneinfo file
04-22 22:46:00.259  8433  8455 W lacrima : Start JavaAppDeathCrashDetector... X.0wn
04-22 22:46:00.263  8433  8455 W lacrima : Sending pending reports
04-22 22:46:00.266  8424  8424 V GraphicsEnvironment: Currently set values for:
04-22 22:46:00.266  8424  8424 V GraphicsEnvironment:   angle_gl_driver_selection_pkgs=[com.android.angle, com.linecorp.b612.android, com.campmobile.snow, com.google.android.apps.tachyon]
04-22 22:46:00.266  8424  8424 V GraphicsEnvironment:   angle_gl_driver_selection_values=[angle, native, native, native]
04-22 22:46:00.266  8424  8424 V GraphicsEnvironment: com.instagram.android is not listed in per-application setting
04-22 22:46:00.266  8424  8424 V GraphicsEnvironment: ANGLE allowlist from config: 
04-22 22:46:00.266  8424  8424 V GraphicsEnvironment: com.instagram.android is not listed in ANGLE allowlist or settings, returning default
04-22 22:46:00.266  8424  8424 V GraphicsEnvironment: Updatable production driver is not supported on the device.
04-22 22:46:00.268  8433  8463 W SoLoader[NativeDeps]: Falling back to custom ELF parsing when loading libearlystartup.so, this can be slow
04-22 22:46:00.267  8433  8433 W Lacrima_single_: type=1400 audit(0.0:16702): avc:  denied  { read } for  name="sdcard" dev="tmpfs" ino=35 scontext=u:r:untrusted_app:s0:c62,c257,c512,c768 tcontext=u:object_r:mnt_sdcard_file:s0 tclass=lnk_file permissive=0 app=com.instagram.barcelona
04-22 22:46:00.267  8433  8433 W Lacrima_single_: type=1400 audit(0.0:16703): avc:  denied  { read } for  name="sdcard" dev="tmpfs" ino=35 scontext=u:r:untrusted_app:s0:c62,c257,c512,c768 tcontext=u:object_r:mnt_sdcard_file:s0 tclass=lnk_file permissive=0 app=com.instagram.barcelona
04-22 22:46:00.269  8433  8463 W SoLoader[NativeDeps]: Falling back to custom ELF parsing when loading libbreakpad.so, this can be slow
04-22 22:46:00.270  8433  8458 E ashmem  : Pinning is deprecated since Android Q. Please use trim or other methods.
04-22 22:46:00.271  8433  8463 D nativeloader: Load /data/app/~~bJw5MccA52bJCb3fMIY7rA==/com.instagram.barcelona-_2ub7Ao-jQIAu8ot4o44GA==/split_config.arm64_v8a.apk!/lib/arm64-v8a/libc++_shared.so using class loader ns clns-9 (caller=/data/app/~~bJw5MccA52bJCb3fMIY7rA==/com.instagram.barcelona-_2ub7Ao-jQIAu8ot4o44GA==/base.apk!classes8.dex): ok
04-22 22:46:00.272  8433  8463 D nativeloader: Load /data/app/~~bJw5MccA52bJCb3fMIY7rA==/com.instagram.barcelona-_2ub7Ao-jQIAu8ot4o44GA==/split_config.arm64_v8a.apk!/lib/arm64-v8a/libbreakpad.so using class loader ns clns-9 (caller=/data/app/~~bJw5MccA52bJCb3fMIY7rA==/com.instagram.barcelona-_2ub7Ao-jQIAu8ot4o44GA==/base.apk!classes8.dex): ok
04-22 22:46:00.273  5336  8452 D nativeloader: Load /data/app/~~3-4kNggRQ-C-9eBN1H_9QA==/com.google.android.as.oss-6yFE0mvLbfg4736VAhabFg==/split_config.arm64_v8a.apk!/lib/arm64-v8a/libpcs_tensorflow_jni.so using class loader ns clns-9 (caller=/data/app/~~3-4kNggRQ-C-9eBN1H_9QA==/com.google.android.as.oss-6yFE0mvLbfg4736VAhabFg==/base.apk!classes2.dex): ok
04-22 22:46:00.274  8433  8463 D nativeloader: Load /data/app/~~bJw5MccA52bJCb3fMIY7rA==/com.instagram.barcelona-_2ub7Ao-jQIAu8ot4o44GA==/split_config.arm64_v8a.apk!/lib/arm64-v8a/libfbunwindstack.so using class loader ns clns-9 (caller=/data/app/~~bJw5MccA52bJCb3fMIY7rA==/com.instagram.barcelona-_2ub7Ao-jQIAu8ot4o44GA==/base.apk!classes8.dex): ok
04-22 22:46:00.276  8433  8463 D nativeloader: Load /data/app/~~bJw5MccA52bJCb3fMIY7rA==/com.instagram.barcelona-_2ub7Ao-jQIAu8ot4o44GA==/split_config.arm64_v8a.apk!/lib/arm64-v8a/libearlystartup.so using class loader ns clns-9 (caller=/data/app/~~bJw5MccA52bJCb3fMIY7rA==/com.instagram.barcelona-_2ub7Ao-jQIAu8ot4o44GA==/base.apk!classes8.dex): ok
04-22 22:46:00.278  8433  8433 D SceneManager: init SceneManager
04-22 22:46:00.280  8433  8463 W lacrima : The minidump file is empty!
04-22 22:46:00.280  8433  8463 W SoLoader[NativeDeps]: Falling back to custom ELF parsing when loading libunwindstack_binary.so, this can be slow
04-22 22:46:00.281  8433  8463 W SoLoader[NativeDeps]: Falling back to custom ELF parsing when loading libfbunwindstack.so, this can be slow
04-22 22:46:00.281  8433  8463 W SoLoader[NativeDeps]: Falling back to custom ELF parsing when loading libc++_shared.so, this can be slow
04-22 22:46:00.283  8433  8463 W lacrima : Start AnrAppDeathDetector... X.0yr
04-22 22:46:00.285  8433  8463 E HeliumCrashReporter: Pending crash path /data/data/com.instagram.barcelona/cache/webview_embedded/Helium Crashpad/pending/ is not a directory
04-22 22:46:00.286  8433  8463 V v9p     : Not disabled
04-22 22:46:00.286  8433  8463 I rtvip   : done
04-22 22:46:00.286  8424  8468 W SoLoader: Initializing SoLoader: 2
04-22 22:46:00.286  8424  8468 W SoLoader: context.getApplicationContext returned null, holding reference to original context.ApplicationSoSource fallbacks to: /data/app/~~MVFdS6bURCRBP_UVgKBxNA==/com.instagram.android-wMtXTGFsutubrGAkkwETCg==/lib/arm64
04-22 22:46:00.286  8433  8463 W SoLoader[NativeDeps]: Falling back to custom ELF parsing when loading libstartup.so, this can be slow
04-22 22:46:00.293  8433  8463 D nativeloader: Load /data/app/~~bJw5MccA52bJCb3fMIY7rA==/com.instagram.barcelona-_2ub7Ao-jQIAu8ot4o44GA==/split_config.arm64_v8a.apk!/lib/arm64-v8a/libstartup.so using class loader ns clns-9 (caller=/data/app/~~bJw5MccA52bJCb3fMIY7rA==/com.instagram.barcelona-_2ub7Ao-jQIAu8ot4o44GA==/base.apk!classes8.dex): ok
04-22 22:46:00.296  2962  4221 D FileUtils: Rounded bytes from 11809792000 to 16000000000
04-22 22:46:00.297  8433  8433 W SoLoader: Loading fbjni on the main thread
04-22 22:46:00.297  8433  8433 W SoLoader: Loading profilo_apiimpl on the main thread
04-22 22:46:00.297  8433  8433 W SoLoader: Loading profilo_configjni on the main thread
04-22 22:46:00.298  8433  8433 W SoLoader: Loading profilo_configjni on the main thread
04-22 22:46:00.298  8433  8433 W SoLoader: Loading profilo_mmapbuf on the main thread
04-22 22:46:00.298  8433  8433 W SoLoader: Loading profilo on the main thread
04-22 22:46:00.298  8433  8433 W Profilo/TraceControl: Loom client config id: 8261025480020388496
04-22 22:46:00.298  8433  8433 W Profilo/TraceControl: START PROFILO_TRACEID: G+z5UL4Hu7W 30539777
04-22 22:46:00.298  8433  8433 W SoLoader: Loading profilo_mmapbuf on the main thread
04-22 22:46:00.300  8433  8433 W SoLoader: Loading profilo on the main thread
04-22 22:46:00.300  8433  8433 W SoLoader: Loading profilo on the main thread
04-22 22:46:00.300  8433  8433 W SoLoader: Loading profilo on the main thread
04-22 22:46:00.300  8433  8433 W SoLoader: Loading profilo on the main thread
04-22 22:46:00.302  8424  8467 W CrashLoopRemedyLog: unable to delete remedy log, instaCrash: false
04-22 22:46:00.302  8424  8467 W CrashLoopRemedyLog: unable to delete remedy log, instaCrash: true
04-22 22:46:00.306  8433  8433 W SoLoader: Loading hiddenapis2 on the main thread
04-22 22:46:00.306  8424  8467 W lacrima : LacrimaConfigBuilder.setUserIdActorId not called, using 0
04-22 22:46:00.306  8424  8467 W lacrima : LacrimaConfigBuilder.setUserIdActingAccountId not called, using 0
04-22 22:46:00.306  8433  8433 E HiddenApis2: Failed to init DecodeJObjectFuncPtr
04-22 22:46:00.308  8433  8463 D nativeloader: Load /data/app/~~bJw5MccA52bJCb3fMIY7rA==/com.instagram.barcelona-_2ub7Ao-jQIAu8ot4o44GA==/split_config.arm64_v8a.apk!/lib/arm64-v8a/libbreakpad_cpp_helper.so using class loader ns clns-9 (caller=/data/app/~~bJw5MccA52bJCb3fMIY7rA==/com.instagram.barcelona-_2ub7Ao-jQIAu8ot4o44GA==/base.apk!classes8.dex): ok
04-22 22:46:00.312  8433  8433 W SoLoader: Loading threadutils-jni on the main thread
04-22 22:46:00.312  8424  8467 W MemProcWatermarkReader: [AI] Failed to open zoneinfo file
04-22 22:46:00.313  8424  8467 W lacrima : Start JavaAppDeathCrashDetector... X.0Us
04-22 22:46:00.313  8424  8467 W lacrima : Sending pending reports
04-22 22:46:00.313  8433  8463 W lacrima : Start AnrDetector... com.facebook.acra.anr.multisignal.MultiSignalANRDetector
04-22 22:46:00.313  8433  8463 W MultiSignalANRDetectorLacrima: Starting
04-22 22:46:00.313  8433  8463 W ProcessAnrErrorMonitor: startMonitoring with delay: 0
04-22 22:46:00.314  8433  8495 W SigquitDetectorLacrima: nativeInit
04-22 22:46:00.316  8433  8496 W ProcessAnrErrorMonitor: Starting process monitor checks for process 'com.instagram.barcelona'
04-22 22:46:00.316  8433  8496 W MultiSignalANRDetectorLacrima: Started monitoring
04-22 22:46:00.317  8433  8480 W ExperimentConfigurator: Initializing experiment with config: [{"matcher":".odex","op":1,"bg_undo":true,"redo_bg":true},{"matcher":".vdex","op":2,"bg_undo":true,"redo_bg":true},{"matcher":"layouts.bin","op":2,"bg_undo":true,"redo_bg":true}]
04-22 22:46:00.317  8433  8480 W ExperimentConfigurator: Experiment initialized: 3 configs ready
04-22 22:46:00.322  8424  8489 E ashmem  : Pinning is deprecated since Android Q. Please use trim or other methods.
04-22 22:46:00.319  8424  8424 W Lacrima_single_: type=1400 audit(0.0:16704): avc:  denied  { read } for  name="sdcard" dev="tmpfs" ino=35 scontext=u:r:untrusted_app:s0:c50,c257,c512,c768 tcontext=u:object_r:mnt_sdcard_file:s0 tclass=lnk_file permissive=0 app=com.instagram.android
04-22 22:46:00.323  8433  8433 W SoLoader: Loading live-tree-jni on the main thread
04-22 22:46:00.324  8433  8433 W SoLoader: Loading pando-jni on the main thread
04-22 22:46:00.324  8433  8433 W agram.barcelona: JNI RegisterNativeMethods: attempt to register 0 native methods for com.facebook.pando.PandoDataJNI
04-22 22:46:00.324  8433  8433 W SoLoader: Loading pando-jni on the main thread
04-22 22:46:00.324  8433  8433 W SoLoader: Loading pando-jni on the main thread
04-22 22:46:00.324  8433  8433 W SoLoader: Loading pando-graphql-jni on the main thread
04-22 22:46:00.325  8433  8433 W IgMetaConfig: Could not obtain MC: null_factory 
04-22 22:46:00.325  8433  8433 W IgMetaConfig: java.lang.RuntimeException: Could not obtain MC, call-site will receive default values
04-22 22:46:00.325  8433  8433 W IgMetaConfig: 	at X.2iW.A05(Unknown Source:4)
04-22 22:46:00.325  8433  8433 W IgMetaConfig: 	at X.2iW.A04(Unknown Source:7)
04-22 22:46:00.325  8433  8433 W IgMetaConfig: 	at X.2iW.A02(Unknown Source:2)
04-22 22:46:00.325  8433  8433 W IgMetaConfig: 	at X.113.invoke(Unknown Source:759)
04-22 22:46:00.325  8433  8433 W IgMetaConfig: 	at X.058.invoke(Unknown Source:111)
04-22 22:46:00.325  8433  8433 W IgMetaConfig: 	at X.280.getValue(Unknown Source:20)
04-22 22:46:00.325  8433  8433 W IgMetaConfig: 	at X.3jX.A01(Unknown Source:8)
04-22 22:46:00.325  8433  8433 W IgMetaConfig: 	at X.2fb.A00(:10)
04-22 22:46:00.325  8433  8433 W IgMetaConfig: 	at X.2ev.invoke(:44)
04-22 22:46:00.325  8433  8433 W IgMetaConfig: 	at X.280.getValue(Unknown Source:20)
04-22 22:46:00.325  8433  8433 W IgMetaConfig: 	at X.2eo.A01(:2)
04-22 22:46:00.325  8433  8433 W IgMetaConfig: 	at X.4Uh.invoke(Unknown Source:1169)
04-22 22:46:00.325  8433  8433 W IgMetaConfig: 	at X.280.getValue(Unknown Source:20)
04-22 22:46:00.325  8433  8433 W IgMetaConfig: 	at com.instagram.user.model.User.A08(Unknown Source:47)
04-22 22:46:00.325  8433  8433 W IgMetaConfig: 	at X.3jL.invoke(Unknown Source:440)
04-22 22:46:00.325  8433  8433 W IgMetaConfig: 	at X.3gO.apply(Unknown Source:4)
04-22 22:46:00.325  8433  8433 W IgMetaConfig: 	at java.util.concurrent.ConcurrentMap.computeIfAbsent(ConcurrentMap.java:330)
04-22 22:46:00.325  8433  8433 W IgMetaConfig: 	at com.instagram.user.model.UserCache.A03(Unknown Source:64)
04-22 22:46:00.325  8433  8433 W IgMetaConfig: 	at X.2aS.A02(:16)
04-22 22:46:00.325  8433  8433 W IgMetaConfig: 	at X.2aS.A01(:28)
04-22 22:46:00.325  8433  8433 W IgMetaConfig: 	at X.2aS.A00(:1)
04-22 22:46:00.325  8433  8433 W IgMetaConfig: 	at X.1fO.<init>(Unknown Source:209)
04-22 22:46:00.325  8433  8433 W IgMetaConfig: 	at X.3gc.invoke(Unknown Source:663)
04-22 22:46:00.325  8433  8433 W IgMetaConfig: 	at X.280.getValue(Unknown Source:20)
04-22 22:46:00.325  8433  8433 W IgMetaConfig: 	at X.1fP.A00(Unknown Source:4)
04-22 22:46:00.325  8433  8433 W IgMetaConfig: 	at X.1fP.A0A(Unknown Source:4)
04-22 22:46:00.325  8433  8433 W IgMetaConfig: 	at X.1xc.A03(:83)
04-22 22:46:00.325  8433  8433 W IgMetaConfig: 	at X.2eH.A01(Unknown Source:39)
04-22 22:46:00.325  8433  8433 W IgMetaConfig: 	at com.instagram.barcelona.process.main.BarcelonaApplicationForMainProcess.A07(:2684)
04-22 22:46:00.325  8433  8433 W IgMetaConfig: 	at com.instagram.barcelona.app.BarcelonaAppShell.onCreate(Unknown Source:707)
