04-22 22:44:23.451  2017  2017 I vendor.qti.hardware.servicetrackeraidl-service: removing client with pid 24672process namecom.instagram.android
04-22 22:44:23.451  2017  2017 I vendor.qti.hardware.servicetrackeraidl-service: destroyService is called for service : com.instagram.android/com.facebook.video.heroplayer.service.HeroKeepAliveService
04-22 22:44:23.451  2017  2017 I vendor.qti.hardware.servicetrackeraidl-service: destroyService is called for service : com.instagram.android/com.instagram.notifications.push.fcm.FcmListenerService
04-22 22:44:23.451  1961  1979 I ANDR-PWR-OPT: GAMEPOWEROPT: sendEvents() 235: Start hint for app com.instagram.android, hintID : 4243, hintID hex : 1093 value: 0
04-22 22:44:23.451  1961  1979 I ANDR-PWR-OPT: PowerAppClassifier: getAppType() 59: checking app [com.instagram.android] is type 1
04-22 22:44:23.451  1961  1979 I ANDR-PWR-OPT: GAMEPOWEROPT: isGame() 359: com.instagram.android is Game = 1
04-22 22:44:23.454  5421  5466 V OsAgent : broadcastSystemEvent - 7
04-22 22:44:23.456  2962  3668 E IPCThreadState: Binder transaction failure. id: 36378018, BR_*: 29189, error: -22 (Invalid argument)
04-22 22:44:23.456  2962  3668 W ActivityManager: pid 2962 system sent binder code 1 with flags 1 to frozen apps and got error -32
04-22 22:44:23.456  2962  3668 E ConnectivityService: RemoteException caught trying to send a callback msg for NetworkRequest [ LISTEN id=5068, [ Transports: CELLULAR|WIFI|BLUETOOTH|ETHERNET|VPN Capabilities: INTERNET&NOT_RESTRICTED&TRUSTED&NOT_VPN&NOT_VCN_MANAGED&NOT_BANDWIDTH_CONSTRAINED Uid: 10306 RequestorUid: 10306 RequestorPkg: com.instagram.android UnderlyingNetworks: Null] ]
04-22 22:44:23.457  2962  3668 E IPCThreadState: Binder transaction failure. id: 36378039, BR_*: 29189, error: -22 (Invalid argument)
04-22 22:44:23.457  2962  3668 W ActivityManager: pid 2962 system sent binder code 1 with flags 1 to frozen apps and got error -32
04-22 22:44:23.457  2962  3668 D ActivityManager: Too many transaction errors, throttling freezer binder callback.
04-22 22:44:23.457  2962  3668 E ConnectivityService: RemoteException caught trying to send a callback msg for NetworkRequest [ TRACK_DEFAULT id=5056, [ Capabilities: INTERNET&NOT_RESTRICTED&TRUSTED&NOT_VCN_MANAGED&NOT_BANDWIDTH_CONSTRAINED Uid: 10306 RequestorUid: 10306 RequestorPkg: com.instagram.android UnderlyingNetworks: Null] ]
04-22 22:44:23.457  2962  3668 E IPCThreadState: Binder transaction failure. id: 36378040, BR_*: 29189, error: -22 (Invalid argument)
04-22 22:44:23.457  2962  3668 W ActivityManager: pid 2962 system sent binder code 1 with flags 1 to frozen apps and got error -32
04-22 22:44:23.457  2962  3668 D ActivityManager: Too many transaction errors, throttling freezer binder callback.
04-22 22:44:23.457  2962  3668 E ConnectivityService: RemoteException caught trying to send a callback msg for NetworkRequest [ TRACK_DEFAULT id=5058, [ Capabilities: INTERNET&NOT_RESTRICTED&TRUSTED&NOT_VCN_MANAGED&NOT_BANDWIDTH_CONSTRAINED Uid: 10306 RequestorUid: 10306 RequestorPkg: com.instagram.android UnderlyingNetworks: Null] ]
04-22 22:44:23.457  2962  3668 D ConnectivityService: releasing NetworkRequest [ REQUEST id=5061, [ Capabilities: INTERNET&NOT_RESTRICTED&TRUSTED&NOT_VCN_MANAGED&NOT_BANDWIDTH_CONSTRAINED Uid: 10306 RequestorUid: 10306 RequestorPkg: com.instagram.android UnderlyingNetworks: Null] ] (release request)
04-22 22:44:23.458  2962  3668 D ConnectivityService: releasing NetworkRequest [ REQUEST id=5059, [ Capabilities: INTERNET&NOT_RESTRICTED&TRUSTED&NOT_VCN_MANAGED&NOT_BANDWIDTH_CONSTRAINED Uid: 10306 RequestorUid: 10306 RequestorPkg: com.instagram.android UnderlyingNetworks: Null] ] (release request)
04-22 22:44:23.458  2962  3668 D ConnectivityService: releasing NetworkRequest [ REQUEST id=5057, [ Capabilities: INTERNET&NOT_RESTRICTED&TRUSTED&NOT_VCN_MANAGED&NOT_BANDWIDTH_CONSTRAINED Uid: 10306 RequestorUid: 10306 RequestorPkg: com.instagram.android UnderlyingNetworks: Null] ] (release request)
04-22 22:44:23.529 32327  7635 D DeviceMonitorService: [е®љж™‚дёЉе‚і] upsert ж€ђеЉџпјљй›»й‡Џ=65% з¶Іи·Ї=Wi-Fi
04-22 22:44:23.741  2962  2962 D NtNotificationManagerService: playGlyphEffect glyphNotificationEnable = true
04-22 22:44:23.741  2962  2962 E NtNotificationManagerService: getSound supportGenerativeRingtone = false, isDefaultRingtone = true
04-22 22:44:23.741  2962  2962 D NtNotificationManagerService: skip playGlyphEffect, mGlyphNotificationEnable = true, FLAG_ONGOING_EVENT = 2, FLAG_FOREGROUND_SERVICE = 64, isInCall = false, isScreenOn = false, isSoundOnly = false, is silent Notification = true, skipPlayGlyphForNotEssentialNotification = false
04-22 22:44:23.751  4994  4994 W LocaleConfig: The resource file pointed to by the given resource ID isn't found.
04-22 22:44:23.756 19648 19648 I NotificationListener: received notification posted event - tw.bluehomewu.devicemonitor#UserHandle{0},category=-1
04-22 22:44:23.756  6326  6326 D GlyphNotification.GlyphAdapterManager: GlyphAdapterManager init = true, gm = com.nothing.glyphnotification.GlyphMatrixAdapter@c5f49a9, model = A069P, obj = com.nothing.glyphnotification.GlyphAdapterManager@ae16b1b
04-22 22:44:23.756  6326  6326 D GlyphNotification.GlyphNotificationManagerV2: getOrCreateController obj = null, isProgressNotification = false
04-22 22:44:23.777  3874  4545 W LocaleConfig: The resource file pointed to by the given resource ID isn't found.
04-22 22:44:23.779  3874  4545 W LocaleConfig: The resource file pointed to by the given resource ID isn't found.
04-22 22:44:23.785  1995 12597 I SnapAlloc: Using graphics libs for alignment calculations
04-22 22:44:23.801  3874  4545 W HWUI    : Image decoding logging dropped!
04-22 22:44:23.806  1995 12597 I SnapAlloc: Using graphics libs for alignment calculations
04-22 22:44:23.812  3874  4545 W HWUI    : Image decoding logging dropped!
04-22 22:44:20.502     1     1 I init    : processing action (vendor.change.cgroup=def && vendor.change.cgroup.for.pid=*) from (/vendor/etc/init/vendor.qti.hardware.perf2-hal-service.rc:27)
04-22 22:44:23.837 32327  8315 D AlertNotificationMgr: йќћдё»иЈќзЅ®пјЊз•ҐйЃЋйЂљзџҐпјљA069P
04-22 22:44:23.838 32327  8315 D RealtimeRepository: UPDATE: A069P
04-22 22:44:24.808  2962  3569 D ActivityManager: freezing 18595 com.google.android.euicc
04-22 22:44:24.818  2962  3668 D InetDiagMessage: Destroyed 0 sockets, proto=IPPROTO_TCP, family=AF_INET, states=14
04-22 22:44:24.824  2962  3668 D InetDiagMessage: Destroyed 0 sockets, proto=IPPROTO_TCP, family=AF_INET6, states=14
04-22 22:44:24.824  2962  3668 D InetDiagMessage: Destroyed live tcp sockets for uids={10165} in 10ms
04-22 22:44:23.368     0     0 E [    C2] [soft_i][0xaac2efc7017][14: 44:26.699202] qca6750: [0:E:QDF] htc_rx_completion_handler: Received initial wake up
04-22 22:44:23.368  7616  7616 I [kworke][0xaac2efc7f43][14:44:26.699404] qca6750: [7616:I:PMO] pmo_core_psoc_send_host_wakeup_ind_to_fw: Host wakeup indication sent to fw
04-22 22:44:23.371     0     0 I [    C2] [soft_i][0xaac2efd34e8][14: 44:26.701826] qca6750: [0:I:WMA] WLAN triggered wakeup: BPF_ALLOW (39), vdev: 0 (STA)
04-22 22:44:23.371     0     0 I [    C2] [soft_i][0xaac2efd5382][14: 44:26.702234] qca6750: [0:I:WMA] wma_wake_event_packet: Wake event packet:
04-22 22:44:26.711 32327  6564 D AlertNotificationMgr: йќћдё»иЈќзЅ®пјЊз•ҐйЃЋйЂљзџҐпјљA142
04-22 22:44:26.711 32327  6564 D RealtimeRepository: UPDATE: A142
04-22 22:44:26.906 32327  6564 I Supabase-Realtime: Heartbeat received
04-22 22:44:24.803     0     0 E [    C1] [soft_i][0xaac30a0b46e][14: 44:28.133714] qca6750: [0:E:QDF] htc_rx_completion_handler: Received initial wake up
04-22 22:44:24.803  7642  7642 I [kworke][0xaac30a0d20e][14:44:28.134108] qca6750: [7642:I:PMO] pmo_core_psoc_send_host_wakeup_ind_to_fw: Host wakeup indication sent to fw
04-22 22:44:24.806     0     0 I [    C1] [soft_i][0xaac30a18719][14: 44:28.136522] qca6750: [0:I:WMA] WLAN triggered wakeup: BPF_ALLOW (39), vdev: 0 (STA)
04-22 22:44:24.806     0     0 I [    C1] [soft_i][0xaac30a1ae0c][14: 44:28.137041] qca6750: [0:I:WMA] wma_wake_event_packet: Wake event packet:
04-22 22:44:28.144 32327  8315 D AlertNotificationMgr: йќћдё»иЈќзЅ®пјЊз•ҐйЃЋйЂљзџҐпјљA065
04-22 22:44:28.145 32327  8315 D RealtimeRepository: UPDATE: A065
04-22 22:44:28.356  2962  3668 D InetDiagMessage: Destroyed 1 sockets, proto=IPPROTO_TCP, family=AF_INET, states=14
04-22 22:44:28.362  2962  3668 D InetDiagMessage: Destroyed 1 sockets, proto=IPPROTO_TCP, family=AF_INET6, states=14
04-22 22:44:28.362  2962  3668 D InetDiagMessage: Destroyed live tcp sockets for uids={10321} in 10ms
04-22 22:44:28.365  2962  3668 D InetDiagMessage: Destroyed 0 sockets, proto=IPPROTO_TCP, family=AF_INET, states=14
04-22 22:44:28.368  2962  3668 D InetDiagMessage: Destroyed 0 sockets, proto=IPPROTO_TCP, family=AF_INET6, states=14
04-22 22:44:28.368  2962  3668 D InetDiagMessage: Destroyed live tcp sockets for uids={20321} in 6ms
04-22 22:44:26.339     0     0 E [    C2] [soft_i][0xaac3262b57d][14: 44:29.669728] qca6750: [0:E:QDF] htc_rx_completion_handler: Received initial wake up
04-22 22:44:26.339  7616  7616 I [kworke][0xaac3262deb8][14:44:29.670277] qca6750: [7616:I:PMO] pmo_core_psoc_send_host_wakeup_ind_to_fw: Host wakeup indication sent to fw
04-22 22:44:26.342     0     0 I [    C2] [soft_i][0xaac3263944f][14: 44:29.672699] qca6750: [0:I:WMA] WLAN triggered wakeup: BPF_ALLOW (39), vdev: 0 (STA)
04-22 22:44:26.342     0     0 I [    C2] [soft_i][0xaac3263a90c][14: 44:29.672974] qca6750: [0:I:WMA] wma_wake_event_packet: Wake event packet:
04-22 22:44:26.342     0     0 I [    C2] [soft_i][0xaac3263bb97][14: 44:29.673222] qca6750: [0:I:WMA] wma_log_pkt_ipv6: Pkt_len: 544, src_port: 5228, dst_port: 44180
04-22 22:44:29.685 21935  8364 I AlarmManager: setExactAndAllowWhileIdle [name: GCM_HB_ALARM type: 2 triggerAtMillis: 612977134]
04-22 22:44:29.699  2017  2017 I vendor.qti.hardware.servicetrackeraidl-service: bindService is called for service : com.google.android.gms/.chimera.PersistentDirectBootAwareApiService and for client com.google.android.gms.persistent
04-22 22:44:29.699  2017  2017 I vendor.qti.hardware.servicetrackeraidl-service: total connections for service : com.google.android.gms/.chimera.PersistentDirectBootAwareApiServiceare :26
04-22 22:44:29.699  2017  2017 I vendor.qti.hardware.servicetrackeraidl-service: total connections for client : com.google.android.gms.persistentare :6
04-22 22:44:29.704 21935  8365 I AlarmManager: setExactAndAllowWhileIdle [name: FcmRetry type: 2 triggerAtMillis: 611297151]
04-22 22:44:29.707  2017  2017 I vendor.qti.hardware.servicetrackeraidl-service: bindService is called for service : com.google.android.gms/.chimera.PersistentDirectBootAwareApiService and for client com.google.android.gms.persistent
04-22 22:44:29.708  2017  2017 I vendor.qti.hardware.servicetrackeraidl-service: total connections for service : com.google.android.gms/.chimera.PersistentDirectBootAwareApiServiceare :26
04-22 22:44:29.708  2017  2017 I vendor.qti.hardware.servicetrackeraidl-service: total connections for client : com.google.android.gms.persistentare :6
04-22 22:44:29.716  2962  3077 D OomAdjuster: process : org.telegram.messenger, pid = 7763, isTop = false, uid = 10321
04-22 22:44:29.716  2962  3077 D OomAdjuster: process : org.telegram.messenger is not top!
04-22 22:44:29.716  2962  3077 D OomAdjuster: process : com.android.vending, pid = 27946, isTop = false, uid = 10185
04-22 22:44:29.716  2962  3077 D OomAdjuster: process : com.android.vending is not top!
04-22 22:44:29.719 21935  8365 I AlarmManager: setExactAndAllowWhileIdle [name: GCM_HB_ALARM type: 2 triggerAtMillis: 612977167]
04-22 22:44:29.720  2962  3067 I SensorService: checkAndReportAmbientLightSensorStateChangeLocked new 0 old 0 force 0
04-22 22:44:29.732 27946 27946 I Finsky  : [2] Memory trim requested to level 40
04-22 22:44:29.732 27946 27946 I Finsky  : [2] Flushing in-memory image cache
04-22 22:44:29.733 27946 27946 I Finsky  : [2] Memory trim requested to level 40
04-22 22:44:29.733 27946 27946 I Finsky  : [2] Flushing in-memory image cache
04-22 22:44:29.733  2017  2017 I vendor.qti.hardware.servicetrackeraidl-service: bindService is called for service : com.google.android.gms/.gcm.PushMessagingRegistrarProxy and for client org.telegram.messenger
04-22 22:44:29.733  2017  2017 I vendor.qti.hardware.servicetrackeraidl-service: total connections for service : com.google.android.gms/.gcm.PushMessagingRegistrarProxyare :1
04-22 22:44:29.733  2017  2017 I vendor.qti.hardware.servicetrackeraidl-service: total connections for client : org.telegram.messengerare :2
04-22 22:44:29.735  2962  3733 D BackgroundInstallControlService: Package event received: 0
04-22 22:44:29.743  2962  4148 W ProcessStats: Tracking association SourceState{658d19a com.google.android.gms.persistent/10187 BFgs #205441} whose proc state 4 is better than process ProcessState{90498c4 com.google.android.adservices.api/10279 pkg=com.google.android.adservices.api} proc state 8 (1 skipped)
04-22 22:44:29.751  2962  3528 W JobInfo : Job 'org.telegram.messenger/.KeepAliveJob#1000' has a deadline with functional constraints and an extremely short time window of 0 ms (delay=0, deadline=0). The functional constraints are not likely to be satisfied when the job runs.
04-22 22:44:29.752  2017  2017 I vendor.qti.hardware.servicetrackeraidl-service: destroyService is called for service : org.telegram.messenger/.GcmPushListenerService
04-22 22:44:29.754  2962  3528 W JobInfo : Job 'org.telegram.messenger/.KeepAliveJob#1000' has a deadline with functional constraints and an extremely short time window of 0 ms (delay=0, deadline=0). The functional constraints are not likely to be satisfied when the job runs.
04-22 22:44:29.760  2017  2017 I vendor.qti.hardware.servicetrackeraidl-service: bindService is called for service : org.telegram.messenger/.KeepAliveJob and for client system
04-22 22:44:29.760  2017  2017 I vendor.qti.hardware.servicetrackeraidl-service: total connections for service : org.telegram.messenger/.KeepAliveJobare :1
04-22 22:44:29.761  2017  2017 I vendor.qti.hardware.servicetrackeraidl-service: total connections for client : systemare :34
04-22 22:44:29.764  2017  2017 I vendor.qti.hardware.servicetrackeraidl-service: unbindService is called for service : com.google.android.gms/.gcm.PushMessagingRegistrarProxy and for client org.telegram.messenger
04-22 22:44:29.765  2017  2017 I vendor.qti.hardware.servicetrackeraidl-service: size of service connections for service: com.google.android.gms/.gcm.PushMessagingRegistrarProxyafter removal is 0
04-22 22:44:29.765  2017  2017 I vendor.qti.hardware.servicetrackeraidl-service: size of client connections for client: org.telegram.messengerafter removal is 1
04-22 22:44:29.765  2017  2017 I vendor.qti.hardware.servicetrackeraidl-service: destroyService is called for service : com.google.android.gms/.gcm.PushMessagingRegistrarProxy
04-22 22:44:29.771  1995 12597 I SnapAlloc: Using graphics libs for alignment calculations
04-22 22:44:29.774  7763  7895 I Adreno-UNKNOWN: Using previously loaded IMapper library.
04-22 22:44:29.787  7763  7895 I Adreno-UNKNOWN: Using previously loaded IMapper library.
04-22 22:44:29.797  7763  7895 I AdrenoVK-0: QUALCOMM build          : 3656bb992e, I0abb6f342e
04-22 22:44:29.797  7763  7895 I AdrenoVK-0: Build Date              : 09/08/25
04-22 22:44:29.797  7763  7895 I AdrenoVK-0: Shader Compiler Version : E031.47.18.42
04-22 22:44:29.797  7763  7895 I AdrenoVK-0: Local Branch            : 
04-22 22:44:29.797  7763  7895 I AdrenoVK-0: Remote Branch           : refs/tags/AU_LINUX_ANDROID_LA.VENDOR.15.4.0.11.00.00.1088.743
04-22 22:44:29.797  7763  7895 I AdrenoVK-0: Remote Branch           : NONE
04-22 22:44:29.797  7763  7895 I AdrenoVK-0: Reconstruct Branch      : NOTHING
04-22 22:44:29.797  7763  7895 I AdrenoVK-0: Build Config            : S P 18.0.0 AArch64
04-22 22:44:29.797  7763  7895 I AdrenoVK-0: Driver Path             : /vendor/lib64/hw/vulkan.adreno.so
04-22 22:44:29.797  7763  7895 I AdrenoVK-0: Driver Version          : 0800.56
04-22 22:44:29.797  7763  7895 I AdrenoVK-0: PFP                     : 0x01200182
04-22 22:44:29.797  7763  7895 I AdrenoVK-0: ME                      : 0x00000000
04-22 22:44:29.797  7763  7895 I AdrenoVK-0: Application Name    : android framework
04-22 22:44:29.797  7763  7895 I AdrenoVK-0: Process Name        : org.telegram.messenger
04-22 22:44:29.797  7763  7895 I AdrenoVK-0: Application Version : 0x00000000
04-22 22:44:29.797  7763  7895 I AdrenoVK-0: Engine Name         : android framework
04-22 22:44:29.797  7763  7895 I AdrenoVK-0: Engine Version      : 0x00000000
04-22 22:44:29.797  7763  7895 I AdrenoVK-0: Api Version         : 0x00401000
04-22 22:44:29.814  7763  7805 W HWUI    : Image decoding logging dropped!
04-22 22:44:29.872  2962  3733 D BackgroundInstallControlService: Package event received: 0
04-22 22:44:29.875  7763  7805 W Notification: Bubbles work best with icons of TYPE_URI or TYPE_URI_ADAPTIVE_BITMAP. In the future, using an icon of this type will be required.
04-22 22:44:29.894  4994  7482 D androidtc: Initializing SystemTextClassifier, type = System
04-22 22:44:29.896  6074  6074 I AiAiTextClassifier: onCreateTextClassificationSession = TextClassificationSessionId {5a92e936-1db4-4c5d-a5cc-d9d924db6014}
04-22 22:44:29.897  6074  6074 I AiAiTextClassifier: AiaiTextClassifierService.onSuggestConversationActions
04-22 22:44:29.904  6074  6074 I AiAiTextClassifier: onDestroyTextClassificationSession = TextClassificationSessionId {5a92e936-1db4-4c5d-a5cc-d9d924db6014}
04-22 22:44:30.094  2962  2962 D NtNotificationManagerService: playGlyphEffect glyphNotificationEnable = true
04-22 22:44:30.095  2962  2962 E NtNotificationManagerService: getSound supportGenerativeRingtone = false, isDefaultRingtone = true
04-22 22:44:30.095  2962  2962 D NtNotificationManagerService: playGlyphEffect uri = content://settings/system/notification_sound, isInternalRingtone = false isExternalRingtoneUri:false is DefaultUri(RingtoneManager.TYPE_NOTIFICATION):true
04-22 22:44:30.095  2962  2962 D NtNotificationManagerService: play glyph url = content://settings/system/notification_sound
04-22 22:44:30.095  2962  2962 D NtNotificationManagerService: updateAudioManagerParameters uri = content://settings/system/notification_sound state:on isGenerativeRingtone:false
04-22 22:44:30.096  2962  2962 D AS.AudioService: checkUpdateMicModeDB: parameters = nt_lights:light_type=notification;light_uri=content://settings/system/notification_sound;light_state=on
04-22 22:44:30.096  2962  2962 D RingtoneManager: getActualDefaultRingtoneUri type 2
04-22 22:44:30.097  2962  2962 D RingtoneManager: getActualDefaultRingtoneUri activityManager getUserId 0
04-22 22:44:30.097  2962  2962 D RingtoneManager: getActualDefaultRingtoneUri isMainUser
04-22 22:44:30.098  2962  2962 D RingtoneManager: getActualDefaultRingtoneUri return content://media/internal/audio/media/17?title=oi!&canonical=1
04-22 22:44:30.099  2962  2962 D NtAudioGlyphServiceImpl: Force to default light
04-22 22:44:30.099  2962  2962 D NtAudioGlyphServiceImpl: acquireWakeLock ms:2000
04-22 22:44:30.101  2962  2962 D NtAudioGlyphServiceImpl: setAudioLightsParameters {1000|2962|-1|5} pkgName:com.android.server.notification state:true csvId:0
04-22 22:44:30.101  2962  2962 D NtAudioGlyphServiceImpl: addAudioLightRequest for uid:1000 pid:2962 pkgName:com.android.server.notification audioType:5 addby: 1 sessionId:-1 with lightId:102 csvId:0 noAudio:true
04-22 22:44:30.102  2962  2962 D NtAudioGlyphServiceImpl: AudioLightRequests[1]+ AudioLightRequest@f11e5fb{Id:102,uid:1000,pid:2962,noAudio:true,csvId:0,pkg:com.android.server.notification,session:-1,addby:1}
04-22 22:44:30.102  2962  2962 E NtNotificationManagerService: getSound supportGenerativeRingtone = false, isDefaultRingtone = true
04-22 22:44:30.103  2962  2962 I AS.AudioService: shouldNotificationSoundPlay false: muted stream:5 attr:AudioAttributes: usage=USAGE_NOTIFICATION content=CONTENT_TYPE_SONIFICATION flags=0x800 tags= bundle=null
04-22 22:44:30.104  2962  2962 D NotifAttentionHelper:  playVibration:NotificationRecord(0x09d39618: pkg=org.telegram.messenger user=UserHandle{0} id=943481081 tag=null importance=4 key=0|org.telegram.messenger|943481081|null|10321: Notification(channel=0channel_private_b9fad_-4283079769532184520 shortcut=ndid_5238448376 contentView=null vibrate=null sound=null defaults=0 flags=AUTO_CANCEL color=0xff11acfa category=msg sortKey=9223370259985706807 actions=2 vis=PRIVATE locusId=LocusId[15_chars])) key:0|org.telegram.messenger|943481081|null|10321
04-22 22:44:30.105  2962  2962 D NotifAttentionHelper: buzzBeepBlinkLocked key = 0|org.telegram.messenger|943481081|null|10321, beep = false, buzz = true, isInsistentUpdate = false, hasValidSound = true, vibrateOnly = false, isInCall = false, ringerModeSilent = false, hasValidVibrate = true
04-22 22:44:30.105  2962  2962 D FlashNotifController: requestStartFlashNotification
04-22 22:44:30.106  2962  2962 I FlashNotifController: startFlashNotification: type=1, tag=android
04-22 22:44:30.106  2962  2962 D FlashNotifController: Flash notification is disabled
04-22 22:44:30.113  2962  3733 D BackgroundInstallControlService: Package event received: 0
04-22 22:44:30.120 19648 19648 I NotificationListener: received notification posted event - org.telegram.messenger#UserHandle{0},category=-1
04-22 22:44:30.123  6326  6326 D GlyphNotification.GlyphAdapterManager: GlyphAdapterManager init = true, gm = com.nothing.glyphnotification.GlyphMatrixAdapter@c5f49a9, model = A069P, obj = com.nothing.glyphnotification.GlyphAdapterManager@ae16b1b
04-22 22:44:30.124  6326  6326 D GlyphNotification.GlyphNotificationManagerV2: getOrCreateController obj = null, isProgressNotification = false
04-22 22:44:30.127  2962  3934 D NtAudioGlyphServiceImpl: refactorRingtoneName: ringtoneName: oi! index: 1
04-22 22:44:30.127  2962  3934 D NtAudioGlyphServiceImpl: getLightFileIndex lightId@102:com.android.server.notification mCsvId:1
04-22 22:44:30.128  3874  4074 D PeopleSpaceWidgetMgr: No app widget ids returned
04-22 22:44:30.374  3874  4545 W HWUI    : Image decoding logging dropped!
04-22 22:44:30.399  1995 12597 I SnapAlloc: Using graphics libs for alignment calculations
04-22 22:44:30.410  3874  4545 W HWUI    : Image decoding logging dropped!
04-22 22:44:30.433  1995 12597 I SnapAlloc: Using graphics libs for alignment calculations
04-22 22:44:30.437  3874  4545 W HWUI    : Image decoding logging dropped!
04-22 22:44:30.459  1995 12597 I SnapAlloc: Using graphics libs for alignment calculations
04-22 22:44:30.462  3874  4545 W HWUI    : Image decoding logging dropped!
04-22 22:44:30.486  3874  4545 W HWUI    : Image decoding logging dropped!
04-22 22:44:30.502  3874  3874 D InsetsController: hide(ime(), fromIme=false)
04-22 22:44:30.503  3874  3874 I ImeTracker: com.android.systemui:5aa684ba: onRequestHide at ORIGIN_CLIENT reason HIDE_SOFT_INPUT_BY_INSETS_API fromUser false
04-22 22:44:30.504  3874  3874 I ImeTracker: com.android.systemui:5aa684ba: onCancelled at PHASE_CLIENT_ALREADY_HIDDEN
04-22 22:44:30.606  2962  8375 E NtNotificationManagerService: getSound supportGenerativeRingtone = false, isDefaultRingtone = true
04-22 22:44:30.607  2962  8375 D NtNotificationManagerService: play NtNotificationRingtoneVibrate uri = content://settings/system/notification_sound, reason = Notification (org.telegram.messenger 10321) (Delayed)
04-22 22:44:30.607  2962  8375 D RingtoneManager: getActualDefaultRingtoneUri type 2
04-22 22:44:30.607  2962  8375 D RingtoneManager: getActualDefaultRingtoneUri activityManager getUserId 0
04-22 22:44:30.607  2962  8375 D RingtoneManager: getActualDefaultRingtoneUri isMainUser
04-22 22:44:30.608  2962  8375 D RingtoneManager: getActualDefaultRingtoneUri return content://media/internal/audio/media/17?title=oi!&canonical=1
04-22 22:44:30.608  2962  8375 D NtNotificationManagerService: vibrate uri = content://media/internal/audio/media/17?title=oi!&canonical=1, isInternalRingtone = true isGenerativeRingtone = false
04-22 22:44:30.608  2962  8375 D NtNotificationManagerService: playNotificationRingtoneVibrate uri = content://settings/system/notification_sound isGenerativeRingtone:false
04-22 22:44:30.609  2962  8375 D NtRingtoneSyncWithVibrateUtils: playNotificationRingtoneVibrate: uri = content://settings/system/notification_sound
04-22 22:44:30.609  2962  8375 D NtRingtoneSyncWithVibrateUtils: playRingtoneVibrate: mediaplayer = null, ringtone = null, uri = content://settings/system/notification_sound, duration = 0, pkgName = android
04-22 22:44:30.609  2962  8375 D NtRingtoneSyncWithVibrateUtils: playRingtoneVibrateSync: mediaplayer = null, ringtone = null, uri = content://settings/system/notification_sound, duration = 0, pkgName = android
04-22 22:44:30.609  2962  8375 D NtRingtoneSyncWithVibrateUtils: uri = content://settings/system/notification_sound
04-22 22:44:30.609  2962  8375 D RingtoneManager: getActualDefaultRingtoneUri type 2
04-22 22:44:30.609  2962  8375 D RingtoneManager: getActualDefaultRingtoneUri activityManager getUserId 0
04-22 22:44:30.609  2962  8375 D RingtoneManager: getActualDefaultRingtoneUri isMainUser
04-22 22:44:30.610  2962  8375 D RingtoneManager: getActualDefaultRingtoneUri return content://media/internal/audio/media/17?title=oi!&canonical=1
04-22 22:44:30.610  2962  8375 D NtRingtoneSyncWithVibrateUtils: playRingtoneVibrate: uri = content://settings/system/notification_sound, pkgName = android,mContext.getPackageName()= android, type = 1, duration = 0, StreamType = 
04-22 22:44:30.611  2962  8375 D RingtoneManager: getActualDefaultRingtoneUri type 2
04-22 22:44:30.611  2962  8375 D RingtoneManager: getActualDefaultRingtoneUri activityManager getUserId 0
04-22 22:44:30.611  2962  8375 D RingtoneManager: getActualDefaultRingtoneUri isMainUser
04-22 22:44:30.611  2962  8375 D RingtoneManager: getActualDefaultRingtoneUri return content://media/internal/audio/media/17?title=oi!&canonical=1
04-22 22:44:30.611  2962  8375 D NtRingtoneSyncWithVibrateUtils: getVibrateFileContent: uri = content://media/internal/audio/media/17?title=oi!&canonical=1
04-22 22:44:30.611  2962  8375 D NtRingtoneSyncWithVibrateUtils: uri = content://media/internal/audio/media/17?title=oi!&canonical=1
04-22 22:44:30.611  2962  8375 D NtRingtoneSyncWithVibrateUtils: getVibrateFileContent: ringtoneName = oi!
04-22 22:44:30.611  2962  8375 D NtRingtoneSyncWithVibrateUtils: getVibrateFileContent: ringtoneName = oi!
04-22 22:44:30.611  2962  8375 D NtRingtoneSyncWithVibrateUtils: getVibrateFileContent: currentNotificationDuration = 780
04-22 22:44:30.611  2962  8375 D NtRingtoneSyncWithVibrateUtils: [NOS_VIBRATE] getFileContent: filePath = /vendor/etc/richtapresources/notification/oi!.he
04-22 22:44:30.612  2962  8375 D NtRingtoneSyncWithVibrateUtils: /vendor/etc/richtapresources/notification/oi!.he exists
04-22 22:44:30.614  2962  8375 I RichTapPerformer: failed to reflect class: "richtap.os.PhonyVibrationEffect"!
04-22 22:44:30.615  2962  8375 D NtVibratorManagerImpl: setCurrentVibraterPriority: pkgName = android, tempPriority = 1
04-22 22:44:30.616  2962  8375 D NtRingtoneSyncWithVibrateUtils: playRingtoneVibrate: ======= START, pkgName = android, ringtone = null
04-22 22:44:30.616  2962  8375 D RichTapUtils: playHaptic: loop:0,interval:0,amplitude:255,freq:0,callback is null:true
04-22 22:44:30.617  2962 13492 D CurrentPlayingInfo: reset!
04-22 22:44:30.617  2962 13492 D CurrentPlayingInfo: changePlayerStatus, from:0,to:0, code:0
04-22 22:44:30.618  2962 13492 D CurrentPlayingInfo: reset!
04-22 22:44:30.618  2962 13492 D Customizable-Player: will change to initialized!
04-22 22:44:30.618  2962 13492 D CurrentPlayingInfo: changePlayerStatus, from:0,to:3, code:0
04-22 22:44:30.620  2962 13492 D SenderIdManager: registerSender groupId:471
04-22 22:44:30.620  2962 13492 D SenderIdManager: registerSender, tidAndTime:13492,611178069 senderId:2962,30932992
04-22 22:44:30.620  2962 13492 D RichTapPerformer: setSenderIdKey:13492,611178069
04-22 22:44:30.621  2962 13492 W IHapticEffectPerformer: default setGain
04-22 22:44:30.621  2962 13492 D CurrentPlayingInfo: changePlayerStatus, from:3,to:5, code:0
04-22 22:44:30.621  2962 13492 E Util    : java.lang.RuntimeException: No data directory found for package android
04-22 22:44:30.622  2962 13492 W System.err: java.lang.NullPointerException: Attempt to invoke virtual method 'void java.io.FileOutputStream.close()' on a null object reference
04-22 22:44:30.622  2962 13492 W System.err: 	at com.sysaac.haptic.base.d.a(Unknown Source:125)
04-22 22:44:30.623  2962 13492 W System.err: 	at com.sysaac.haptic.player.CustomizableHapticPlayer.prepare(Unknown Source:223)
04-22 22:44:30.623  2962 13492 W System.err: 	at com.sysaac.haptic.AACHapticPlayer.prepare(Unknown Source:13)
04-22 22:44:30.623  2962 13492 W System.err: 	at com.sysaac.haptic.AACHapticPlayer.prepare(Unknown Source:13)
04-22 22:44:30.623  2962 13492 W System.err: 	at com.sysaac.haptic.AACHapticUtils$1.run(Unknown Source:77)
04-22 22:44:30.623  2962 13492 W System.err: 	at java.util.concurrent.ThreadPoolExecutor.runWorker(ThreadPoolExecutor.java:1154)
04-22 22:44:30.623  2962 13492 W System.err: 	at java.util.concurrent.ThreadPoolExecutor$Worker.run(ThreadPoolExecutor.java:652)
04-22 22:44:30.623  2962 13492 W System.err: 	at java.lang.Thread.run(Thread.java:1564)
04-22 22:44:30.623  2962 13492 D Customizable-Player:   start() in, mCurrentHePausePosition:0
04-22 22:44:30.623  2962 13492 D CurrentPlayingInfo: changePlayerStatus, from:5,to:6, code:0
04-22 22:44:30.624  2962  3764 D Customizable-Player: msg what:1005, arg:0,mStatus:5
04-22 22:44:30.624  2962  3764 D Customizable-Player: MSG_START mStartPosition:0, lastMediaPosition:0
04-22 22:44:30.624  2962  3764 D Customizable-Player: MSG_START will generate remainder and partial pattern!
04-22 22:44:30.624  2962  3764 D CurrentPlayingInfo: changePlayerStatus, from:6,to:6, code:0
04-22 22:44:30.624  2962  3764 D Customizable-Player: msg what:1001, arg:0,mStatus:6
04-22 22:44:30.624  2962  3764 D Customizable-Player: mRemainderHEString:{    "Metadata": {        "Version": 2,        "Created": "2023-08-22",        "Description": "Exported from RichTap Creator Pro"    },    "PatternList": [        {            "AbsoluteTime": 34,            "Pattern": [                {                    "Event": {                        "Type": "continuous",                        "RelativeTime": 100,                        "Duration": 83,                        "Parameters": {                            "Intensity": 90,                            "Frequency": -50,                            "Curve": [                                {                                    "Time": 0,                                    "Intensity": 0,                                    "Frequency": 0                                },                                {                                    "Time": 2,                                    "Intensity": 1,                                    "Frequency": 0                                },                                {                                    "Time": 67,                                    "Intensity": 1,                                    "Frequency": 0                                },                                {                                    "Time": 83,                                    "Intensity": 0,                                    "Frequency": 0                                }                            ]                        },                        "Index": 0                    }                },                {                    "Event": {                        "Type": "continuous",                        "RelativeTime": 334,                        "Duration": 102,                        "Parameters": {                            "Intensity": 90,                            "Frequency": -50,                            "Curve": [                                {                                    "Time": 0,                                    "Intensity": 0,                                    "Frequency": 0                                },                                {                                    "Time": 2,                                    "Intensity": 1,                                    "Frequency": 0                                },                                {                                    "Time": 82,                                    "Intensity": 1,                                    "Frequency": 0                                },                                {                                    "Time": 102,                                    "Intensity": 0,                                    "Frequency": 0                                }                            ]                        },                        "Index": 0                    }                },                {                    "Event": {                        "Type": "continuous",                        "Duration": 3,                        "RelativeTime": 744,                        "Parameters": {                            "Intensity": 4,                            "Frequency": -50,                            "Curve": [                                {                                    "Time": 0,                                    "Intensity": 0,                                    "Frequency": 0                                },                                {                                    "Time": 1,                                    "Intensity": 1,                                    "Frequency": 0                                },                                {                                    "Time": 2,                                    "Intensity": 1,                                    "Frequency": 0                                },                                {                                    "Time": 3,                                    "Intensity": 0,                                    "Freque
04-22 22:44:30.625  2962  3764 D HEFileUtils: getHeRootFromHeString, HE version:2
04-22 22:44:30.626  2962  3764 D Customizable-Player: MSG_CHECK_NEXT_PATTERN resume paused pattern,  mCurrentPatternIndex:-1,mCurrentPatternString:{"Metadata":{"Created":"2021-01-01","Description":"game haptic","Version":2},"PatternList":[{"AbsoluteTime":0,"Pattern":[{"Event":{"Index":0,"RelativeTime":0,"Type":"transient","Parameters":{"Frequency":0,"Intensity":0}}}]}]}
04-22 22:44:30.626  2962  3764 D Customizable-Player: msg what:1002, arg:0,mStatus:6
04-22 22:44:30.626  2962  3764 D Customizable-Player: MSG_PLAY_PATTERN mFreq0,mAmplitude:255mCurrentPlayingInfo.mCurrentPatternIndex:-1
04-22 22:44:30.626  2962  3764 D Customizable-Player: msg what:1001, arg:0,mStatus:6
04-22 22:44:30.627  2962 13493 D HEFileUtils: overwriteBaseFrequencyAndIntensityOfHe20String, deltaFreq:0, deltaIntensity:255, majorCoreVersion:24
04-22 22:44:30.627  2962 13493 D HEFileUtils: overwriteBaseFrequencyAndIntensityOfHe20String, do nothing!
04-22 22:44:30.627  2962  3764 D Customizable-Player: will play pattern after waitTime :34
04-22 22:44:30.627  2962 13493 D SenderIdManager: getSenderId, tidAndTime:13492,611178069 pid:2962, gid:30932992, seq:1
04-22 22:44:30.627  2962 13493 D RichTapPerformer: start() mGain:255 raw data:[2, 2, 2962, 30932993, 65537, 0, 0, 1, 4097, 5, 0, 0, 0, 0, 48]
04-22 22:44:30.627  2962 13493 D Vibrator: [NOS_VIBRATE] checkDoAACVibrationInstead: begin
04-22 22:44:30.628  2962 13493 D Vibrator: Don't need instead, ignore
04-22 22:44:30.628  2962 13493 D VibratorManagerService: vibrate uid =1000, opPkg = android, reason = null, attrs = VibrationAttributes{mUsage=UNKNOWN, mAudioUsage= USAGE_UNKNOWN, mFlags=0}
04-22 22:44:30.628  2962 13493 D RichTapVibratorService: none richtap effect, do nothing!!
04-22 22:44:30.628  2962 13493 D VibratorManagerService: Starting vibrate for vibration 1085
04-22 22:44:30.628  2962 13493 D VibrationSettings: usage = 0
04-22 22:44:30.629  2962 13493 D VibratorManagerService: Check AppOp mode VIBRATE for uid 1000 and package android returned audio=allow, op=allow
04-22 22:44:30.629  2962 13493 D NtVibratorManagerImpl: getCurrentVibraterPriority: pkgName = android, CurrentVibPriority = 1
04-22 22:44:30.629  2962 13493 D NtVibratorManagerImpl: getCurrentVibraterPriority: pkgName = android, CurrentVibPriority = 1
04-22 22:44:30.629  2962 13493 D NtVibratorManagerImpl: nt should ignore, do nothing!
04-22 22:44:30.629  2962 13493 D RichTapVibratorService: get sender id pid:2962 seq:30932993
04-22 22:44:30.629  2962 13493 D RichTapVibratorService: checkIfFirstHe2_0Package firstPatternIndexInPackage: 0
04-22 22:44:30.629  2962 13493 D NtVibratorManagerImpl: time before vibratorStop : 1776869070629
04-22 22:44:30.629  2962 13493 D RichTapVibratorService: aac richtap doVibratorStop
04-22 22:44:30.629  2962 13493 D RichTapVibratorService: richtap service stop!!
04-22 22:44:30.631  2962 13493 D NtVibratorManagerImpl: time after vibratorStop : 1776869070631
04-22 22:44:30.631  2962 13493 D RichTapVibratorService: get sender id pid:2962 seq:30932993
04-22 22:44:30.631  2962 13493 D NtVibratorManagerImpl: start play he!
04-22 22:44:30.631  2033  2067 D vendor.qti.hardware.vibrator.service: ics_sfdc: sfdc is enabled!
04-22 22:44:30.631  2033  2067 D vendor.qti.hardware.vibrator.service: ics_sfdc: sfdc_ntc_property_enable = 1
04-22 22:44:30.631  2962 13493 D VibratorManagerService: Vibration for uid=1000 and with attrs=VibrationAttributes{mUsage=UNKNOWN, mAudioUsage= USAGE_UNKNOWN, mFlags=0} ended with status RUNNING
04-22 22:44:30.633  2033  2067 D libics_haptic: ics_sfdc: correct_f0_by_temp, no need to correct, ntc_temp=29->29
04-22 22:44:30.634  2033  2067 D libics_haptic: ics_sfdc: start parsing he, he_size=15
04-22 22:44:30.634  2033  2067 D libics_haptic: ics_sfdc: event_v2: type=4097, relative_time=0, intensity=0, frequency=0
04-22 22:44:30.634  2033  2067 D libics_haptic: ics_sfdc: sfdc_calibrate, sfdc_active_wave_id=-1
04-22 22:44:30.634  2033  2067 D libics_haptic: ics_sfdc: sfdc_get_continuous_f0, f0 = 170.80
04-22 22:44:30.634  2033  2067 D vendor.qti.hardware.vibrator.service: ics_sfdc: performHe, sfdc_calibrate f0 = 170.800003
04-22 22:44:30.635  2033  2067 D AacRichTapConfig: prebak version:±
04-22 22:44:30.635  2033  2067 D AacRichTapConfig: jnd version:±
04-22 22:44:30.635  2033  2067 D AacRichTapPerformer:  default effect lib info: ±, jnd effect lib info: ±, vib so v1.9.1_20250620
04-22 22:44:30.635  2033  2067 D AacRichTapDispEqualiza: hi = 99, freq_coef = 9.249442, jnd_coef = 8.713339, vrms = 0.900000 
04-22 22:44:30.635  2033  2067 D AacRichTapDispEqualiza: hi = 99, freq_coef = 9.249442, jnd_coef = 8.713339, vrms = 0.900000 
04-22 22:44:30.635  2033  2067 D vendor.qti.hardware.vibrator.service: looper:1,interval:0,amplitude:255,freq:0
04-22 22:44:30.635  2033  2067 D AacRichTapConvert: effect_id:12289,strength:0
04-22 22:44:30.635  2033  2067 D AacRichTapConvert: data_len = 524,interval_time_us:41.666668пјЊlevel:0,duration_time:22
04-22 22:44:30.635  2033  2067 D AacRichTapLooper: use_time:22
04-22 22:44:30.636  2033  5072 D AacRichTapConvert: he_event_num :1 , data_len:220, with f0: 170.800003!
04-22 22:44:30.636  2033  5072 E AacRichTapPerformer: perform_cmd reset pattern_effect_data: 0xb400006fe1415040!
04-22 22:44:30.636  2033  5070 D AacRichTapPerformer: get cmd cmd_type:11 with index: 0 out of total num: 1!
04-22 22:44:30.636  2033  5070 D AacRichTapPerformer: get cmd cmd_type:11 with index: 0 out of total num: 1!
04-22 22:44:30.636  2033  5070 D AacRichTapPerformer: get cmd cmd_type:11 with index: 0 out of total num: 1!
04-22 22:44:27.304  2067  2067 E [ics_haptic]richtap_file_unlocked_ioctl: richtap ioctl cmd=0x5203, arg=0x6fd00d9204
04-22 22:44:27.304  2067  2067 E [ics_haptic]richtap_file_unlocked_ioctl: richtap ioctl cmd=0x5204, arg=0x2
04-22 22:44:27.304  2067  2067 E         : [ics_haptic]richtap_file_unlocked_ioctl, richtap ioctl unknown cmd
04-22 22:44:27.305  5070  5070 E [ics_haptic]richtap_file_unlocked_ioctl: richtap ioctl cmd=0x5205, arg=0x7f
04-22 22:44:27.307  5070  5070 E [ics_haptic]richtap_file_unlocked_ioctl: richtap ioctl cmd=0x520a, arg=0x0
04-22 22:44:30.639  2033  5070 D AacRichTapPerformer: perform_pattern_list got pattern: 0x6fcded0d00, with cmd->valid: 1!
04-22 22:44:30.639  2033  5070 D AacRichTapPerformer: invalid effect_type or play end  effect_type:-1 index:1
04-22 22:44:30.641  2962  4211 D NtVibratorManagerImpl:  result:1
04-22 22:44:27.308  5070  5070 E         : [ics_haptic]play_stop start
04-22 22:44:27.309  5053  5053 E         : [ics_haptic]stream len = 132, retry = 27, fifo_size = 1024
04-22 22:44:27.310  5053  5053 E         : [ics_haptic]rt6010_set_play_mode play_mode =0x02
04-22 22:44:27.310  5053  5053 E         : [ics_haptic]play go enter
04-22 22:44:27.310  5053  5053 E [ics_haptic]b_f0: 1693, c_f0: 1693, f0: 1693
04-22 22:44:27.311  5053  5053 E         : [ics_haptic]set stream data successfully! size = 132
04-22 22:44:30.647  2962  8375 D NtRingtoneSyncWithVibrateUtils: delay 30ms until vibrator triggering
04-22 22:44:30.660  2962  4211 D NtVibratorManagerImpl:  result:1
04-22 22:44:30.661  2962  3764 D Customizable-Player: msg what:1002, arg:0,mStatus:6
04-22 22:44:30.661  2962  3764 D Customizable-Player: MSG_PLAY_PATTERN mFreq0,mAmplitude:255mCurrentPlayingInfo.mCurrentPatternIndex:0
04-22 22:44:30.663  2962 13493 D HEFileUtils: overwriteBaseFrequencyAndIntensityOfHe20String, deltaFreq:0, deltaIntensity:255, majorCoreVersion:24
04-22 22:44:30.663  2962 13493 D HEFileUtils: overwriteBaseFrequencyAndIntensityOfHe20String, do nothing!
04-22 22:44:30.663  2962 13493 D SenderIdManager: getSenderId, tidAndTime:13492,611178069 pid:2962, gid:30932992, seq:2
04-22 22:44:30.663  2962 13493 D RichTapPerformer: start() mGain:255 raw data:[2, 2, 2962, 30932994, 65537, 0, 0, 3, 4096, 18, 0, 100, 90, -50, 83, 4, 0, 0, 0, 2, 100, 0, 67, 100, 0, 83, 0, 0, 4096, 18, 0, 334, 90, -50, 102, 4, 0, 0, 0, 2, 100, 0, 82, 100, 0, 102, 0, 0, 4096, 18, 0, 744, 4, -50, 3, 4, 0, 0, 0, 1, 100, 0, 2, 100, 0, 3, 0, 0]
04-22 22:44:30.663  2962 13493 D Vibrator: [NOS_VIBRATE] checkDoAACVibrationInstead: begin
04-22 22:44:30.663  2962 13493 D Vibrator: Don't need instead, ignore
04-22 22:44:30.664  2962 13493 D VibratorManagerService: vibrate uid =1000, opPkg = android, reason = null, attrs = VibrationAttributes{mUsage=UNKNOWN, mAudioUsage= USAGE_UNKNOWN, mFlags=0}
04-22 22:44:30.664  2962 13493 D RichTapVibratorService: none richtap effect, do nothing!!
04-22 22:44:30.664  2962 13493 D VibratorManagerService: Starting vibrate for vibration 1086
04-22 22:44:30.664  2962 13493 D VibrationSettings: usage = 0
04-22 22:44:30.664  2962 13493 D VibratorManagerService: Check AppOp mode VIBRATE for uid 1000 and package android returned audio=allow, op=allow
04-22 22:44:30.664  2962 13493 D NtVibratorManagerImpl: getCurrentVibraterPriority: pkgName = android, CurrentVibPriority = 1
04-22 22:44:30.664  2962 13493 D NtVibratorManagerImpl: getCurrentVibraterPriority: pkgName = android, CurrentVibPriority = 1
04-22 22:44:30.664  2962 13493 D NtVibratorManagerImpl: nt should ignore, do nothing!
04-22 22:44:30.664  2962 13493 D RichTapVibratorService: get sender id pid:2962 seq:30932994
04-22 22:44:30.664  2962 13493 D RichTapVibratorService: checkIfFirstHe2_0Package firstPatternIndexInPackage: 0
04-22 22:44:30.664  2962 13493 D NtVibratorManagerImpl: time before vibratorStop : 1776869070664
04-22 22:44:30.664  2962 13493 D RichTapVibratorService: aac richtap doVibratorStop
04-22 22:44:30.664  2962 13493 D RichTapVibratorService: richtap service stop!!
04-22 22:44:27.334   912   912 E [ics_haptic]ics_haptic_irq_handler: irq state = 0x08
04-22 22:44:30.667  2033  5072 D AacRichTapLooper: release pattern mem index:0
04-22 22:44:30.667  2962 13493 D NtVibratorManagerImpl: time after vibratorStop : 1776869070667
04-22 22:44:30.668  2962 13493 D RichTapVibratorService: get sender id pid:2962 seq:30932994
04-22 22:44:30.668  2962 13493 D NtVibratorManagerImpl: start play he!
04-22 22:44:30.669  2033  2067 D vendor.qti.hardware.vibrator.service: ics_sfdc: sfdc is enabled!
04-22 22:44:30.669  2962 13493 D VibratorManagerService: Vibration for uid=1000 and with attrs=VibrationAttributes{mUsage=UNKNOWN, mAudioUsage= USAGE_UNKNOWN, mFlags=0} ended with status RUNNING
04-22 22:44:30.669  2033  2067 D vendor.qti.hardware.vibrator.service: ics_sfdc: sfdc_ntc_property_enable = 1
04-22 22:44:30.671  2033  2067 D libics_haptic: ics_sfdc: correct_f0_by_temp, no need to correct, ntc_temp=29->29
04-22 22:44:30.672  2033  2067 D libics_haptic: ics_sfdc: start parsing he, he_size=68
04-22 22:44:30.672  2033  2067 D libics_haptic: ics_sfdc: sfdc_calibrate, sfdc_active_wave_id=-1
04-22 22:44:30.672  2033  2067 D libics_haptic: ics_sfdc: sfdc_get_continuous_f0, f0 = 170.80
04-22 22:44:30.672  2033  2067 D vendor.qti.hardware.vibrator.service: ics_sfdc: performHe, sfdc_calibrate f0 = 170.800003
04-22 22:44:30.672  2033  2067 D AacRichTapConfig: prebak version:±
04-22 22:44:30.672  2033  2067 D AacRichTapConfig: jnd version:±
04-22 22:44:30.672  2033  2067 D AacRichTapPerformer:  default effect lib info: ±, jnd effect lib info: ±, vib so v1.9.1_20250620
04-22 22:44:30.672  2033  2067 D AacRichTapDispEqualiza: hi = 99, freq_coef = 9.249442, jnd_coef = 8.713339, vrms = 0.900000 
04-22 22:44:30.672  2033  2067 D AacRichTapDispEqualiza: hi = 99, freq_coef = 9.249442, jnd_coef = 8.713339, vrms = 0.900000 
04-22 22:44:30.672  2033  2067 D vendor.qti.hardware.vibrator.service: looper:1,interval:0,amplitude:255,freq:0
04-22 22:44:30.672  2033  2067 D AacRichTapLooper: use_time:747
04-22 22:44:30.673  2033  5072 D AacRichTapConvert: he_event_num :3 , data_len:660, with f0: 170.800003!
04-22 22:44:30.673  2033  5072 E AacRichTapConvert: all point freq is -50, setting to current f0: 170.800003
04-22 22:44:30.673  2033  5072 E AacRichTapConvert: all point freq is -50, setting to current f0: 170.800003
04-22 22:44:30.673  2033  5072 E AacRichTapConvert: all point freq is -50, setting to current f0: 170.800003
04-22 22:44:30.673  2033  5072 E AacRichTapPerformer: perform_cmd reset pattern_effect_data: 0xb400006fe1413020!
04-22 22:44:30.673  2033  5070 D AacRichTapPerformer: get cmd cmd_type:11 with index: 0 out of total num: 1!
04-22 22:44:30.673  2033  5070 D AacRichTapPerformer: get cmd cmd_type:11 with index: 0 out of total num: 1!
04-22 22:44:30.673  2033  5070 D AacRichTapPerformer: get cmd cmd_type:11 with index: 0 out of total num: 1!
04-22 22:44:27.341  2067  2067 E [ics_haptic]richtap_file_unlocked_ioctl: richtap ioctl cmd=0x5203, arg=0x6fd00d9204
04-22 22:44:27.341  2067  2067 E [ics_haptic]richtap_file_unlocked_ioctl: richtap ioctl cmd=0x5204, arg=0x2
04-22 22:44:27.342  2067  2067 E         : [ics_haptic]richtap_file_unlocked_ioctl, richtap ioctl unknown cmd
04-22 22:44:27.343  5070  5070 E [ics_haptic]richtap_file_unlocked_ioctl: richtap ioctl cmd=0x5205, arg=0x7f
04-22 22:44:27.343  5070  5070 E [ics_haptic]richtap_file_unlocked_ioctl: richtap ioctl cmd=0x520a, arg=0x0
04-22 22:44:30.674  2033  5070 D AacRichTapPerformer: perform_pattern_list got pattern: 0x6fcded0d00, with cmd->valid: 1!
04-22 22:44:27.344  5070  5070 E         : [ics_haptic]play_stop start
04-22 22:44:30.675  2033  5070 D AacRichTapDispEqualiza: handle_third_category get_cur_envelope_phase: -1.570796 !
04-22 22:44:30.675  2033  5070 D AacRichTapDispEqualiza: handle_third_category get_cur_envelope_phase: -1.570796 !
04-22 22:44:27.346  7642  7642 E         : [ics_haptic]stream len = 1024, retry = 23, fifo_size = 1024
04-22 22:44:30.678  2962  6458 D NtVibratorManagerImpl:  result:1
04-22 22:44:27.346  7642  7642 E         : [ics_haptic]rt6010_set_play_mode play_mode =0x02
04-22 22:44:27.346  7642  7642 E         : [ics_haptic]play go enter
04-22 22:44:27.346  7642  7642 E [ics_haptic]b_f0: 1693, c_f0: 1693, f0: 1693
04-22 22:44:27.357  7642  7642 E         : [ics_haptic]set stream data successfully! size = 1024
04-22 22:44:27.357   912   912 E [ics_haptic]ics_haptic_irq_handler: irq state = 0x02
04-22 22:44:30.702  2017  2017 I vendor.qti.hardware.servicetrackeraidl-service: bindService is called for service : com.google.android.gms/.chimera.PersistentDirectBootAwareApiService and for client com.google.android.gms.persistent
04-22 22:44:30.702  2017  2017 I vendor.qti.hardware.servicetrackeraidl-service: total connections for service : com.google.android.gms/.chimera.PersistentDirectBootAwareApiServiceare :26
04-22 22:44:30.702  2017  2017 I vendor.qti.hardware.servicetrackeraidl-service: total connections for client : com.google.android.gms.persistentare :6
04-22 22:44:30.704  2962  3934 D NtAudioGlyphServiceImpl: invalidateAudioLightRequests size#1 current null target AudioLightRequest@f11e5fb{Id:102,uid:1000,pid:2962,noAudio:true,csvId:1,pkg:com.android.server.notification,session:-1,addby:1}
04-22 22:44:30.705  2962  3934 D NtAudioGlyphServiceImpl: openAudioLight with light:[Name=Light Id=102 Type=102 Capabilities=0 Ordinal=10018] isCsv:1 parameter:1 frameColors:null
04-22 22:44:30.706  2962  3934 D NtGlyphServiceImpl: setLightFrame[121] frameColors[137] [0, 0, 0, 0, 0, 0, 0, 0, 0, 0, 0, 0, 0, 0, 0, 0, 0, 0, 0, 0, 0, 0, 0, 0, 0, 0, 0, 0, 0, 0, 0, 0, 0, 0, 0, 0, 0, 0, 0, 0, 0, 0, 0, 0, 0, 0, 0, 0, 0, 0, 0, 0, 0, 0, 0, 0, 0, 0, 0, 0, 0, 0, 0, 0, 0, 0, 0, 0, 0, 0, 0, 0, 0, 0, 0, 0, 0, 0, 0, 0, 0, 0, 0, 0, 0, 0, 0, 0, 0, 0, 0, 0, 0, 0, 0, 0, 0, 0, 0, 0, 0, 0, 0, 0, 0, 0, 0, 0, 0, 0, 0, 0, 0, 0, 0, 0, 0, 0, 0, 0, 0, 0, 0, 0, 0, 0, 0, 0, 0, 0, 0, 0, 0, 0, 0, 0, 0] brightness:0 state:1 -> 0
