04-22 22:43:45.020   887   887 I lowmemorykiller: nr_free_pages: 371736 nr_inactive_file: 710639 nr_active_file: 545152 workingset_refault: 5959080 pgrefill: 5523317 pgscan_kswapd: 20194933 pgscan_direct: 730 pgscan_direct_throttle: 0 init_pgscan_direct: 0 init_pgscan_kswapd: 20040457 base_file_lru: 1255397 init_ws_refault: 5958686 free_swap: 1878760 total_swap: 2359295 swap_free_percentage: 79%
04-22 22:43:45.020   887   887 D lowmemorykiller: thrashing: 0% thrashing_limit: 30%
04-22 22:43:45.020   887   887 D lowmemorykiller: Not killing for medium pressure event polling check
04-22 22:43:45.121   887   887 D lowmemorykiller: medium pressure event polling check
04-22 22:43:45.122   887   887 I lowmemorykiller: nr_free_pages: 371705 nr_inactive_file: 710641 nr_active_file: 545154 workingset_refault: 5959082 pgrefill: 5523317 pgscan_kswapd: 20194933 pgscan_direct: 730 pgscan_direct_throttle: 0 init_pgscan_direct: 0 init_pgscan_kswapd: 20040457 base_file_lru: 1255397 init_ws_refault: 5958686 free_swap: 1878760 total_swap: 2359295 swap_free_percentage: 79%
04-22 22:43:45.122   887   887 D lowmemorykiller: thrashing: 0% thrashing_limit: 30%
04-22 22:43:45.123   887   887 D lowmemorykiller: Not killing for medium pressure event polling check
04-22 22:43:45.224   887   887 D lowmemorykiller: medium pressure event polling check
04-22 22:43:45.225   887   887 I lowmemorykiller: nr_free_pages: 371705 nr_inactive_file: 710641 nr_active_file: 545154 workingset_refault: 5959082 pgrefill: 5523317 pgscan_kswapd: 20194933 pgscan_direct: 730 pgscan_direct_throttle: 0 init_pgscan_direct: 0 init_pgscan_kswapd: 20040457 base_file_lru: 1255397 init_ws_refault: 5958686 free_swap: 1878760 total_swap: 2359295 swap_free_percentage: 79%
04-22 22:43:45.225   887   887 D lowmemorykiller: Ignoring medium pressure event; system is not in reclaim or compaction and no refaults
04-22 22:43:45.275  2962  4062 D NtMemoryManager: com.google.android.googlequicksearchbox last pss: 178924
04-22 22:43:45.275  2962  4062 D NtMemoryManager: com.android.settings last pss: 414892
04-22 22:43:45.275  2962  4062 D NtMemoryManager: com.nothing.camera last pss: 523076
04-22 22:43:45.275  2962  4062 D NtMemoryManager: com.google.android.googlequicksearchbox last pss: 178924
04-22 22:43:45.275  2962  4062 D NtMemoryManager: com.android.settings last pss: 414892
04-22 22:43:45.275  2962  4062 D NtMemoryManager: com.nothing.camera last pss: 523076
04-22 22:43:45.275  2962  4062 D NtMemoryManager: com.google.android.googlequicksearchbox last pss: 178924
04-22 22:43:45.276  2962  4062 D NtMemoryManager: com.android.settings last pss: 414892
04-22 22:43:45.276  2962  4062 D NtMemoryManager: com.nothing.camera last pss: 523076
04-22 22:43:45.326   887   887 D lowmemorykiller: medium pressure event polling check
04-22 22:43:45.327   887   887 I lowmemorykiller: nr_free_pages: 371705 nr_inactive_file: 710641 nr_active_file: 545154 workingset_refault: 5959082 pgrefill: 5523317 pgscan_kswapd: 20194933 pgscan_direct: 730 pgscan_direct_throttle: 0 init_pgscan_direct: 0 init_pgscan_kswapd: 20040457 base_file_lru: 1255397 init_ws_refault: 5958686 free_swap: 1878760 total_swap: 2359295 swap_free_percentage: 79%
04-22 22:43:45.327   887   887 D lowmemorykiller: Ignoring medium pressure event; system is not in reclaim or compaction and no refaults
04-22 22:43:45.428   887   887 D lowmemorykiller: medium pressure event polling check
04-22 22:43:45.429   887   887 I lowmemorykiller: nr_free_pages: 371705 nr_inactive_file: 710641 nr_active_file: 545154 workingset_refault: 5959082 pgrefill: 5523317 pgscan_kswapd: 20194933 pgscan_direct: 730 pgscan_direct_throttle: 0 init_pgscan_direct: 0 init_pgscan_kswapd: 20040457 base_file_lru: 1255397 init_ws_refault: 5958686 free_swap: 1878760 total_swap: 2359295 swap_free_percentage: 79%
04-22 22:43:45.429   887   887 D lowmemorykiller: Ignoring medium pressure event; system is not in reclaim or compaction and no refaults
04-22 22:43:45.529   887   887 D lowmemorykiller: medium pressure event polling check
04-22 22:43:45.530   887   887 I lowmemorykiller: nr_free_pages: 371705 nr_inactive_file: 710641 nr_active_file: 545154 workingset_refault: 5959082 pgrefill: 5523317 pgscan_kswapd: 20194933 pgscan_direct: 730 pgscan_direct_throttle: 0 init_pgscan_direct: 0 init_pgscan_kswapd: 20040457 base_file_lru: 1255397 init_ws_refault: 5958686 free_swap: 1878760 total_swap: 2359295 swap_free_percentage: 79%
04-22 22:43:45.530   887   887 D lowmemorykiller: Ignoring medium pressure event; system is not in reclaim or compaction and no refaults
04-22 22:43:45.631   887   887 D lowmemorykiller: medium pressure event polling check
04-22 22:43:45.632   887   887 I lowmemorykiller: nr_free_pages: 371705 nr_inactive_file: 710641 nr_active_file: 545154 workingset_refault: 5959082 pgrefill: 5523317 pgscan_kswapd: 20194933 pgscan_direct: 730 pgscan_direct_throttle: 0 init_pgscan_direct: 0 init_pgscan_kswapd: 20040457 base_file_lru: 1255397 init_ws_refault: 5958686 free_swap: 1878760 total_swap: 2359295 swap_free_percentage: 79%
04-22 22:43:45.632   887   887 D lowmemorykiller: Ignoring medium pressure event; system is not in reclaim or compaction and no refaults
04-22 22:43:45.732   887   887 D lowmemorykiller: medium pressure event polling check
04-22 22:43:45.733   887   887 I lowmemorykiller: nr_free_pages: 371705 nr_inactive_file: 710643 nr_active_file: 545154 workingset_refault: 5959082 pgrefill: 5523317 pgscan_kswapd: 20194933 pgscan_direct: 730 pgscan_direct_throttle: 0 init_pgscan_direct: 0 init_pgscan_kswapd: 20040457 base_file_lru: 1255397 init_ws_refault: 5958686 free_swap: 1878760 total_swap: 2359295 swap_free_percentage: 79%
04-22 22:43:45.733   887   887 D lowmemorykiller: Ignoring medium pressure event; system is not in reclaim or compaction and no refaults
04-22 22:43:45.834   887   887 D lowmemorykiller: medium pressure event polling check
04-22 22:43:45.835   887   887 I lowmemorykiller: nr_free_pages: 371705 nr_inactive_file: 710643 nr_active_file: 545154 workingset_refault: 5959082 pgrefill: 5523317 pgscan_kswapd: 20194933 pgscan_direct: 730 pgscan_direct_throttle: 0 init_pgscan_direct: 0 init_pgscan_kswapd: 20040457 base_file_lru: 1255397 init_ws_refault: 5958686 free_swap: 1878760 total_swap: 2359295 swap_free_percentage: 79%
04-22 22:43:45.835   887   887 D lowmemorykiller: Ignoring medium pressure event; system is not in reclaim or compaction and no refaults
04-22 22:43:45.854   887   887 D lowmemorykiller: medium pressure event triggered
04-22 22:43:45.855   887   887 I lowmemorykiller: nr_free_pages: 371705 nr_inactive_file: 710643 nr_active_file: 545154 workingset_refault: 5959082 pgrefill: 5523317 pgscan_kswapd: 20194933 pgscan_direct: 730 pgscan_direct_throttle: 0 init_pgscan_direct: 0 init_pgscan_kswapd: 20040457 base_file_lru: 1255397 init_ws_refault: 5958686 free_swap: 1878760 total_swap: 2359295 swap_free_percentage: 79%
04-22 22:43:45.855   887   887 D lowmemorykiller: Ignoring medium pressure event; system is not in reclaim or compaction and no refaults
04-22 22:43:45.955   887   887 D lowmemorykiller: medium pressure event polling check
04-22 22:43:45.956   887   887 I lowmemorykiller: nr_free_pages: 371705 nr_inactive_file: 710643 nr_active_file: 545154 workingset_refault: 5959082 pgrefill: 5523317 pgscan_kswapd: 20194933 pgscan_direct: 730 pgscan_direct_throttle: 0 init_pgscan_direct: 0 init_pgscan_kswapd: 20040457 base_file_lru: 1255397 init_ws_refault: 5958686 free_swap: 1878760 total_swap: 2359295 swap_free_percentage: 79%
04-22 22:43:45.957   887   887 D lowmemorykiller: Ignoring medium pressure event; system is not in reclaim or compaction and no refaults
04-22 22:43:46.057   887   887 D lowmemorykiller: medium pressure event polling check
04-22 22:43:46.057   887   887 I lowmemorykiller: nr_free_pages: 371705 nr_inactive_file: 710643 nr_active_file: 545154 workingset_refault: 5959082 pgrefill: 5523317 pgscan_kswapd: 20194933 pgscan_direct: 730 pgscan_direct_throttle: 0 init_pgscan_direct: 0 init_pgscan_kswapd: 20040457 base_file_lru: 1255397 init_ws_refault: 5958686 free_swap: 1878760 total_swap: 2359295 swap_free_percentage: 79%
04-22 22:43:46.057   887   887 D lowmemorykiller: Ignoring medium pressure event; system is not in reclaim or compaction and no refaults
04-22 22:43:46.159   887   887 D lowmemorykiller: medium pressure event polling check
04-22 22:43:46.159   887   887 I lowmemorykiller: nr_free_pages: 371705 nr_inactive_file: 710643 nr_active_file: 545154 workingset_refault: 5959082 pgrefill: 5523317 pgscan_kswapd: 20194933 pgscan_direct: 730 pgscan_direct_throttle: 0 init_pgscan_direct: 0 init_pgscan_kswapd: 20040457 base_file_lru: 1255397 init_ws_refault: 5958686 free_swap: 1878760 total_swap: 2359295 swap_free_percentage: 79%
04-22 22:43:46.159   887   887 D lowmemorykiller: Ignoring medium pressure event; system is not in reclaim or compaction and no refaults
04-22 22:43:46.260   887   887 D lowmemorykiller: medium pressure event polling check
04-22 22:43:46.261   887   887 I lowmemorykiller: nr_free_pages: 371705 nr_inactive_file: 710645 nr_active_file: 545154 workingset_refault: 5959082 pgrefill: 5523317 pgscan_kswapd: 20194933 pgscan_direct: 730 pgscan_direct_throttle: 0 init_pgscan_direct: 0 init_pgscan_kswapd: 20040457 base_file_lru: 1255397 init_ws_refault: 5958686 free_swap: 1878760 total_swap: 2359295 swap_free_percentage: 79%
04-22 22:43:46.261   887   887 D lowmemorykiller: Ignoring medium pressure event; system is not in reclaim or compaction and no refaults
04-22 22:43:46.362   887   887 D lowmemorykiller: medium pressure event polling check
04-22 22:43:46.363   887   887 I lowmemorykiller: nr_free_pages: 371705 nr_inactive_file: 710645 nr_active_file: 545154 workingset_refault: 5959082 pgrefill: 5523317 pgscan_kswapd: 20194933 pgscan_direct: 730 pgscan_direct_throttle: 0 init_pgscan_direct: 0 init_pgscan_kswapd: 20040457 base_file_lru: 1255397 init_ws_refault: 5958686 free_swap: 1878760 total_swap: 2359295 swap_free_percentage: 79%
04-22 22:43:46.363   887   887 D lowmemorykiller: Ignoring medium pressure event; system is not in reclaim or compaction and no refaults
04-22 22:43:46.463   887   887 D lowmemorykiller: medium pressure event polling check
04-22 22:43:46.464   887   887 I lowmemorykiller: nr_free_pages: 371705 nr_inactive_file: 710645 nr_active_file: 545154 workingset_refault: 5959082 pgrefill: 5523317 pgscan_kswapd: 20194933 pgscan_direct: 730 pgscan_direct_throttle: 0 init_pgscan_direct: 0 init_pgscan_kswapd: 20040457 base_file_lru: 1255397 init_ws_refault: 5958686 free_swap: 1878760 total_swap: 2359295 swap_free_percentage: 79%
04-22 22:43:46.464   887   887 D lowmemorykiller: Ignoring medium pressure event; system is not in reclaim or compaction and no refaults
04-22 22:43:46.565   887   887 D lowmemorykiller: medium pressure event polling check
04-22 22:43:46.565   887   887 I lowmemorykiller: nr_free_pages: 371705 nr_inactive_file: 710645 nr_active_file: 545154 workingset_refault: 5959082 pgrefill: 5523317 pgscan_kswapd: 20194933 pgscan_direct: 730 pgscan_direct_throttle: 0 init_pgscan_direct: 0 init_pgscan_kswapd: 20040457 base_file_lru: 1255397 init_ws_refault: 5958686 free_swap: 1878760 total_swap: 2359295 swap_free_percentage: 79%
04-22 22:43:46.565   887   887 D lowmemorykiller: Ignoring medium pressure event; system is not in reclaim or compaction and no refaults
04-22 22:43:46.666   887   887 D lowmemorykiller: medium pressure event polling check
04-22 22:43:46.667   887   887 I lowmemorykiller: nr_free_pages: 371705 nr_inactive_file: 710645 nr_active_file: 545154 workingset_refault: 5959082 pgrefill: 5523317 pgscan_kswapd: 20194933 pgscan_direct: 730 pgscan_direct_throttle: 0 init_pgscan_direct: 0 init_pgscan_kswapd: 20040457 base_file_lru: 1255397 init_ws_refault: 5958686 free_swap: 1878760 total_swap: 2359295 swap_free_percentage: 79%
04-22 22:43:46.667   887   887 D lowmemorykiller: Ignoring medium pressure event; system is not in reclaim or compaction and no refaults
04-22 22:43:42.188  7636  7636 E BATTERY_CHG: handle_message: adsp_to_kernel_log:key_info:battid:100219,batt_soh:100,pump_chip:8582,buck_chip:41512,pump_en:0,buck_en:0,ovp:0,fcc:6000,fv:4560,icl:500,ibus_ma:456,usb_sus:0,chg_type:2,soc:6476,real_cap:6005000,plug_in:1,plugGpio:0,usbTemp:28,battTemp:30,nt_cc_enable:0,qbg_sw_version:38,platfg_soc[439026891,640885,0,94765056,438921797,91291648,93847552,93847552,94765056],rtc_time[2856790,2857154],nt_fg_reset[0,0],soc_re_estimated[1,1,0,0,0,0],2646:01,2654:64,2606:83,2708:0a,2952:0a,2658:c0,2706:0a,2707:0a,2708:0a,2709:0a,2c06:41,2962:00,2b09:63,280c:08,280d:08,2910:11,2940:00,2941:00,270b:e2,4f46:80,2954:00,
04-22 22:43:43.433     0     0 E [    C1] [soft_i][0xaac01489623][14: 43:46.763710] qca6750: [0:E:QDF] htc_rx_completion_handler: Received initial wake up
04-22 22:43:43.433  7642  7642 I [kworke][0xaac0148b3df][14:43:46.764106] qca6750: [7642:I:PMO] pmo_core_psoc_send_host_wakeup_ind_to_fw: Host wakeup indication sent to fw
04-22 22:43:46.768   887   887 D lowmemorykiller: medium pressure event polling check
04-22 22:43:46.768   887   887 I lowmemorykiller: nr_free_pages: 371705 nr_inactive_file: 710645 nr_active_file: 545154 workingset_refault: 5959082 pgrefill: 5523317 pgscan_kswapd: 20194933 pgscan_direct: 730 pgscan_direct_throttle: 0 init_pgscan_direct: 0 init_pgscan_kswapd: 20040457 base_file_lru: 1255397 init_ws_refault: 5958686 free_swap: 1878760 total_swap: 2359295 swap_free_percentage: 79%
04-22 22:43:46.769   887   887 D lowmemorykiller: Ignoring medium pressure event; system is not in reclaim or compaction and no refaults
04-22 22:43:43.436     0     0 I [    C1] [soft_i][0xaac014970c6][14: 43:46.766624] qca6750: [0:I:WMA] WLAN triggered wakeup: BPF_ALLOW (39), vdev: 0 (STA)
04-22 22:43:43.436     0     0 I [    C1] [soft_i][0xaac014986da][14: 43:46.766919] qca6750: [0:I:WMA] wma_wake_event_packet: Wake event packet:
04-22 22:43:46.780 32327  7635 D AlertNotificationMgr: йќћдё»иЈќзЅ®пјЊз•ҐйЃЋйЂљзџҐпјљASUS_AI2205_C
04-22 22:43:46.780 32327  7635 D RealtimeRepository: UPDATE: ASUS_AI2205_C
04-22 22:43:46.869   887   887 D lowmemorykiller: medium pressure event polling check
04-22 22:43:46.870   887   887 I lowmemorykiller: nr_free_pages: 371705 nr_inactive_file: 710645 nr_active_file: 545154 workingset_refault: 5959082 pgrefill: 5523317 pgscan_kswapd: 20194933 pgscan_direct: 730 pgscan_direct_throttle: 0 init_pgscan_direct: 0 init_pgscan_kswapd: 20040457 base_file_lru: 1255397 init_ws_refault: 5958686 free_swap: 1878760 total_swap: 2359295 swap_free_percentage: 79%
04-22 22:43:46.870   887   887 D lowmemorykiller: Ignoring medium pressure event; system is not in reclaim or compaction and no refaults
04-22 22:43:48.807  2962  4062 D NtMemoryManager: com.google.android.googlequicksearchbox last pss: 178924
04-22 22:43:48.807  2962  4062 D NtMemoryManager: com.android.settings last pss: 414892
04-22 22:43:48.807  2962  4062 D NtMemoryManager: com.nothing.camera last pss: 523076
04-22 22:43:45.685     0     0 E [    C0] [soft_i][0xaac03dc5af1][14: 43:49.015721] qca6750: [0:E:QDF] htc_rx_completion_handler: Received initial wake up
04-22 22:43:45.685  5053  5053 I [kworke][0xaac03dc78cc][14:43:49.016118] qca6750: [5053:I:PMO] pmo_core_psoc_send_host_wakeup_ind_to_fw: Host wakeup indication sent to fw
04-22 22:43:45.688     0     0 I [    C0] [soft_i][0xaac03dd344d][14: 43:49.018618] qca6750: [0:I:WMA] WLAN triggered wakeup: BPF_ALLOW (39), vdev: 0 (STA)
04-22 22:43:45.688     0     0 I [    C0] [soft_i][0xaac03dd4840][14: 43:49.018884] qca6750: [0:I:WMA] wma_wake_event_packet: Wake event packet:
04-22 22:43:49.028 32327  8315 D AlertNotificationMgr: йќћдё»иЈќзЅ®пјЊз•ҐйЃЋйЂљзџҐпјљA059P
04-22 22:43:49.029 32327  8315 D RealtimeRepository: UPDATE: A059P
04-22 22:43:49.032 32327  8315 D AlertNotificationMgr: йќћдё»иЈќзЅ®пјЊз•ҐйЃЋйЂљзџҐпјљA024
04-22 22:43:49.032 32327  8315 D RealtimeRepository: UPDATE: A024
04-22 22:43:49.728  2962  3668 D InetDiagMessage: Destroyed 0 sockets, proto=IPPROTO_TCP, family=AF_INET, states=14
04-22 22:43:49.733  2962  3668 D InetDiagMessage: Destroyed 1 sockets, proto=IPPROTO_TCP, family=AF_INET6, states=14
04-22 22:43:49.733  2962  3668 D InetDiagMessage: Destroyed live tcp sockets for uids={10319} in 10ms
04-22 22:43:49.739  2962  3668 D InetDiagMessage: Destroyed 0 sockets, proto=IPPROTO_TCP, family=AF_INET, states=14
04-22 22:43:46.408  7642  7642 I [kworke][0xaac04b01e6d][14:43:49.738540] qca6750: [7642:I:PMO] pmo_core_psoc_send_host_wakeup_ind_to_fw: Host wakeup indication sent to fw
04-22 22:43:49.743  2962  3668 D InetDiagMessage: Destroyed 0 sockets, proto=IPPROTO_TCP, family=AF_INET6, states=14
04-22 22:43:49.743  2962  3668 D InetDiagMessage: Destroyed live tcp sockets for uids={20319} in 9ms
04-22 22:43:49.743  2962  6468 D ConnectivityService: Returning BLOCKED NetworkInfo to uid=10319
04-22 22:43:49.748  3139  3492 I mars::stn: [longlink_connect_monitor.cc:118, __LongLinkStateToSystemLog]:longlink_progress longlink state: disconnect reason Bad file descriptor, disconnected time: 611137197
04-22 22:43:49.789 32327  7635 D AlertNotificationMgr: йќћдё»иЈќзЅ®пјЊз•ҐйЃЋйЂљзџҐпјљASUSAI2501H
04-22 22:43:49.789 32327  7635 D RealtimeRepository: UPDATE: ASUSAI2501H
04-22 22:43:50.246  3139  3492 I mars::stn: [longlink_connect_monitor.cc:282, __IntervalConnect]:longlink_progress next connect interval: 604800000, process active state: false, process foreground: false
04-22 22:43:50.256  3139  3492 I mars::stn: [longlink_connect_monitor.cc:360, __AutoIntervalConnect]:longlink_progress set rebuild alarm, reason: rebuild longlink alarm, current time: 611137705, next rebuild time interval: 354379
04-22 22:43:53.284 32327  7635 D DeviceMonitorService: еїѓи·і tick вЂ” wakeLockHeld=true, cachedUid=da90a378
04-22 22:43:49.969  5053  5053 I [kworke][0xaac08c3a6c0][14:43:53.300464] qca6750: [5053:I:PMO] pmo_core_psoc_send_host_wakeup_ind_to_fw: Host wakeup indication sent to fw
04-22 22:43:53.529 32327  8315 D DeviceMonitorService: [е®љж™‚дёЉе‚і] upsert ж€ђеЉџпјљй›»й‡Џ=65% з¶Іи·Ї=Wi-Fi
04-22 22:43:53.748  2962  2962 D NtNotificationManagerService: playGlyphEffect glyphNotificationEnable = true
04-22 22:43:53.749  2962  2962 E NtNotificationManagerService: getSound supportGenerativeRingtone = false, isDefaultRingtone = true
04-22 22:43:53.749  2962  2962 D NtNotificationManagerService: skip playGlyphEffect, mGlyphNotificationEnable = true, FLAG_ONGOING_EVENT = 2, FLAG_FOREGROUND_SERVICE = 64, isInCall = false, isScreenOn = false, isSoundOnly = false, is silent Notification = true, skipPlayGlyphForNotEssentialNotification = false
04-22 22:43:53.766  4994  4994 W LocaleConfig: The resource file pointed to by the given resource ID isn't found.
04-22 22:43:53.766 19648 19648 I NotificationListener: received notification posted event - tw.bluehomewu.devicemonitor#UserHandle{0},category=-1
04-22 22:43:53.766  6326  6326 D GlyphNotification.GlyphAdapterManager: GlyphAdapterManager init = true, gm = com.nothing.glyphnotification.GlyphMatrixAdapter@c5f49a9, model = A069P, obj = com.nothing.glyphnotification.GlyphAdapterManager@ae16b1b
04-22 22:43:53.767  6326  6326 D GlyphNotification.GlyphNotificationManagerV2: getOrCreateController obj = null, isProgressNotification = false
04-22 22:43:53.781  3874  4545 W LocaleConfig: The resource file pointed to by the given resource ID isn't found.
04-22 22:43:53.783  3874  4545 W LocaleConfig: The resource file pointed to by the given resource ID isn't found.
04-22 22:43:53.788  1995 12597 I SnapAlloc: Using graphics libs for alignment calculations
04-22 22:43:53.802  3874  4545 W HWUI    : Image decoding logging dropped!
04-22 22:43:53.808  1995 12597 I SnapAlloc: Using graphics libs for alignment calculations
04-22 22:43:53.813  3874  4545 W HWUI    : Image decoding logging dropped!
04-22 22:43:54.039 32327  4821 D AlertNotificationMgr: йќћдё»иЈќзЅ®пјЊз•ҐйЃЋйЂљзџҐпјљA069P
04-22 22:43:54.040 32327  4821 D RealtimeRepository: UPDATE: A069P
04-22 22:43:54.583  2137  3526 W IPCThreadState: Sending oneway calls to frozen process.
04-22 22:43:54.583  2137  3526 W IPCThreadState: Sending oneway calls to frozen process.
04-22 22:43:54.595  2137  3119 W IPCThreadState: Sending oneway calls to frozen process.
04-22 22:43:54.597  2137  3119 W IPCThreadState: Sending oneway calls to frozen process.
04-22 22:43:56.595  2962  3966 W ActivityManager: Unbind failed: could not find connection for android.os.BinderProxy@97d9ec5
04-22 22:43:56.597  4173  4173 D SatelliteModemInterface: Binding to vendor.qti.data.ntnsatapp
04-22 22:43:56.599  2962  3966 W ActivityManager: Unable to start service Intent { act=android.telephony.satellite.SatelliteService xflg=0x4 pkg=vendor.qti.data.ntnsatapp } U=0: not found
04-22 22:43:56.600  4173  4173 E SatelliteModemInterface: Error binding to the satellite service. Retrying in 55086 ms.
04-22 22:43:53.464 29987 29987 I [kworke][0xaac0cc3601f][14:43:56.794775] qca6750: [29987:I:PMO] pmo_core_psoc_send_host_wakeup_ind_to_fw: Host wakeup indication sent to fw
04-22 22:43:56.806 32327  8315 D AlertNotificationMgr: йќћдё»иЈќзЅ®пјЊз•ҐйЃЋйЂљзџҐпјљA142
04-22 22:43:56.806 32327  8315 D RealtimeRepository: UPDATE: A142
04-22 22:43:56.903 32327  8315 I Supabase-Realtime: Heartbeat received
04-22 22:43:53.622  1885  1885 E healthd : soc_b:95, soc:65, soc_c:65, Vol:4083, Cur:399,chg_s:1,t_l:120,b_s:2,OffTlast:520,lcd_off:1,Vu:4708,Vw:0,pid:1885,brightness:0.000000,rmCap:3892
04-22 22:43:53.623  1885  1885 E healthd : battery l=65 v=4083 t=30.0 h=2 st=2 c=399179 fc=6005000 cc=6 chg=u
04-22 22:43:53.641  1885  1885 E healthd : soc_b:95, soc:65, soc_c:65, Vol:4083, Cur:399,chg_s:1,t_l:120,b_s:2,OffTlast:520,lcd_off:1,Vu:4704,Vw:0,pid:1885,brightness:0.000000,rmCap:3892
04-22 22:43:53.641  1885  1885 W HealthLoop: debug.tracing.screen_brightness:0.000000
04-22 22:43:54.639  1977  1977 E BATTERY_CHG: battery_health_show: end read batt_soh:100
04-22 22:43:54.654  1977  1977 E BATTERY_CHG: battery_health_show: end read batt_soh:100
04-22 22:43:54.901     0     0 E [    C1] [soft_i][0xaac0e689255][14: 43:58.232459] qca6750: [0:E:QDF] htc_rx_completion_handler: Received initial wake up
04-22 22:43:54.902 29987 29987 I [kworke][0xaac0e68b376][14:43:58.232900] qca6750: [29987:I:PMO] pmo_core_psoc_send_host_wakeup_ind_to_fw: Host wakeup indication sent to fw
04-22 22:43:54.904     0     0 I [    C1] [soft_i][0xaac0e6962a5][14: 43:58.235236] qca6750: [0:I:WMA] WLAN triggered wakeup: BPF_ALLOW (39), vdev: 0 (STA)
04-22 22:43:54.905     0     0 I [    C1] [soft_i][0xaac0e697bc6][14: 43:58.235571] qca6750: [0:I:WMA] wma_wake_event_packet: Wake event packet:
04-22 22:43:58.245 32327  8315 D AlertNotificationMgr: йќћдё»иЈќзЅ®пјЊз•ҐйЃЋйЂљзџҐпјљA065
04-22 22:43:58.245 32327  8315 D RealtimeRepository: UPDATE: A065
04-22 22:43:59.613  2962  3668 D InetDiagMessage: Destroyed 0 sockets, proto=IPPROTO_TCP, family=AF_INET, states=14
04-22 22:43:59.618  2962  3668 D InetDiagMessage: Destroyed 0 sockets, proto=IPPROTO_TCP, family=AF_INET6, states=14
04-22 22:43:59.618  2962  3668 D InetDiagMessage: Destroyed live tcp sockets for uids={10319} in 12ms
04-22 22:43:59.623  2962  3668 D InetDiagMessage: Destroyed 0 sockets, proto=IPPROTO_TCP, family=AF_INET, states=14
04-22 22:43:59.627  2962  3668 D InetDiagMessage: Destroyed 0 sockets, proto=IPPROTO_TCP, family=AF_INET6, states=14
04-22 22:43:59.628  2962  3668 D InetDiagMessage: Destroyed live tcp sockets for uids={20319} in 9ms
04-22 22:43:59.720  2962  3561 I PowerMonitorService: Foreground changed: packageName=tw.bluehomewu.glyphmarquee, activityName=tw.bluehomewu.glyphmarquee.MainActivity
04-22 22:44:00.009  2962  3966 W ActivityManager: pid 4119 com.nothing.thirdparty sent binder code 1 with flags 1 to frozen apps and got error -32
04-22 22:44:00.009  4119  4119 E GlyphToy: Can't send msg
04-22 22:44:00.009  4119  4119 E GlyphToy: android.os.DeadObjectException
04-22 22:44:00.009  4119  4119 E GlyphToy: 	at android.os.BinderProxy.transactNative(Native Method)
04-22 22:44:00.009  4119  4119 E GlyphToy: 	at android.os.BinderProxy.transact(BinderProxy.java:599)
04-22 22:44:00.009  4119  4119 E GlyphToy: 	at android.os.IMessenger$Stub$Proxy.send(IMessenger.java:120)
04-22 22:44:00.009  4119  4119 E GlyphToy: 	at android.os.Messenger.send(Messenger.java:59)
04-22 22:44:00.009  4119  4119 E GlyphToy: 	at com.nothing.thirdparty.bmo.ofl(go/retraceme 9a59b3ef8e9b391fdd0c898ef13bb9596010281b99082a06ea396c2e0a0831b6:53)
04-22 22:44:00.009  4119  4119 E GlyphToy: 	at com.nothing.thirdparty.bmo.edu(go/retraceme 9a59b3ef8e9b391fdd0c898ef13bb9596010281b99082a06ea396c2e0a0831b6:41)
04-22 22:44:00.009  4119  4119 E GlyphToy: 	at com.nothing.thirdparty.ihd.onAlarm(go/retraceme 9a59b3ef8e9b391fdd0c898ef13bb9596010281b99082a06ea396c2e0a0831b6:16)
04-22 22:44:00.009  4119  4119 E GlyphToy: 	at android.app.AlarmManager$ListenerWrapper.run(AlarmManager.java:375)
04-22 22:44:00.009  4119  4119 E GlyphToy: 	at android.os.Handler.handleCallback(Handler.java:995)
04-22 22:44:00.009  4119  4119 E GlyphToy: 	at android.os.Handler.dispatchMessage(Handler.java:103)
04-22 22:44:00.009  4119  4119 E GlyphToy: 	at android.os.Looper.loopOnce(Looper.java:283)
04-22 22:44:00.009  4119  4119 E GlyphToy: 	at android.os.Looper.loop(Looper.java:392)
04-22 22:44:00.009  4119  4119 E GlyphToy: 	at android.app.ActivityThread.main(ActivityThread.java:9248)
04-22 22:44:00.009  4119  4119 E GlyphToy: 	at java.lang.reflect.Method.invoke(Native Method)
04-22 22:44:00.009  4119  4119 E GlyphToy: 	at com.android.internal.os.RuntimeInit$MethodAndArgsCaller.run(RuntimeInit.java:611)
04-22 22:44:00.009  4119  4119 E GlyphToy: 	at com.android.internal.os.ZygoteInit.main(ZygoteInit.java:944)
04-22 22:44:00.021  3874  3874 D OLDQuickLookClockView: refreshInfo hasCalendar:false hasWeather:true
04-22 22:44:00.024  3874  3874 D OLDQuickLookClockView: refreshInfo hasCalendar:false hasWeather:false
04-22 22:44:00.125  3874  3874 D OLDQuickLookClockView:  getFormattedDateLocked:zh_TW_#Hant
04-22 22:44:00.126  3874  3874 D OLDQuickLookClockView: updateDateInfo: 4жњ€22ж—Ґ йЂ±дё‰
04-22 22:44:00.126  3874  3874 D OLDQuickLookClockView: refreshInfo hasCalendar:false hasWeather:true
04-22 22:44:00.131  3874  3874 D OLDQuickLookClockView:  getFormattedDateLocked:zh_TW_#Hant
04-22 22:44:00.132  3874  3874 D OLDQuickLookClockView: updateDateInfo: 4жњ€22ж—Ґ йЂ±дё‰
04-22 22:44:00.132  3874  3874 D OLDQuickLookClockView: refreshInfo hasCalendar:false hasWeather:false
04-22 22:43:58.383     0     0 E [    C1] [soft_i][0xaac12648257][14: 44:01.713846] qca6750: [0:E:QDF] htc_rx_completion_handler: Received initial wake up
04-22 22:43:58.384 29987 29987 I [kworke][0xaac1264b31b][14:44:01.714495] qca6750: [29987:I:PMO] pmo_core_psoc_send_host_wakeup_ind_to_fw: Host wakeup indication sent to fw
04-22 22:43:58.386     0     0 I [    C1] [soft_i][0xaac126569dc][14: 44:01.716932] qca6750: [0:I:WMA] WLAN triggered wakeup: BPF_ALLOW (39), vdev: 0 (STA)
04-22 22:43:58.386     0     0 I [    C1] [soft_i][0xaac12658818][14: 44:01.717335] qca6750: [0:I:WMA] wma_wake_event_packet: Wake event packet:
04-22 22:44:01.725 32327  8315 D AlertNotificationMgr: йќћдё»иЈќзЅ®пјЊз•ҐйЃЋйЂљзџҐпјљASUS_AI2205_C
04-22 22:44:01.726 32327  8315 D RealtimeRepository: UPDATE: ASUS_AI2205_C
04-22 22:43:59.819     0     0 E [    C1] [soft_i][0xaac14093099][14: 44:03.149769] qca6750: [0:E:QDF] htc_rx_completion_handler: Received initial wake up
04-22 22:43:59.819 29987 29987 I [kworke][0xaac14094b2c][14:44:03.150123] qca6750: [29987:I:PMO] pmo_core_psoc_send_host_wakeup_ind_to_fw: Host wakeup indication sent to fw
04-22 22:43:59.827     0     0 I [    C1] [soft_i][0xaac140b98a5][14: 44:03.157983] qca6750: [0:I:WMA] WLAN triggered wakeup: BPF_ALLOW (39), vdev: 0 (STA)
04-22 22:43:59.827     0     0 I [    C1] [soft_i][0xaac140bb0db][14: 44:03.158305] qca6750: [0:I:WMA] wma_wake_event_packet: Wake event packet:
04-22 22:44:03.610  4001  4431 I bluetooth: system/gd/hci/le_advertising_manager.cc:968 set_advertising_set_random_address_on_timer: Scheduling address rotation for advertiser_id=0
04-22 22:44:03.611  4001  4431 I bluetooth: system/gd/hci/le_address_manager.cc:578 GetNextPrivateAddressIntervalRange: client=advertising_set_0, nonwake=7m22s, wake=14m42s
04-22 22:44:03.612  1880  2011 D vendor.qti.bluetooth@1.0-ibs_handler: SerialClockVote: vote for UART CLK ON
04-22 22:44:03.616  1880  2011 D vendor.qti.bluetooth@1.0-wake_lock: Acquire wakelock is acquired 
04-22 22:44:03.616  1880  2011 I vendor.qti.bluetooth@1.0-ibs_handler: DeviceWakeUp: Writing IBS_WAKE_IND
04-22 22:44:03.626  1880  4686 I vendor.qti.bluetooth@1.0-ibs_handler: ProcessIbsCmd: Received IBS_WAKE_ACK: 0xFC
04-22 22:44:03.626  1880  4686 I vendor.qti.bluetooth@1.0-ibs_handler: ProcessIbsCmd: Signal wack_cond_
04-22 22:44:03.626  1880  2011 D vendor.qti.bluetooth@1.0-ibs_handler: DeviceWakeUp: Unblocked from waiting for FC, pthread_cond_timedwait ret = 0
04-22 22:44:03.628  1880  4686 I vendor.qti.bluetooth@1.0-ibs_handler: ProcessIbsCmd: Received IBS_WAKE_IND: 0xFD
04-22 22:44:03.628  1880  4686 I vendor.qti.bluetooth@1.0-ibs_handler: ProcessIbsCmd: Writing IBS_WAKE_ACK
04-22 22:44:03.633  4001  4431 I bluetooth: system/gd/hci/le_advertising_manager.cc:2525 on_set_advertising_set_random_address_complete: update random address for advertising set 0 : xx:xx:xx:xx:78:6e
04-22 22:44:03.673  1880  4686 I vendor.qti.bluetooth@1.0-ibs_handler: ProcessIbsCmd: Received IBS_SLEEP_IND: 0xFE
04-22 22:44:03.883  1880  4689 I vendor.qti.bluetooth@1.0-ibs_handler: DeviceSleep: TX Awake, Sending SLEEP_IND
04-22 22:44:03.883  1880  4689 D vendor.qti.bluetooth@1.0-ibs_handler: SerialClockVote: vote for UART CLK OFF
04-22 22:44:03.972 32327  4821 D AlertNotificationMgr: йќћдё»иЈќзЅ®пјЊз•ҐйЃЋйЂљзџҐпјљA059P
04-22 22:44:03.973 32327  4821 D RealtimeRepository: UPDATE: A059P
04-22 22:44:03.973 32327  4821 D AlertNotificationMgr: йќћдё»иЈќзЅ®пјЊз•ҐйЃЋйЂљзџҐпјљA024
04-22 22:44:03.973 32327  4821 D RealtimeRepository: UPDATE: A024
04-22 22:44:04.035  1880  4445 D vendor.qti.bluetooth@1.0-wake_lock: Release wakelock is released 
04-22 22:44:04.112 32327  4821 D AlertNotificationMgr: йќћдё»иЈќзЅ®пјЊз•ҐйЃЋйЂљзџҐпјљASUSAI2501H
04-22 22:44:04.112 32327  4821 D RealtimeRepository: UPDATE: ASUSAI2501H
04-22 22:44:04.251 32327 32327 D DeviceListViewModel: е€·ж–°е®Њж€ђпјљ8 еЏ°иЈќзЅ®
04-22 22:44:04.386 32327  6564 D DeviceMonitorService: е®љж™‚е€·ж–° 8 еЏ°иЈќзЅ®
04-22 22:44:04.386 32327  6564 D AlertNotificationMgr: йќћдё»иЈќзЅ®пјЊз•ҐйЃЋйЂљзџҐпјљA065
04-22 22:44:04.386 32327  6564 D AlertNotificationMgr: йќћдё»иЈќзЅ®пјЊз•ҐйЃЋйЂљзџҐпјљASUS_AI2205_C
04-22 22:44:04.386 32327  6564 D AlertNotificationMgr: йќћдё»иЈќзЅ®пјЊз•ҐйЃЋйЂљзџҐпјљA059P
04-22 22:44:04.386 32327  6564 D AlertNotificationMgr: йќћдё»иЈќзЅ®пјЊз•ҐйЃЋйЂљзџҐпјљA024
04-22 22:44:04.386 32327  6564 D AlertNotificationMgr: йќћдё»иЈќзЅ®пјЊз•ҐйЃЋйЂљзџҐпјљASUSAI2501H
04-22 22:44:04.386 32327  6564 D AlertNotificationMgr: йќћдё»иЈќзЅ®пјЊз•ҐйЃЋйЂљзџҐпјљTaro for arm64
04-22 22:44:04.386 32327  6564 D AlertNotificationMgr: йќћдё»иЈќзЅ®пјЊз•ҐйЃЋйЂљзџҐпјљA069P
04-22 22:44:04.386 32327  6564 D AlertNotificationMgr: йќћдё»иЈќзЅ®пјЊз•ҐйЃЋйЂљзџҐпјљA142
04-22 22:44:04.619  2962  3569 D ActivityManager: freezing 29383 com.tencent.mm
04-22 22:44:04.626  2962  3569 D ActivityManager: freezing 3139 com.tencent.mm:push
04-22 22:44:04.637  2962  3668 D InetDiagMessage: Destroyed 0 sockets, proto=IPPROTO_TCP, family=AF_INET, states=14
04-22 22:44:04.640  2962  3668 D InetDiagMessage: Destroyed 0 sockets, proto=IPPROTO_TCP, family=AF_INET6, states=14
04-22 22:44:04.641  2962  3668 D InetDiagMessage: Destroyed live tcp sockets for uids={10319} in 8ms
04-22 22:44:08.287 32327  6564 D DeviceMonitorService: еїѓи·і tick вЂ” wakeLockHeld=true, cachedUid=da90a378
04-22 22:44:04.972  5053  5053 I [kworke][0xaac19eefcbe][14:44:08.303211] qca6750: [5053:I:PMO] pmo_core_psoc_send_host_wakeup_ind_to_fw: Host wakeup indication sent to fw
04-22 22:44:08.473 32327  6564 D DeviceMonitorService: [е®љж™‚дёЉе‚і] upsert ж€ђеЉџпјљй›»й‡Џ=65% з¶Іи·Ї=Wi-Fi
04-22 22:44:08.688  2962  2962 D NtNotificationManagerService: playGlyphEffect glyphNotificationEnable = true
04-22 22:44:08.688  2962  2962 E NtNotificationManagerService: getSound supportGenerativeRingtone = false, isDefaultRingtone = true
04-22 22:44:08.689  2962  2962 D NtNotificationManagerService: skip playGlyphEffect, mGlyphNotificationEnable = true, FLAG_ONGOING_EVENT = 2, FLAG_FOREGROUND_SERVICE = 64, isInCall = false, isScreenOn = false, isSoundOnly = false, is silent Notification = true, skipPlayGlyphForNotEssentialNotification = false
04-22 22:44:08.700  6326  6326 D GlyphNotification.GlyphAdapterManager: GlyphAdapterManager init = true, gm = com.nothing.glyphnotification.GlyphMatrixAdapter@c5f49a9, model = A069P, obj = com.nothing.glyphnotification.GlyphAdapterManager@ae16b1b
04-22 22:44:08.701  6326  6326 D GlyphNotification.GlyphNotificationManagerV2: getOrCreateController obj = null, isProgressNotification = false
04-22 22:44:08.701 19648 19648 I NotificationListener: received notification posted event - tw.bluehomewu.devicemonitor#UserHandle{0},category=-1
04-22 22:44:08.702  4994  4994 W LocaleConfig: The resource file pointed to by the given resource ID isn't found.
04-22 22:44:08.720  3874  4545 W LocaleConfig: The resource file pointed to by the given resource ID isn't found.
04-22 22:44:08.721  3874  4545 W LocaleConfig: The resource file pointed to by the given resource ID isn't found.
04-22 22:44:08.728  1995 12597 I SnapAlloc: Using graphics libs for alignment calculations
04-22 22:44:08.743  3874  4545 W HWUI    : Image decoding logging dropped!
04-22 22:44:08.747  1995 12597 I SnapAlloc: Using graphics libs for alignment calculations
04-22 22:44:08.751  3874  4545 W HWUI    : Image decoding logging dropped!
04-22 22:44:08.783 32327  8315 D AlertNotificationMgr: йќћдё»иЈќзЅ®пјЊз•ҐйЃЋйЂљзџҐпјљA069P
04-22 22:44:08.784 32327  8315 D RealtimeRepository: UPDATE: A069P
04-22 22:44:07.497     0     0 E [    C2] [soft_i][0xaac1cd2b61e][14: 44:10.828136] qca6750: [0:E:QDF] htc_rx_completion_handler: Received initial wake up
04-22 22:44:07.498  7616  7616 I [kworke][0xaac1cd2d554][14:44:10.828552] qca6750: [7616:I:PMO] pmo_core_psoc_send_host_wakeup_ind_to_fw: Host wakeup indication sent to fw
04-22 22:44:07.500     0     0 I [    C2] [soft_i][0xaac1cd39203][14: 44:10.831068] qca6750: [0:I:WMA] WLAN triggered wakeup: BPF_ALLOW (39), vdev: 0 (STA)
04-22 22:44:07.500     0     0 I [    C2] [soft_i][0xaac1cd3a565][14: 44:10.831326] qca6750: [0:I:WMA] wma_wake_event_packet: Wake event packet:
04-22 22:44:11.569  2962  4062 D NtMemoryManager: com.google.android.googlequicksearchbox last pss: 178924
04-22 22:44:11.569  2962  4062 D NtMemoryManager: com.android.settings last pss: 414892
04-22 22:44:11.569  2962  4062 D NtMemoryManager: com.nothing.camera last pss: 523076
04-22 22:44:08.316     0     0 E [    C2] [soft_i][0xaac1dc2a17f][14: 44:11.647061] qca6750: [0:E:QDF] htc_rx_completion_handler: Received initial wake up
04-22 22:44:08.316  7616  7616 I [kworke][0xaac1dc2beea][14:44:11.647453] qca6750: [7616:I:PMO] pmo_core_psoc_send_host_wakeup_ind_to_fw: Host wakeup indication sent to fw
04-22 22:44:08.319     0     0 I [    C2] [soft_i][0xaac1dc37ad4][14: 44:11.649959] qca6750: [0:I:WMA] WLAN triggered wakeup: BPF_ALLOW (39), vdev: 0 (STA)
04-22 22:44:08.319     0     0 I [    C2] [soft_i][0xaac1dc39f92][14: 44:11.650448] qca6750: [0:I:WMA] wma_wake_event_packet: Wake event packet:
04-22 22:44:11.659 32327  7635 D AlertNotificationMgr: йќћдё»иЈќзЅ®пјЊз•ҐйЃЋйЂљзџҐпјљA142
04-22 22:44:11.659 32327  7635 D RealtimeRepository: UPDATE: A142
04-22 22:44:11.955 32327  6564 I Supabase-Realtime: Heartbeat received
04-22 22:44:09.750     0     0 E [    C0] [soft_i][0xaac1f669dfc][14: 44:13.080614] qca6750: [0:E:QDF] htc_rx_completion_handler: Received initial wake up
04-22 22:44:09.751  5053  5053 I [kworke][0xaac1f66e5b5][14:44:13.081570] qca6750: [5053:I:PMO] pmo_core_psoc_send_host_wakeup_ind_to_fw: Host wakeup indication sent to fw
04-22 22:44:09.753     0     0 I [    C0] [soft_i][0xaac1f67976f][14: 44:13.083940] qca6750: [0:I:WMA] WLAN triggered wakeup: BPF_ALLOW (39), vdev: 0 (STA)
04-22 22:44:09.753     0     0 I [    C0] [soft_i][0xaac1f67b0ac][14: 44:13.084276] qca6750: [0:I:WMA] wma_wake_event_packet: Wake event packet:
04-22 22:44:13.093 32327  4821 D AlertNotificationMgr: йќћдё»иЈќзЅ®пјЊз•ҐйЃЋйЂљзџҐпјљA065
04-22 22:44:13.093 32327  4821 D RealtimeRepository: UPDATE: A065
04-22 22:44:14.780  4173  4487 D EuiccConnector: handleMessage: E msg.what=3
04-22 22:44:14.780  4173  4487 D EuiccConnector: processMsg: ConnectedState
04-22 22:44:14.784  2017  2017 I vendor.qti.hardware.servicetrackeraidl-service: unbindService is called for service : com.google.android.euicc/com.android.euicc.service.EuiccServiceImpl and for client com.android.phone
04-22 22:44:14.785  2017  2017 I vendor.qti.hardware.servicetrackeraidl-service: size of service connections for service: com.google.android.euicc/com.android.euicc.service.EuiccServiceImplafter removal is 0
04-22 22:44:14.787  2017  2017 I vendor.qti.hardware.servicetrackeraidl-service: size of client connections for client: com.android.phoneafter removal is 9
04-22 22:44:14.787  2017  2017 I vendor.qti.hardware.servicetrackeraidl-service: destroyService is called for service : com.google.android.euicc/com.android.euicc.service.EuiccServiceImpl
04-22 22:44:14.789 18595 18595 I EuiccGoogle: [2] EuiccServiceImpl.onDestroy: onDestroy: EuiccService on destroy.
04-22 22:44:14.797  2962  6458 W ProcessStats: Tracking association SourceState{658d19a com.google.android.gms.persistent/10187 BFgs #205434} whose proc state 4 is better than process ProcessState{90498c4 com.google.android.adservices.api/10279 pkg=com.google.android.adservices.api} proc state 8 (2 skipped)
04-22 22:44:14.799  4173  4487 D EuiccConnector: transitionTo: destState=AvailableState
04-22 22:44:14.800  4173  4487 D EuiccConnector: handleMessage: new destination call exit/enter
04-22 22:44:14.800  4173  4487 D EuiccConnector: setupTempStateStackWithStatesToEnter: X mTempStateStackCount=2,curStateInfo: null
04-22 22:44:14.801  4173  4487 D EuiccConnector: invokeExitMethods: ConnectedState
04-22 22:44:14.801  4173  4487 D EuiccConnector: invokeExitMethods: DisconnectedState
04-22 22:44:14.802  4173  4487 D EuiccConnector: moveTempStackToStateStack: i=1,j=0
04-22 22:44:14.803  4173  4487 D EuiccConnector: moveTempStackToStateStack: i=0,j=1
04-22 22:44:14.803  4173  4487 D EuiccConnector: moveTempStackToStateStack: X mStateStackTop=1,startingIndex=0,Top=AvailableState
04-22 22:44:14.803  4173  4487 D EuiccConnector: invokeEnterMethods: UnavailableState
04-22 22:44:14.803  4173  4487 D EuiccConnector: invokeEnterMethods: AvailableState
04-22 22:44:14.803  4173  4487 D EuiccConnector: handleMessage: X
04-22 22:44:13.334     0     0 E [    C2] [soft_i][0xaac23809dc0][14: 44:16.664611] qca6750: [0:E:QDF] htc_rx_completion_handler: Received initial wake up
04-22 22:44:13.334  7616  7616 I [kworke][0xaac2380bbdf][14:44:16.665012] qca6750: [7616:I:PMO] pmo_core_psoc_send_host_wakeup_ind_to_fw: Host wakeup indication sent to fw
04-22 22:44:13.337     0     0 I [    C2] [soft_i][0xaac23817611][14: 44:16.667495] qca6750: [0:I:WMA] WLAN triggered wakeup: BPF_ALLOW (39), vdev: 0 (STA)
04-22 22:44:13.337     0     0 I [    C2] [soft_i][0xaac23818d22][14: 44:16.667802] qca6750: [0:I:WMA] wma_wake_event_packet: Wake event packet:
04-22 22:44:16.676 32327  4821 D AlertNotificationMgr: йќћдё»иЈќзЅ®пјЊз•ҐйЃЋйЂљзџҐпјљASUS_AI2205_C
04-22 22:44:16.676 32327  4821 D RealtimeRepository: UPDATE: ASUS_AI2205_C
04-22 22:44:13.621  1885  1885 E healthd : soc_b:95, soc:65, soc_c:65, Vol:4085, Cur:442,chg_s:1,t_l:140,b_s:2,OffTlast:540,lcd_off:1,Vu:4708,Vw:0,pid:1885,brightness:0.000000,rmCap:3896
04-22 22:44:13.621  1885  1885 E healthd : battery l=65 v=4085 t=30.0 h=2 st=2 c=442210 fc=6005000 cc=6 chg=u
04-22 22:44:13.641  1885  1885 E healthd : soc_b:95, soc:65, soc_c:65, Vol:4087, Cur:477,chg_s:1,t_l:140,b_s:2,OffTlast:540,lcd_off:1,Vu:4709,Vw:0,pid:1885,brightness:0.000000,rmCap:3896
04-22 22:44:13.641  1885  1885 W HealthLoop: debug.tracing.screen_brightness:0.000000
04-22 22:44:17.961  2962  3542 I NtCharge: mLastBatteryCycleCount:6
04-22 22:44:17.973  2962  3542 D NtCharge:  currentTimeInDay: 20565 LastTimeInDay: 20481 diff: 84
04-22 22:44:14.637  1977  1977 E BATTERY_CHG: battery_health_show: end read batt_soh:100
04-22 22:44:14.650  1977  1977 E BATTERY_CHG: battery_health_show: end read batt_soh:100
04-22 22:44:15.484     0     0 E [    C2] [soft_i][0xaac25f6b296][14: 44:18.815289] qca6750: [0:E:QDF] htc_rx_completion_handler: Received initial wake up
04-22 22:44:15.485  7616  7616 I [kworke][0xaac25f6d03f][14:44:18.815684] qca6750: [7616:I:PMO] pmo_core_psoc_send_host_wakeup_ind_to_fw: Host wakeup indication sent to fw
04-22 22:44:15.487     0     0 I [    C2] [soft_i][0xaac25f783b0][14: 44:18.818077] qca6750: [0:I:WMA] WLAN triggered wakeup: BPF_ALLOW (39), vdev: 0 (STA)
04-22 22:44:15.487     0     0 I [    C2] [soft_i][0xaac25f79e7d][14: 44:18.818434] qca6750: [0:I:WMA] wma_wake_event_packet: Wake event packet:
04-22 22:44:18.825 32327  4821 D AlertNotificationMgr: йќћдё»иЈќзЅ®пјЊз•ҐйЃЋйЂљзџҐпјљA059P
04-22 22:44:18.825 32327  4821 D RealtimeRepository: UPDATE: A059P
04-22 22:44:19.025 32327  4821 D AlertNotificationMgr: йќћдё»иЈќзЅ®пјЊз•ҐйЃЋйЂљзџҐпјљA024
04-22 22:44:19.025 32327  4821 D RealtimeRepository: UPDATE: A024
04-22 22:44:19.128 32327  6564 D AlertNotificationMgr: йќћдё»иЈќзЅ®пјЊз•ҐйЃЋйЂљзџҐпјљASUSAI2501H
04-22 22:44:19.130 32327  6564 D RealtimeRepository: UPDATE: ASUSAI2501H
04-22 22:44:19.822  2962  3668 D InetDiagMessage: Destroyed 0 sockets, proto=IPPROTO_TCP, family=AF_INET, states=14
04-22 22:44:19.827  2962  3668 D InetDiagMessage: Destroyed 0 sockets, proto=IPPROTO_TCP, family=AF_INET6, states=14
04-22 22:44:19.827  2962  3668 D InetDiagMessage: Destroyed live tcp sockets for uids={10165} in 11ms
04-22 22:44:19.832  2962  3668 D InetDiagMessage: Destroyed 0 sockets, proto=IPPROTO_TCP, family=AF_INET, states=14
04-22 22:44:19.836  2962  3668 D InetDiagMessage: Destroyed 0 sockets, proto=IPPROTO_TCP, family=AF_INET6, states=14
04-22 22:44:19.836  2962  3668 D InetDiagMessage: Destroyed live tcp sockets for uids={20165} in 9ms
04-22 22:44:22.513  7763  7792 W HWUI    : Image decoding logging dropped!
04-22 22:44:22.513  7763  7792 W HWUI    : Image decoding logging dropped!
04-22 22:44:22.515  7763  7792 W HWUI    : Image decoding logging dropped!
04-22 22:44:19.787     0     0 E [    C1] [soft_i][0xaac2ae351fe][14: 44:23.118215] qca6750: [0:E:QDF] htc_rx_completion_handler: Received initial wake up
04-22 22:44:19.788 29987 29987 I [kworke][0xaac2ae372ff][14:44:23.118654] qca6750: [29987:I:PMO] pmo_core_psoc_send_host_wakeup_ind_to_fw: Host wakeup indication sent to fw
04-22 22:44:19.796     0     0 I [    C1] [soft_i][0xaac2ae5cd5c][14: 44:23.126686] qca6750: [0:I:WMA] WLAN triggered wakeup: BPF_ALLOW (39), vdev: 0 (STA)
04-22 22:44:19.796     0     0 I [    C1] [soft_i][0xaac2ae5e034][14: 44:23.126937] qca6750: [0:I:WMA] wma_wake_event_packet: Wake event packet:
04-22 22:44:23.287  2962  3077 W ActivityManager: Stopping service due to app idle: u0a321 -2m55s632ms org.telegram.messenger/.NotificationsService
04-22 22:44:23.289  2017  2017 I vendor.qti.hardware.servicetrackeraidl-service: destroyService is called for service : org.telegram.messenger/.NotificationsService
04-22 22:44:23.292 32327  6564 D DeviceMonitorService: еїѓи·і tick вЂ” wakeLockHeld=true, cachedUid=da90a378
04-22 22:44:23.297  2962  3067 I SensorService: checkAndReportAmbientLightSensorStateChangeLocked new 0 old 0 force 0
04-22 22:44:23.316  2962  3966 I ActivityManager: Killing 30209:com.instagram.barcelona/u0a318 (adj 995): empty #49
04-22 22:44:23.325  2016  2072 E PERFHAL-BOOSTCONFIG: PERFHAL-BOOSTCONFIG: GetBoostConfig() 1456: Not able to fetch object
04-22 22:44:23.329  1961  1979 I ANDR-PWR-OPT: GAMEPOWEROPT: sendEvents() 235: Start hint for app com.instagram.barcelona, hintID : 4243, hintID hex : 1093 value: 0
04-22 22:44:23.329  1961  1979 I ANDR-PWR-OPT: PowerAppClassifier: getAppType() 59: checking app [com.instagram.barcelona] is type 1
04-22 22:44:23.329  1961  1979 I ANDR-PWR-OPT: GAMEPOWEROPT: isGame() 359: com.instagram.barcelona is Game = 1
04-22 22:44:23.330  2962  3966 I ActivityManager: Killing 24672:com.instagram.android/u0a306 (adj 995): empty #50
04-22 22:44:19.999     1     1 I init    : processing action (vendor.change.cgroup=bg && vendor.change.cgroup.for.pid=*) from (/vendor/etc/init/vendor.qti.hardware.perf2-hal-service.rc:22)
04-22 22:44:20.011     1     1 I init    : processing action (vendor.change.cgroup=bg && vendor.change.cgroup.for.pid=*) from (/vendor/etc/init/vendor.qti.hardware.perf2-hal-service.rc:22)
04-22 22:44:23.337  2016  2072 E PERFHAL-BOOSTCONFIG: PERFHAL-BOOSTCONFIG: GetBoostConfig() 1456: Not able to fetch object
04-22 22:44:23.338  1961  1979 I ANDR-PWR-OPT: GAMEPOWEROPT: sendEvents() 235: Start hint for app com.instagram.android, hintID : 4243, hintID hex : 1093 value: 0
04-22 22:44:23.339  1961  1979 I ANDR-PWR-OPT: PowerAppClassifier: getAppType() 59: checking app [com.instagram.android] is type 1
04-22 22:44:23.339  1961  1979 I ANDR-PWR-OPT: GAMEPOWEROPT: isGame() 359: com.instagram.android is Game = 1
04-22 22:44:23.341 27946 27946 I Finsky  : [2] Memory trim requested to level 40
04-22 22:44:23.341 27946 27946 I Finsky  : [2] Flushing in-memory image cache
04-22 22:44:23.417  2962  3668 D ConnectivityService: releasing NetworkRequest [ REQUEST id=5119, [ Capabilities: INTERNET&NOT_RESTRICTED&TRUSTED&NOT_VCN_MANAGED&NOT_BANDWIDTH_CONSTRAINED Uid: 10318 RequestorUid: 10318 RequestorPkg: com.instagram.barcelona UnderlyingNetworks: Null] ] (release request)
04-22 22:44:23.418  2962  3080 I libprocessgroup: Removed cgroup /sys/fs/cgroup/apps/uid_10318/pid_30209
04-22 22:44:23.418  2962  3668 D ConnectivityService: releasing NetworkRequest [ REQUEST id=5122, [ Capabilities: INTERNET&NOT_RESTRICTED&TRUSTED&NOT_VCN_MANAGED&NOT_BANDWIDTH_CONSTRAINED Uid: 10318 RequestorUid: 10318 RequestorPkg: com.instagram.barcelona UnderlyingNetworks: Null] ] (release request)
04-22 22:44:23.419  2962  3668 D ConnectivityService: releasing NetworkRequest [ REQUEST id=5139, [ Capabilities: INTERNET&NOT_RESTRICTED&TRUSTED&NOT_VCN_MANAGED&NOT_BANDWIDTH_CONSTRAINED Uid: 10318 RequestorUid: 10318 RequestorPkg: com.instagram.barcelona UnderlyingNetworks: Null] ] (release request)
04-22 22:44:23.419  1788  1788 I Zygote  : Process 30209 exited due to signal 9 (Killed)
04-22 22:44:23.422  5421  5466 V OsAgent : broadcastSystemEvent - 7
04-22 22:44:23.423  2017  2017 I vendor.qti.hardware.servicetrackeraidl-service: killProcess is called for pid : 30209
04-22 22:44:23.423  1961  1979 I ANDR-PWR-OPT: GAMEPOWEROPT: sendEvents() 235: Start hint for app com.instagram.barcelona, hintID : 4243, hintID hex : 1093 value: 0
04-22 22:44:23.424  1961  1979 I ANDR-PWR-OPT: PowerAppClassifier: getAppType() 59: checking app [com.instagram.barcelona] is type 1
04-22 22:44:23.424  1961  1979 I ANDR-PWR-OPT: GAMEPOWEROPT: isGame() 359: com.instagram.barcelona is Game = 1
04-22 22:44:20.085  7642  7642 I binder  : undelivered transaction 36287850, process died.
04-22 22:44:20.085  7642  7642 I binder  : undelivered transaction 36301800, process died.
04-22 22:44:20.085  7642  7642 I binder  : undelivered transaction 36309843, process died.
04-22 22:44:20.085  7642  7642 I binder  : undelivered transaction 36319599, process died.
04-22 22:44:20.085  7642  7642 I binder  : undelivered transaction 36332534, process died.
04-22 22:44:20.085  7642  7642 I binder  : undelivered transaction 36336938, process died.
04-22 22:44:20.085  7642  7642 I binder  : undelivered transaction 36349080, process died.
04-22 22:44:20.085  7642  7642 I binder  : undelivered transaction 36353246, process died.
04-22 22:44:20.085  7642  7642 I binder  : undelivered transaction 36367954, process died.
04-22 22:44:20.085  7642  7642 I binder  : undelivered transaction 36370001, process died.
04-22 22:44:23.446  2962  3080 I libprocessgroup: Removed cgroup /sys/fs/cgroup/apps/uid_10306/pid_24672
04-22 22:44:23.447  1788  1788 I Zygote  : Process 24672 exited due to signal 9 (Killed)
04-22 22:44:23.449  2962  3668 D ConnectivityService: releasing NetworkRequest [ REQUEST id=5053, [ Capabilities: INTERNET&NOT_RESTRICTED&TRUSTED&NOT_VCN_MANAGED&NOT_BANDWIDTH_CONSTRAINED Uid: 10306 RequestorUid: 10306 RequestorPkg: com.instagram.android UnderlyingNetworks: Null] ] (release request)
04-22 22:44:23.449  2962  3668 D ConnectivityService: releasing NetworkRequest [ REQUEST id=5055, [ Capabilities: INTERNET&NOT_RESTRICTED&TRUSTED&NOT_VCN_MANAGED&NOT_BANDWIDTH_CONSTRAINED Uid: 10306 RequestorUid: 10306 RequestorPkg: com.instagram.android UnderlyingNetworks: Null] ] (release request)
04-22 22:44:23.451  2017  2017 I vendor.qti.hardware.servicetrackeraidl-service: killProcess is called for pid : 24672
04-22 22:44:23.451  2017  2017 I vendor.qti.hardware.servicetrackeraidl-service: process with pid 24672 is service
04-22 22:44:23.451  2017  2017 I vendor.qti.hardware.servicetrackeraidl-service: size of client connections for client: com.instagram.androidafter removal is 1
04-22 22:44:23.451  2017  2017 I vendor.qti.hardware.servicetrackeraidl-service: process with pid 24672 is service
04-22 22:44:23.451  2017  2017 I vendor.qti.hardware.servicetrackeraidl-service: size of client connections for client: com.instagram.androidafter removal is 0
04-22 22:44:23.451  2017  2017 I vendor.qti.hardware.servicetrackeraidl-service: process with pid 24672 is client
